Archive member included to satisfy reference by file (symbol)

/home/arthurdent/Programs/gcc-arm-none-eabi-6-2017-q1-update/bin/../lib/gcc/arm-none-eabi/6.3.1/../../../../arm-none-eabi/lib/thumb/v6-m/libc_nano.a(lib_a-exit.o)
                              /home/arthurdent/Programs/gcc-arm-none-eabi-6-2017-q1-update/bin/../lib/gcc/arm-none-eabi/6.3.1/../../../../arm-none-eabi/lib/thumb/v6-m/crt0.o (exit)
/home/arthurdent/Programs/gcc-arm-none-eabi-6-2017-q1-update/bin/../lib/gcc/arm-none-eabi/6.3.1/../../../../arm-none-eabi/lib/thumb/v6-m/libc_nano.a(lib_a-impure.o)
                              /home/arthurdent/Programs/gcc-arm-none-eabi-6-2017-q1-update/bin/../lib/gcc/arm-none-eabi/6.3.1/../../../../arm-none-eabi/lib/thumb/v6-m/libc_nano.a(lib_a-exit.o) (_global_impure_ptr)
/home/arthurdent/Programs/gcc-arm-none-eabi-6-2017-q1-update/bin/../lib/gcc/arm-none-eabi/6.3.1/../../../../arm-none-eabi/lib/thumb/v6-m/libc_nano.a(lib_a-init.o)
                              /home/arthurdent/Programs/gcc-arm-none-eabi-6-2017-q1-update/bin/../lib/gcc/arm-none-eabi/6.3.1/../../../../arm-none-eabi/lib/thumb/v6-m/crt0.o (__libc_init_array)
/home/arthurdent/Programs/gcc-arm-none-eabi-6-2017-q1-update/bin/../lib/gcc/arm-none-eabi/6.3.1/../../../../arm-none-eabi/lib/thumb/v6-m/libc_nano.a(lib_a-memset.o)
                              /home/arthurdent/Programs/gcc-arm-none-eabi-6-2017-q1-update/bin/../lib/gcc/arm-none-eabi/6.3.1/../../../../arm-none-eabi/lib/thumb/v6-m/crt0.o (memset)
/home/arthurdent/Programs/gcc-arm-none-eabi-6-2017-q1-update/bin/../lib/gcc/arm-none-eabi/6.3.1/../../../../arm-none-eabi/lib/thumb/v6-m/libnosys.a(_exit.o)
                              /home/arthurdent/Programs/gcc-arm-none-eabi-6-2017-q1-update/bin/../lib/gcc/arm-none-eabi/6.3.1/../../../../arm-none-eabi/lib/thumb/v6-m/libc_nano.a(lib_a-exit.o) (_exit)
/home/arthurdent/Programs/gcc-arm-none-eabi-6-2017-q1-update/bin/../lib/gcc/arm-none-eabi/6.3.1/thumb/v6-m/libgcc.a(_udivsi3.o)
                              build/stm32f0xx_hal_rcc.o (__aeabi_uidiv)
/home/arthurdent/Programs/gcc-arm-none-eabi-6-2017-q1-update/bin/../lib/gcc/arm-none-eabi/6.3.1/thumb/v6-m/libgcc.a(_dvmd_tls.o)
                              /home/arthurdent/Programs/gcc-arm-none-eabi-6-2017-q1-update/bin/../lib/gcc/arm-none-eabi/6.3.1/thumb/v6-m/libgcc.a(_udivsi3.o) (__aeabi_idiv0)

Allocating common symbols
Common symbol       size              file

hi2c1               0x4c              build/main.o
uwTick              0x4               build/stm32f0xx_hal.o
pFlash              0x20              build/stm32f0xx_hal_flash.o
huart1              0x70              build/main.o
hrtc                0x20              build/main.o
htim1               0x40              build/main.o
hwwdg               0x14              build/main.o
htim14              0x40              build/main.o
hadc                0x4c              build/main.o
htim16              0x40              build/main.o

Discarded input sections

 .text          0x0000000000000000        0x0 /home/arthurdent/Programs/gcc-arm-none-eabi-6-2017-q1-update/bin/../lib/gcc/arm-none-eabi/6.3.1/thumb/v6-m/crti.o
 .data          0x0000000000000000        0x0 /home/arthurdent/Programs/gcc-arm-none-eabi-6-2017-q1-update/bin/../lib/gcc/arm-none-eabi/6.3.1/thumb/v6-m/crti.o
 .bss           0x0000000000000000        0x0 /home/arthurdent/Programs/gcc-arm-none-eabi-6-2017-q1-update/bin/../lib/gcc/arm-none-eabi/6.3.1/thumb/v6-m/crti.o
 .data          0x0000000000000000        0x4 /home/arthurdent/Programs/gcc-arm-none-eabi-6-2017-q1-update/bin/../lib/gcc/arm-none-eabi/6.3.1/thumb/v6-m/crtbegin.o
 .text          0x0000000000000000       0x78 /home/arthurdent/Programs/gcc-arm-none-eabi-6-2017-q1-update/bin/../lib/gcc/arm-none-eabi/6.3.1/../../../../arm-none-eabi/lib/thumb/v6-m/crt0.o
 .data          0x0000000000000000        0x0 /home/arthurdent/Programs/gcc-arm-none-eabi-6-2017-q1-update/bin/../lib/gcc/arm-none-eabi/6.3.1/../../../../arm-none-eabi/lib/thumb/v6-m/crt0.o
 .bss           0x0000000000000000        0x0 /home/arthurdent/Programs/gcc-arm-none-eabi-6-2017-q1-update/bin/../lib/gcc/arm-none-eabi/6.3.1/../../../../arm-none-eabi/lib/thumb/v6-m/crt0.o
 .ARM.extab     0x0000000000000000        0x0 /home/arthurdent/Programs/gcc-arm-none-eabi-6-2017-q1-update/bin/../lib/gcc/arm-none-eabi/6.3.1/../../../../arm-none-eabi/lib/thumb/v6-m/crt0.o
 .ARM.exidx     0x0000000000000000        0x8 /home/arthurdent/Programs/gcc-arm-none-eabi-6-2017-q1-update/bin/../lib/gcc/arm-none-eabi/6.3.1/../../../../arm-none-eabi/lib/thumb/v6-m/crt0.o
 .ARM.attributes
                0x0000000000000000       0x1b /home/arthurdent/Programs/gcc-arm-none-eabi-6-2017-q1-update/bin/../lib/gcc/arm-none-eabi/6.3.1/../../../../arm-none-eabi/lib/thumb/v6-m/crt0.o
 .text          0x0000000000000000        0x0 build/stm32f0xx_hal_uart_ex.o
 .data          0x0000000000000000        0x0 build/stm32f0xx_hal_uart_ex.o
[...]
Memory Configuration

Name             Origin             Length             Attributes
RAM              0x0000000020000000 0x0000000000001000 xrw
FLASH            0x0000000008000000 0x0000000000008000 xr
*default*        0x0000000000000000 0xffffffffffffffff

Linker script and memory map

LOAD /home/arthurdent/Programs/gcc-arm-none-eabi-6-2017-q1-update/bin/../lib/gcc/arm-none-eabi/6.3.1/thumb/v6-m/crti.o
LOAD /home/arthurdent/Programs/gcc-arm-none-eabi-6-2017-q1-update/bin/../lib/gcc/arm-none-eabi/6.3.1/thumb/v6-m/crtbegin.o
LOAD /home/arthurdent/Programs/gcc-arm-none-eabi-6-2017-q1-update/bin/../lib/gcc/arm-none-eabi/6.3.1/../../../../arm-none-eabi/lib/thumb/v6-m/crt0.o
LOAD build/stm32f0xx_hal_uart_ex.o
LOAD build/stm32f0xx_hal_tim_ex.o
LOAD build/stm32f0xx_hal_cortex.o
LOAD build/stm32f0xx_hal_rcc.o
LOAD build/system_stm32f0xx.o
LOAD build/stm32f0xx_hal_gpio.o
LOAD build/stm32f0xx_hal_uart.o
LOAD build/stm32f0xx_hal_flash_ex.o
LOAD build/stm32f0xx_hal.o
LOAD build/stm32f0xx_hal_pwr.o
LOAD build/stm32f0xx_hal_i2c_ex.o
LOAD build/stm32f0xx_hal_i2c.o
LOAD build/stm32f0xx_hal_adc_ex.o
LOAD build/stm32f0xx_hal_msp.o
LOAD build/stm32f0xx_hal_dma.o
LOAD build/stm32f0xx_hal_pwr_ex.o
LOAD build/stm32f0xx_hal_rcc_ex.o
LOAD build/stm32f0xx_hal_rtc.o
LOAD build/stm32f0xx_hal_flash.o
LOAD build/stm32f0xx_it.o
LOAD build/stm32f0xx_hal_adc.o
LOAD build/stm32f0xx_hal_wwdg.o
LOAD build/main.o
LOAD build/stm32f0xx_hal_rtc_ex.o
LOAD build/stm32f0xx_hal_tim.o
LOAD build/startup_stm32f030x6.o
LOAD /home/arthurdent/Programs/gcc-arm-none-eabi-6-2017-q1-update/bin/../lib/gcc/arm-none-eabi/6.3.1/../../../../arm-none-eabi/lib/thumb/v6-m/libc_nano.a
LOAD /home/arthurdent/Programs/gcc-arm-none-eabi-6-2017-q1-update/bin/../lib/gcc/arm-none-eabi/6.3.1/../../../../arm-none-eabi/lib/thumb/v6-m/libm.a
LOAD /home/arthurdent/Programs/gcc-arm-none-eabi-6-2017-q1-update/bin/../lib/gcc/arm-none-eabi/6.3.1/../../../../arm-none-eabi/lib/thumb/v6-m/libnosys.a
START GROUP
LOAD /home/arthurdent/Programs/gcc-arm-none-eabi-6-2017-q1-update/bin/../lib/gcc/arm-none-eabi/6.3.1/thumb/v6-m/libgcc.a
LOAD /home/arthurdent/Programs/gcc-arm-none-eabi-6-2017-q1-update/bin/../lib/gcc/arm-none-eabi/6.3.1/../../../../arm-none-eabi/lib/thumb/v6-m/libc_nano.a
END GROUP
START GROUP
LOAD /home/arthurdent/Programs/gcc-arm-none-eabi-6-2017-q1-update/bin/../lib/gcc/arm-none-eabi/6.3.1/thumb/v6-m/libgcc.a
LOAD /home/arthurdent/Programs/gcc-arm-none-eabi-6-2017-q1-update/bin/../lib/gcc/arm-none-eabi/6.3.1/../../../../arm-none-eabi/lib/thumb/v6-m/libc_nano.a
END GROUP
LOAD /home/arthurdent/Programs/gcc-arm-none-eabi-6-2017-q1-update/bin/../lib/gcc/arm-none-eabi/6.3.1/thumb/v6-m/crtend.o
LOAD /home/arthurdent/Programs/gcc-arm-none-eabi-6-2017-q1-update/bin/../lib/gcc/arm-none-eabi/6.3.1/thumb/v6-m/crtn.o
                0x0000000020001000                _estack = 0x20001000
                0x0000000000000200                _Min_Heap_Size = 0x200
                0x0000000000000400                _Min_Stack_Size = 0x400

.isr_vector     0x0000000008000000       0xc0
                0x0000000008000000                . = ALIGN (0x4)
 *(.isr_vector)
 .isr_vector    0x0000000008000000       0xc0 build/startup_stm32f030x6.o
                0x0000000008000000                g_pfnVectors
                0x00000000080000c0                . = ALIGN (0x4)

.text           0x00000000080000c0     0x21d8
                0x00000000080000c0                . = ALIGN (0x4)
 *(.text)
 .text          0x00000000080000c0       0x60 /home/arthurdent/Programs/gcc-arm-none-eabi-6-2017-q1-update/bin/../lib/gcc/arm-none-eabi/6.3.1/thumb/v6-m/crtbegin.o
 .text          0x0000000008000120      0x114 /home/arthurdent/Programs/gcc-arm-none-eabi-6-2017-q1-update/bin/../lib/gcc/arm-none-eabi/6.3.1/thumb/v6-m/libgcc.a(_udivsi3.o)
                0x0000000008000120                __udivsi3
                0x0000000008000120                __aeabi_uidiv
                0x000000000800022c                __aeabi_uidivmod
 .text          0x0000000008000234        0x4 /home/arthurdent/Programs/gcc-arm-none-eabi-6-2017-q1-update/bin/../lib/gcc/arm-none-eabi/6.3.1/thumb/v6-m/libgcc.a(_dvmd_tls.o)
                0x0000000008000234                __aeabi_ldiv0
                0x0000000008000234                __aeabi_idiv0
 *(.text*)
 .text.HAL_TIMEx_MasterConfigSynchronization
                0x0000000008000238       0x4c build/stm32f0xx_hal_tim_ex.o
                0x0000000008000238                HAL_TIMEx_MasterConfigSynchronization
 .text.HAL_TIMEx_ConfigBreakDeadTime
                0x0000000008000284       0x7c build/stm32f0xx_hal_tim_ex.o
                0x0000000008000284                HAL_TIMEx_ConfigBreakDeadTime
 .text.HAL_NVIC_SetPriority
                0x0000000008000300       0x64 build/stm32f0xx_hal_cortex.o
                0x0000000008000300                HAL_NVIC_SetPriority
 .text.HAL_SYSTICK_Config
                0x0000000008000364       0x38 build/stm32f0xx_hal_cortex.o
                0x0000000008000364                HAL_SYSTICK_Config
 .text.HAL_SYSTICK_CLKSourceConfig
                0x000000000800039c       0x20 build/stm32f0xx_hal_cortex.o
                0x000000000800039c                HAL_SYSTICK_CLKSourceConfig
 .text.HAL_SYSTICK_Callback
                0x00000000080003bc        0x2 build/stm32f0xx_hal_cortex.o
                0x00000000080003bc                HAL_SYSTICK_Callback
 .text.HAL_SYSTICK_IRQHandler
                0x00000000080003be        0x8 build/stm32f0xx_hal_cortex.o
                0x00000000080003be                HAL_SYSTICK_IRQHandler
 *fill*         0x00000000080003c6        0x2 
 .text.HAL_RCC_OscConfig
                0x00000000080003c8      0x44c build/stm32f0xx_hal_rcc.o
                0x00000000080003c8                HAL_RCC_OscConfig
 .text.HAL_RCC_GetSysClockFreq
                0x0000000008000814       0x6c build/stm32f0xx_hal_rcc.o
                0x0000000008000814                HAL_RCC_GetSysClockFreq
 .text.HAL_RCC_ClockConfig
                0x0000000008000880      0x154 build/stm32f0xx_hal_rcc.o
                0x0000000008000880                HAL_RCC_ClockConfig
 .text.HAL_RCC_GetHCLKFreq
                0x00000000080009d4        0xc build/stm32f0xx_hal_rcc.o
                0x00000000080009d4                HAL_RCC_GetHCLKFreq
 .text.HAL_RCC_GetPCLK1Freq
                0x00000000080009e0       0x20 build/stm32f0xx_hal_rcc.o
                0x00000000080009e0                HAL_RCC_GetPCLK1Freq
 .text.SystemInit
                0x0000000008000a00       0x60 build/system_stm32f0xx.o
                0x0000000008000a00                SystemInit
 .text.HAL_GPIO_Init
                0x0000000008000a60      0x18c build/stm32f0xx_hal_gpio.o
                0x0000000008000a60                HAL_GPIO_Init
 .text.HAL_GPIO_WritePin
                0x0000000008000bec        0xc build/stm32f0xx_hal_gpio.o
                0x0000000008000bec                HAL_GPIO_WritePin
 .text.UART_SetConfig
                0x0000000008000bf8      0x19c build/stm32f0xx_hal_uart.o
                0x0000000008000bf8                UART_SetConfig
 .text.UART_AdvFeatureConfig
                0x0000000008000d94       0xe0 build/stm32f0xx_hal_uart.o
                0x0000000008000d94                UART_AdvFeatureConfig
 .text.UART_CheckIdleState
                0x0000000008000e74       0x16 build/stm32f0xx_hal_uart.o
                0x0000000008000e74                UART_CheckIdleState
 *fill*         0x0000000008000e8a        0x2 
 .text.HAL_HalfDuplex_Init
                0x0000000008000e8c       0x70 build/stm32f0xx_hal_uart.o
                0x0000000008000e8c                HAL_HalfDuplex_Init
 .text.HAL_InitTick
                0x0000000008000efc       0x24 build/stm32f0xx_hal.o
                0x0000000008000efc                HAL_InitTick
 .text.HAL_Init
                0x0000000008000f20       0x20 build/stm32f0xx_hal.o
                0x0000000008000f20                HAL_Init
 .text.HAL_IncTick
                0x0000000008000f40       0x10 build/stm32f0xx_hal.o
                0x0000000008000f40                HAL_IncTick
 .text.HAL_GetTick
                0x0000000008000f50        0xc build/stm32f0xx_hal.o
                0x0000000008000f50                HAL_GetTick
 .text.HAL_I2CEx_ConfigAnalogFilter
                0x0000000008000f5c       0x58 build/stm32f0xx_hal_i2c_ex.o
                0x0000000008000f5c                HAL_I2CEx_ConfigAnalogFilter
 .text.HAL_I2CEx_ConfigDigitalFilter
                0x0000000008000fb4       0x54 build/stm32f0xx_hal_i2c_ex.o
                0x0000000008000fb4                HAL_I2CEx_ConfigDigitalFilter
 .text.HAL_I2C_Init
                0x0000000008001008       0xcc build/stm32f0xx_hal_i2c.o
                0x0000000008001008                HAL_I2C_Init
 .text.HAL_MspInit
                0x00000000080010d4       0x44 build/stm32f0xx_hal_msp.o
                0x00000000080010d4                HAL_MspInit
 .text.HAL_ADC_MspInit
                0x0000000008001118       0x44 build/stm32f0xx_hal_msp.o
                0x0000000008001118                HAL_ADC_MspInit
 .text.HAL_I2C_MspInit
                0x000000000800115c       0x50 build/stm32f0xx_hal_msp.o
                0x000000000800115c                HAL_I2C_MspInit
 .text.HAL_RTC_MspInit
                0x00000000080011ac       0x20 build/stm32f0xx_hal_msp.o
                0x00000000080011ac                HAL_RTC_MspInit
 .text.HAL_TIM_PWM_MspInit
                0x00000000080011cc       0x2c build/stm32f0xx_hal_msp.o
                0x00000000080011cc                HAL_TIM_PWM_MspInit
 .text.HAL_TIM_Base_MspInit
                0x00000000080011f8       0x4c build/stm32f0xx_hal_msp.o
                0x00000000080011f8                HAL_TIM_Base_MspInit
 .text.HAL_TIM_MspPostInit
                0x0000000008001244       0x84 build/stm32f0xx_hal_msp.o
                0x0000000008001244                HAL_TIM_MspPostInit
 .text.HAL_UART_MspInit
                0x00000000080012c8       0x4c build/stm32f0xx_hal_msp.o
                0x00000000080012c8                HAL_UART_MspInit
 .text.HAL_WWDG_MspInit
                0x0000000008001314       0x2c build/stm32f0xx_hal_msp.o
                0x0000000008001314                HAL_WWDG_MspInit
 .text.HAL_RCCEx_PeriphCLKConfig
                0x0000000008001340      0x118 build/stm32f0xx_hal_rcc_ex.o
                0x0000000008001340                HAL_RCCEx_PeriphCLKConfig
 .text.HAL_RTC_WaitForSynchro
                0x0000000008001458       0x32 build/stm32f0xx_hal_rtc.o
                0x0000000008001458                HAL_RTC_WaitForSynchro
 .text.RTC_EnterInitMode
                0x000000000800148a       0x3a build/stm32f0xx_hal_rtc.o
                0x000000000800148a                RTC_EnterInitMode
 .text.HAL_RTC_Init
                0x00000000080014c4       0xc4 build/stm32f0xx_hal_rtc.o
                0x00000000080014c4                HAL_RTC_Init
 .text.NMI_Handler
                0x0000000008001588        0x2 build/stm32f0xx_it.o
                0x0000000008001588                NMI_Handler
 .text.HardFault_Handler
                0x000000000800158a        0x2 build/stm32f0xx_it.o
                0x000000000800158a                HardFault_Handler
 .text.SVC_Handler
                0x000000000800158c        0x2 build/stm32f0xx_it.o
                0x000000000800158c                SVC_Handler
 .text.PendSV_Handler
                0x000000000800158e        0x2 build/stm32f0xx_it.o
                0x000000000800158e                PendSV_Handler
 .text.SysTick_Handler
                0x0000000008001590        0xc build/stm32f0xx_it.o
                0x0000000008001590                SysTick_Handler
 .text.HAL_ADC_Init
                0x000000000800159c      0x18c build/stm32f0xx_hal_adc.o
                0x000000000800159c                HAL_ADC_Init
 .text.HAL_ADC_ConfigChannel
                0x0000000008001728      0x134 build/stm32f0xx_hal_adc.o
                0x0000000008001728                HAL_ADC_ConfigChannel
 .text.HAL_WWDG_Init
                0x000000000800185c       0x2a build/stm32f0xx_hal_wwdg.o
                0x000000000800185c                HAL_WWDG_Init
 *fill*         0x0000000008001886        0x2 
 .text.MX_GPIO_Init
                0x0000000008001888       0x7c build/main.o
 .text._Error_Handler
                0x0000000008001904        0x2 build/main.o
                0x0000000008001904                _Error_Handler
 *fill*         0x0000000008001906        0x2 
 .text.MX_ADC_Init
                0x0000000008001908      0x12c build/main.o
 .text.MX_I2C1_Init
                0x0000000008001a34       0x70 build/main.o
 .text.MX_RTC_Init
                0x0000000008001aa4       0x3c build/main.o
 .text.MX_TIM1_Init
                0x0000000008001ae0       0xb4 build/main.o
 .text.MX_TIM14_Init
                0x0000000008001b94       0x78 build/main.o
 .text.MX_TIM16_Init
                0x0000000008001c0c       0xa8 build/main.o
 .text.MX_USART1_UART_Init
                0x0000000008001cb4       0x44 build/main.o
 .text.MX_WWDG_Init
                0x0000000008001cf8       0x40 build/main.o
 .text.SystemClock_Config
                0x0000000008001d38       0xac build/main.o
                0x0000000008001d38                SystemClock_Config
 .text.main     0x0000000008001de4       0x30 build/main.o
                0x0000000008001de4                main
 .text.TIM_OC1_SetConfig
                0x0000000008001e14       0x7c build/stm32f0xx_hal_tim.o
 .text.TIM_OC3_SetConfig
                0x0000000008001e90       0x8c build/stm32f0xx_hal_tim.o
 .text.TIM_OC4_SetConfig
                0x0000000008001f1c       0x6c build/stm32f0xx_hal_tim.o
 .text.TIM_Base_SetConfig
                0x0000000008001f88       0x88 build/stm32f0xx_hal_tim.o
                0x0000000008001f88                TIM_Base_SetConfig
 .text.HAL_TIM_Base_Init
                0x0000000008002010       0x34 build/stm32f0xx_hal_tim.o
                0x0000000008002010                HAL_TIM_Base_Init
 .text.HAL_TIM_PWM_Init
                0x0000000008002044       0x34 build/stm32f0xx_hal_tim.o
                0x0000000008002044                HAL_TIM_PWM_Init
 .text.TIM_OC2_SetConfig
                0x0000000008002078       0x80 build/stm32f0xx_hal_tim.o
                0x0000000008002078                TIM_OC2_SetConfig
 .text.HAL_TIM_PWM_ConfigChannel
                0x00000000080020f8       0xec build/stm32f0xx_hal_tim.o
                0x00000000080020f8                HAL_TIM_PWM_ConfigChannel
 .text.Reset_Handler
                0x00000000080021e4       0x50 build/startup_stm32f030x6.o
                0x00000000080021e4                Reset_Handler
 .text.Default_Handler
                0x0000000008002234        0x2 build/startup_stm32f030x6.o
                0x0000000008002234                TIM1_CC_IRQHandler
                0x0000000008002234                I2C1_IRQHandler
                0x0000000008002234                SPI1_IRQHandler
                0x0000000008002234                EXTI2_3_IRQHandler
                0x0000000008002234                ADC1_IRQHandler
                0x0000000008002234                TIM17_IRQHandler
                0x0000000008002234                RTC_IRQHandler
                0x0000000008002234                TIM16_IRQHandler
                0x0000000008002234                TIM3_IRQHandler
                0x0000000008002234                EXTI4_15_IRQHandler
                0x0000000008002234                RCC_IRQHandler
                0x0000000008002234                DMA1_Channel1_IRQHandler
                0x0000000008002234                Default_Handler
                0x0000000008002234                TIM14_IRQHandler
                0x0000000008002234                DMA1_Channel4_5_IRQHandler
                0x0000000008002234                EXTI0_1_IRQHandler
                0x0000000008002234                WWDG_IRQHandler
                0x0000000008002234                DMA1_Channel2_3_IRQHandler
                0x0000000008002234                FLASH_IRQHandler
                0x0000000008002234                USART1_IRQHandler
                0x0000000008002234                TIM1_BRK_UP_TRG_COM_IRQHandler
 *fill*         0x0000000008002236        0x2 
 .text.__libc_init_array
                0x0000000008002238       0x48 /home/arthurdent/Programs/gcc-arm-none-eabi-6-2017-q1-update/bin/../lib/gcc/arm-none-eabi/6.3.1/../../../../arm-none-eabi/lib/thumb/v6-m/libc_nano.a(lib_a-init.o)
                0x0000000008002238                __libc_init_array
 *(.glue_7)
 .glue_7        0x0000000008002280        0x0 linker stubs
 *(.glue_7t)
 .glue_7t       0x0000000008002280        0x0 linker stubs
 *(.eh_frame)
 .eh_frame      0x0000000008002280        0x0 /home/arthurdent/Programs/gcc-arm-none-eabi-6-2017-q1-update/bin/../lib/gcc/arm-none-eabi/6.3.1/thumb/v6-m/crtbegin.o
 *(.init)
 .init          0x0000000008002280        0x4 /home/arthurdent/Programs/gcc-arm-none-eabi-6-2017-q1-update/bin/../lib/gcc/arm-none-eabi/6.3.1/thumb/v6-m/crti.o
                0x0000000008002280                _init
 .init          0x0000000008002284        0x8 /home/arthurdent/Programs/gcc-arm-none-eabi-6-2017-q1-update/bin/../lib/gcc/arm-none-eabi/6.3.1/thumb/v6-m/crtn.o
 *(.fini)
 .fini          0x000000000800228c        0x4 /home/arthurdent/Programs/gcc-arm-none-eabi-6-2017-q1-update/bin/../lib/gcc/arm-none-eabi/6.3.1/thumb/v6-m/crti.o
                0x000000000800228c                _fini
 .fini          0x0000000008002290        0x8 /home/arthurdent/Programs/gcc-arm-none-eabi-6-2017-q1-update/bin/../lib/gcc/arm-none-eabi/6.3.1/thumb/v6-m/crtn.o
                0x0000000008002298                . = ALIGN (0x4)
                0x0000000008002298                _etext = .

.vfp11_veneer   0x0000000008002298        0x0
 .vfp11_veneer  0x0000000008002298        0x0 linker stubs

.v4_bx          0x0000000008002298        0x0
 .v4_bx         0x0000000008002298        0x0 linker stubs

.iplt           0x0000000008002298        0x0
 .iplt          0x0000000008002298        0x0 /home/arthurdent/Programs/gcc-arm-none-eabi-6-2017-q1-update/bin/../lib/gcc/arm-none-eabi/6.3.1/thumb/v6-m/crtbegin.o

.rodata         0x0000000008002298       0x44
                0x0000000008002298                . = ALIGN (0x4)
 *(.rodata)
 .rodata        0x0000000008002298       0x20 build/stm32f0xx_hal_rcc.o
 *(.rodata*)
 .rodata.AHBPrescTable
                0x00000000080022b8       0x10 build/system_stm32f0xx.o
                0x00000000080022b8                AHBPrescTable
 .rodata.APBPrescTable
                0x00000000080022c8        0x8 build/system_stm32f0xx.o
                0x00000000080022c8                APBPrescTable
 .rodata.MX_ADC_Init.str1.4
                0x00000000080022d0        0xc build/main.o
                                          0xb (size before relaxing)
                0x00000000080022dc                . = ALIGN (0x4)

.rel.dyn        0x00000000080022dc        0x0
 .rel.iplt      0x00000000080022dc        0x0 /home/arthurdent/Programs/gcc-arm-none-eabi-6-2017-q1-update/bin/../lib/gcc/arm-none-eabi/6.3.1/thumb/v6-m/crtbegin.o

.ARM.extab
 *(.ARM.extab* .gnu.linkonce.armextab.*)

.ARM            0x00000000080022dc        0x0
                0x00000000080022dc                __exidx_start = .
 *(.ARM.exidx*)
                0x00000000080022dc                __exidx_end = .

.preinit_array  0x00000000080022dc        0x0
                0x00000000080022dc                PROVIDE (__preinit_array_start, .)
 *(.preinit_array*)
                0x00000000080022dc                PROVIDE (__preinit_array_end, .)

.init_array     0x00000000080022dc        0x4
                0x00000000080022dc                PROVIDE (__init_array_start, .)
 *(SORT(.init_array.*))
 *(.init_array*)
 .init_array    0x00000000080022dc        0x4 /home/arthurdent/Programs/gcc-arm-none-eabi-6-2017-q1-update/bin/../lib/gcc/arm-none-eabi/6.3.1/thumb/v6-m/crtbegin.o
                0x00000000080022e0                PROVIDE (__init_array_end, .)

.fini_array     0x00000000080022e0        0x4
                [!provide]                        PROVIDE (__fini_array_start, .)
 *(SORT(.fini_array.*))
 *(.fini_array*)
 .fini_array    0x00000000080022e0        0x4 /home/arthurdent/Programs/gcc-arm-none-eabi-6-2017-q1-update/bin/../lib/gcc/arm-none-eabi/6.3.1/thumb/v6-m/crtbegin.o
                [!provide]                        PROVIDE (__fini_array_end, .)
                0x00000000080022e4                _sidata = LOADADDR (.data)

.data           0x0000000020000000        0x4 load address 0x00000000080022e4
                0x0000000020000000                . = ALIGN (0x4)
                0x0000000020000000                _sdata = .
 *(.data)
 *(.data*)
 .data.SystemCoreClock
                0x0000000020000000        0x4 build/system_stm32f0xx.o
                0x0000000020000000                SystemCoreClock
                0x0000000020000004                . = ALIGN (0x4)
                0x0000000020000004                _edata = .

.jcr            0x0000000020000004        0x0 load address 0x00000000080022e8
 .jcr           0x0000000020000004        0x0 /home/arthurdent/Programs/gcc-arm-none-eabi-6-2017-q1-update/bin/../lib/gcc/arm-none-eabi/6.3.1/thumb/v6-m/crtbegin.o

.igot.plt       0x0000000020000004        0x0 load address 0x00000000080022e8
 .igot.plt      0x0000000020000004        0x0 /home/arthurdent/Programs/gcc-arm-none-eabi-6-2017-q1-update/bin/../lib/gcc/arm-none-eabi/6.3.1/thumb/v6-m/crtbegin.o
                0x0000000020000004                . = ALIGN (0x4)

.bss            0x0000000020000004      0x21c load address 0x00000000080022e8
                0x0000000020000004                _sbss = .
                0x0000000020000004                __bss_start__ = _sbss
 *(.bss)
 .bss           0x0000000020000004       0x1c /home/arthurdent/Programs/gcc-arm-none-eabi-6-2017-q1-update/bin/../lib/gcc/arm-none-eabi/6.3.1/thumb/v6-m/crtbegin.o
 *(.bss*)
 *(COMMON)
 COMMON         0x0000000020000020        0x4 build/stm32f0xx_hal.o
                0x0000000020000020                uwTick
 COMMON         0x0000000020000024      0x1fc build/main.o
                0x0000000020000024                hi2c1
                0x0000000020000070                huart1
                0x00000000200000e0                hrtc
                0x0000000020000100                htim1
                0x0000000020000140                hwwdg
                0x0000000020000154                htim14
                0x0000000020000194                hadc
                0x00000000200001e0                htim16
                0x0000000020000220                . = ALIGN (0x4)
                0x0000000020000220                _ebss = .
                0x0000000020000220                __bss_end__ = _ebss

._user_heap_stack
                0x0000000020000220      0x600 load address 0x00000000080022e8
                0x0000000020000220                . = ALIGN (0x8)
                [!provide]                        PROVIDE (end, .)
                [!provide]                        PROVIDE (_end, .)
                0x0000000020000420                . = (. + _Min_Heap_Size)
 *fill*         0x0000000020000220      0x200 
                0x0000000020000820                . = (. + _Min_Stack_Size)
 *fill*         0x0000000020000420      0x400 
                0x0000000020000820                . = ALIGN (0x8)

/DISCARD/
 libc.a(*)
 libm.a(*)
 libgcc.a(*)

.ARM.attributes
                0x0000000000000000       0x28
 *(.ARM.attributes)
 .ARM.attributes
                0x0000000000000000       0x1e /home/arthurdent/Programs/gcc-arm-none-eabi-6-2017-q1-update/bin/../lib/gcc/arm-none-eabi/6.3.1/thumb/v6-m/crti.o
 .ARM.attributes
                0x000000000000001e       0x2c /home/arthurdent/Programs/gcc-arm-none-eabi-6-2017-q1-update/bin/../lib/gcc/arm-none-eabi/6.3.1/thumb/v6-m/crtbegin.o
 .ARM.attributes
                0x000000000000004a       0x31 build/stm32f0xx_hal_tim_ex.o
 .ARM.attributes
                0x000000000000007b       0x31 build/stm32f0xx_hal_cortex.o
 .ARM.attributes
                0x00000000000000ac       0x31 build/stm32f0xx_hal_rcc.o
 .ARM.attributes
                0x00000000000000dd       0x31 build/system_stm32f0xx.o
 .ARM.attributes
                0x000000000000010e       0x31 build/stm32f0xx_hal_gpio.o
 .ARM.attributes
                0x000000000000013f       0x31 build/stm32f0xx_hal_uart.o
 .ARM.attributes
                0x0000000000000170       0x31 build/stm32f0xx_hal.o
 .ARM.attributes
                0x00000000000001a1       0x31 build/stm32f0xx_hal_i2c_ex.o
 .ARM.attributes
                0x00000000000001d2       0x31 build/stm32f0xx_hal_i2c.o
 .ARM.attributes
                0x0000000000000203       0x31 build/stm32f0xx_hal_msp.o
 .ARM.attributes
                0x0000000000000234       0x31 build/stm32f0xx_hal_rcc_ex.o
 .ARM.attributes
                0x0000000000000265       0x31 build/stm32f0xx_hal_rtc.o
 .ARM.attributes
                0x0000000000000296       0x31 build/stm32f0xx_it.o
 .ARM.attributes
                0x00000000000002c7       0x31 build/stm32f0xx_hal_adc.o
 .ARM.attributes
                0x00000000000002f8       0x31 build/stm32f0xx_hal_wwdg.o
 .ARM.attributes
                0x0000000000000329       0x31 build/main.o
 .ARM.attributes
                0x000000000000035a       0x31 build/stm32f0xx_hal_tim.o
 .ARM.attributes
                0x000000000000038b       0x21 build/startup_stm32f030x6.o
 .ARM.attributes
                0x00000000000003ac       0x2c /home/arthurdent/Programs/gcc-arm-none-eabi-6-2017-q1-update/bin/../lib/gcc/arm-none-eabi/6.3.1/../../../../arm-none-eabi/lib/thumb/v6-m/libc_nano.a(lib_a-init.o)
 .ARM.attributes
                0x00000000000003d8       0x1e /home/arthurdent/Programs/gcc-arm-none-eabi-6-2017-q1-update/bin/../lib/gcc/arm-none-eabi/6.3.1/thumb/v6-m/libgcc.a(_udivsi3.o)
 .ARM.attributes
                0x00000000000003f6       0x1e /home/arthurdent/Programs/gcc-arm-none-eabi-6-2017-q1-update/bin/../lib/gcc/arm-none-eabi/6.3.1/thumb/v6-m/libgcc.a(_dvmd_tls.o)
 .ARM.attributes
                0x0000000000000414       0x1e /home/arthurdent/Programs/gcc-arm-none-eabi-6-2017-q1-update/bin/../lib/gcc/arm-none-eabi/6.3.1/thumb/v6-m/crtn.o
OUTPUT(build/ultrasonic_stm32.elf elf32-littlearm)

.debug_info     0x0000000000000000    0x1b832
 .debug_info    0x0000000000000000     0x1ccf build/stm32f0xx_hal_tim_ex.o
 .debug_info    0x0000000000001ccf     0x110c build/stm32f0xx_hal_cortex.o
 .debug_info    0x0000000000002ddb     0x12d6 build/stm32f0xx_hal_rcc.o
 .debug_info    0x00000000000040b1      0xb86 build/system_stm32f0xx.o
 .debug_info    0x0000000000004c37      0xfb6 build/stm32f0xx_hal_gpio.o
 .debug_info    0x0000000000005bed     0x228d build/stm32f0xx_hal_uart.o
 .debug_info    0x0000000000007e7a      0xfc2 build/stm32f0xx_hal.o
 .debug_info    0x0000000000008e3c     0x11d7 build/stm32f0xx_hal_i2c_ex.o
 .debug_info    0x000000000000a013     0x3c45 build/stm32f0xx_hal_i2c.o
 .debug_info    0x000000000000dc58     0x21f5 build/stm32f0xx_hal_msp.o
 .debug_info    0x000000000000fe4d      0xd2c build/stm32f0xx_hal_rcc_ex.o
 .debug_info    0x0000000000010b79     0x1673 build/stm32f0xx_hal_rtc.o
 .debug_info    0x00000000000121ec      0xa9e build/stm32f0xx_it.o
 .debug_info    0x0000000000012c8a     0x186a build/stm32f0xx_hal_adc.o
 .debug_info    0x00000000000144f4      0xc05 build/stm32f0xx_hal_wwdg.o
 .debug_info    0x00000000000150f9     0x2c26 build/main.o
 .debug_info    0x0000000000017d1f     0x3a8a build/stm32f0xx_hal_tim.o
 .debug_info    0x000000000001b7a9       0x89 build/startup_stm32f030x6.o

.debug_abbrev   0x0000000000000000     0x2e48
 .debug_abbrev  0x0000000000000000      0x2f4 build/stm32f0xx_hal_tim_ex.o
 .debug_abbrev  0x00000000000002f4      0x32c build/stm32f0xx_hal_cortex.o
 .debug_abbrev  0x0000000000000620      0x2e4 build/stm32f0xx_hal_rcc.o
 .debug_abbrev  0x0000000000000904      0x1e6 build/system_stm32f0xx.o
 .debug_abbrev  0x0000000000000aea      0x2bc build/stm32f0xx_hal_gpio.o
 .debug_abbrev  0x0000000000000da6      0x2df build/stm32f0xx_hal_uart.o
 .debug_abbrev  0x0000000000001085      0x2d7 build/stm32f0xx_hal.o
 .debug_abbrev  0x000000000000135c      0x245 build/stm32f0xx_hal_i2c_ex.o
 .debug_abbrev  0x00000000000015a1      0x327 build/stm32f0xx_hal_i2c.o
 .debug_abbrev  0x00000000000018c8      0x2d7 build/stm32f0xx_hal_msp.o
 .debug_abbrev  0x0000000000001b9f      0x285 build/stm32f0xx_hal_rcc_ex.o
 .debug_abbrev  0x0000000000001e24      0x2be build/stm32f0xx_hal_rtc.o
 .debug_abbrev  0x00000000000020e2      0x1d4 build/stm32f0xx_it.o
 .debug_abbrev  0x00000000000022b6      0x304 build/stm32f0xx_hal_adc.o
 .debug_abbrev  0x00000000000025ba      0x28c build/stm32f0xx_hal_wwdg.o
 .debug_abbrev  0x0000000000002846      0x2e4 build/main.o
 .debug_abbrev  0x0000000000002b2a      0x30c build/stm32f0xx_hal_tim.o
 .debug_abbrev  0x0000000000002e36       0x12 build/startup_stm32f030x6.o

.debug_loc      0x0000000000000000     0xea98
 .debug_loc     0x0000000000000000     0x14f7 build/stm32f0xx_hal_tim_ex.o
 .debug_loc     0x00000000000014f7      0x3d3 build/stm32f0xx_hal_cortex.o
 .debug_loc     0x00000000000018ca      0x525 build/stm32f0xx_hal_rcc.o
 .debug_loc     0x0000000000001def      0x12e build/system_stm32f0xx.o
 .debug_loc     0x0000000000001f1d      0x356 build/stm32f0xx_hal_gpio.o
 .debug_loc     0x0000000000002273     0x1ae6 build/stm32f0xx_hal_uart.o
 .debug_loc     0x0000000000003d59      0x108 build/stm32f0xx_hal.o
 .debug_loc     0x0000000000003e61      0x21f build/stm32f0xx_hal_i2c_ex.o
 .debug_loc     0x0000000000004080     0x420d build/stm32f0xx_hal_i2c.o
 .debug_loc     0x000000000000828d      0x42b build/stm32f0xx_hal_msp.o
 .debug_loc     0x00000000000086b8      0x38e build/stm32f0xx_hal_rcc_ex.o
 .debug_loc     0x0000000000008a46      0xd1b build/stm32f0xx_hal_rtc.o
 .debug_loc     0x0000000000009761       0x20 build/stm32f0xx_it.o
 .debug_loc     0x0000000000009781      0xe8a build/stm32f0xx_hal_adc.o
 .debug_loc     0x000000000000a60b       0xdd build/stm32f0xx_hal_wwdg.o
 .debug_loc     0x000000000000a6e8      0x1f6 build/main.o
 .debug_loc     0x000000000000a8de     0x41ba build/stm32f0xx_hal_tim.o

.debug_aranges  0x0000000000000000      0xef0
 .debug_aranges
                0x0000000000000000      0x140 build/stm32f0xx_hal_tim_ex.o
 .debug_aranges
                0x0000000000000140       0x78 build/stm32f0xx_hal_cortex.o
 .debug_aranges
                0x00000000000001b8       0x80 build/stm32f0xx_hal_rcc.o
 .debug_aranges
                0x0000000000000238       0x28 build/system_stm32f0xx.o
 .debug_aranges
                0x0000000000000260       0x58 build/stm32f0xx_hal_gpio.o
 .debug_aranges
                0x00000000000002b8      0x1d8 build/stm32f0xx_hal_uart.o
 .debug_aranges
                0x0000000000000490       0xb8 build/stm32f0xx_hal.o
 .debug_aranges
                0x0000000000000548       0x38 build/stm32f0xx_hal_i2c_ex.o
 .debug_aranges
                0x0000000000000580      0x260 build/stm32f0xx_hal_i2c.o
 .debug_aranges
                0x00000000000007e0       0x90 build/stm32f0xx_hal_msp.o
 .debug_aranges
                0x0000000000000870       0x30 build/stm32f0xx_hal_rcc_ex.o
 .debug_aranges
                0x00000000000008a0       0xb8 build/stm32f0xx_hal_rtc.o
 .debug_aranges
                0x0000000000000958       0x40 build/stm32f0xx_it.o
 .debug_aranges
                0x0000000000000998       0xf8 build/stm32f0xx_hal_adc.o
 .debug_aranges
                0x0000000000000a90       0x40 build/stm32f0xx_hal_wwdg.o
 .debug_aranges
                0x0000000000000ad0       0x80 build/main.o
 .debug_aranges
                0x0000000000000b50      0x378 build/stm32f0xx_hal_tim.o
 .debug_aranges
                0x0000000000000ec8       0x28 build/startup_stm32f030x6.o

.debug_ranges   0x0000000000000000      0xe50
 .debug_ranges  0x0000000000000000      0x130 build/stm32f0xx_hal_tim_ex.o
 .debug_ranges  0x0000000000000130       0xb0 build/stm32f0xx_hal_cortex.o
 .debug_ranges  0x00000000000001e0       0x88 build/stm32f0xx_hal_rcc.o
 .debug_ranges  0x0000000000000268       0x18 build/system_stm32f0xx.o
 .debug_ranges  0x0000000000000280       0x48 build/stm32f0xx_hal_gpio.o
 .debug_ranges  0x00000000000002c8      0x1c8 build/stm32f0xx_hal_uart.o
 .debug_ranges  0x0000000000000490       0xa8 build/stm32f0xx_hal.o
 .debug_ranges  0x0000000000000538       0x28 build/stm32f0xx_hal_i2c_ex.o
 .debug_ranges  0x0000000000000560      0x250 build/stm32f0xx_hal_i2c.o
 .debug_ranges  0x00000000000007b0       0x80 build/stm32f0xx_hal_msp.o
 .debug_ranges  0x0000000000000830       0x38 build/stm32f0xx_hal_rcc_ex.o
 .debug_ranges  0x0000000000000868       0xa8 build/stm32f0xx_hal_rtc.o
 .debug_ranges  0x0000000000000910       0x30 build/stm32f0xx_it.o
 .debug_ranges  0x0000000000000940       0xe8 build/stm32f0xx_hal_adc.o
 .debug_ranges  0x0000000000000a28       0x30 build/stm32f0xx_hal_wwdg.o
 .debug_ranges  0x0000000000000a58       0x70 build/main.o
 .debug_ranges  0x0000000000000ac8      0x368 build/stm32f0xx_hal_tim.o
 .debug_ranges  0x0000000000000e30       0x20 build/startup_stm32f030x6.o

.debug_line     0x0000000000000000     0x736c
 .debug_line    0x0000000000000000      0x85a build/stm32f0xx_hal_tim_ex.o
 .debug_line    0x000000000000085a      0x3a5 build/stm32f0xx_hal_cortex.o
 .debug_line    0x0000000000000bff      0x506 build/stm32f0xx_hal_rcc.o
 .debug_line    0x0000000000001105      0x232 build/system_stm32f0xx.o
 .debug_line    0x0000000000001337      0x3ba build/stm32f0xx_hal_gpio.o
 .debug_line    0x00000000000016f1      0xc52 build/stm32f0xx_hal_uart.o
 .debug_line    0x0000000000002343      0x406 build/stm32f0xx_hal.o
 .debug_line    0x0000000000002749      0x334 build/stm32f0xx_hal_i2c_ex.o
 .debug_line    0x0000000000002a7d     0x140c build/stm32f0xx_hal_i2c.o
 .debug_line    0x0000000000003e89      0x499 build/stm32f0xx_hal_msp.o
 .debug_line    0x0000000000004322      0x36b build/stm32f0xx_hal_rcc_ex.o
 .debug_line    0x000000000000468d      0x5e3 build/stm32f0xx_hal_rtc.o
 .debug_line    0x0000000000004c70      0x277 build/stm32f0xx_it.o
 .debug_line    0x0000000000004ee7      0x7d9 build/stm32f0xx_hal_adc.o
 .debug_line    0x00000000000056c0      0x2d0 build/stm32f0xx_hal_wwdg.o
 .debug_line    0x0000000000005990      0x542 build/main.o
 .debug_line    0x0000000000005ed2     0x1422 build/stm32f0xx_hal_tim.o
 .debug_line    0x00000000000072f4       0x78 build/startup_stm32f030x6.o

.debug_str      0x0000000000000000     0x4578
 .debug_str     0x0000000000000000      0xf4c build/stm32f0xx_hal_tim_ex.o
                                       0x1021 (size before relaxing)
 .debug_str     0x0000000000000f4c      0x386 build/stm32f0xx_hal_cortex.o
                                        0x9da (size before relaxing)
 .debug_str     0x00000000000012d2      0x3f1 build/stm32f0xx_hal_rcc.o
                                        0xa0d (size before relaxing)
 .debug_str     0x00000000000016c3       0x57 build/system_stm32f0xx.o
                                        0x65a (size before relaxing)
 .debug_str     0x000000000000171a      0x146 build/stm32f0xx_hal_gpio.o
                                        0x834 (size before relaxing)
 .debug_str     0x0000000000001860      0x88f build/stm32f0xx_hal_uart.o
                                       0x1182 (size before relaxing)
 .debug_str     0x00000000000020ef      0x1a0 build/stm32f0xx_hal.o
                                        0x9d2 (size before relaxing)
 .debug_str     0x000000000000228f      0x329 build/stm32f0xx_hal_i2c_ex.o
                                        0xbce (size before relaxing)
 .debug_str     0x00000000000025b8      0x797 build/stm32f0xx_hal_i2c.o
                                       0x1297 (size before relaxing)
 .debug_str     0x0000000000002d4f      0x396 build/stm32f0xx_hal_msp.o
                                       0x1507 (size before relaxing)
 .debug_str     0x00000000000030e5      0x124 build/stm32f0xx_hal_rcc_ex.o
                                        0x7d4 (size before relaxing)
 .debug_str     0x0000000000003209      0x295 build/stm32f0xx_hal_rtc.o
                                        0xa96 (size before relaxing)
 .debug_str     0x000000000000349e       0x5c build/stm32f0xx_it.o
                                        0x62f (size before relaxing)
 .debug_str     0x00000000000034fa      0x322 build/stm32f0xx_hal_adc.o
                                        0xcda (size before relaxing)
 .debug_str     0x000000000000381c       0x86 build/stm32f0xx_hal_wwdg.o
                                        0x6eb (size before relaxing)
 .debug_str     0x00000000000038a2      0x128 build/main.o
                                       0x199c (size before relaxing)
 .debug_str     0x00000000000039ca      0xbae build/stm32f0xx_hal_tim.o
                                       0x17af (size before relaxing)

.comment        0x0000000000000000       0x7f
 .comment       0x0000000000000000       0x7f build/stm32f0xx_hal_tim_ex.o
                                         0x80 (size before relaxing)
 .comment       0x000000000000007f       0x80 build/stm32f0xx_hal_cortex.o
 .comment       0x000000000000007f       0x80 build/stm32f0xx_hal_rcc.o
 .comment       0x000000000000007f       0x80 build/system_stm32f0xx.o
 .comment       0x000000000000007f       0x80 build/stm32f0xx_hal_gpio.o
 .comment       0x000000000000007f       0x80 build/stm32f0xx_hal_uart.o
 .comment       0x000000000000007f       0x80 build/stm32f0xx_hal.o
 .comment       0x000000000000007f       0x80 build/stm32f0xx_hal_i2c_ex.o
 .comment       0x000000000000007f       0x80 build/stm32f0xx_hal_i2c.o
 .comment       0x000000000000007f       0x80 build/stm32f0xx_hal_msp.o
 .comment       0x000000000000007f       0x80 build/stm32f0xx_hal_rcc_ex.o
 .comment       0x000000000000007f       0x80 build/stm32f0xx_hal_rtc.o
 .comment       0x000000000000007f       0x80 build/stm32f0xx_it.o
 .comment       0x000000000000007f       0x80 build/stm32f0xx_hal_adc.o
 .comment       0x000000000000007f       0x80 build/stm32f0xx_hal_wwdg.o
 .comment       0x000000000000007f       0x80 build/main.o
 .comment       0x000000000000007f       0x80 build/stm32f0xx_hal_tim.o

.debug_frame    0x0000000000000000     0x2c0c
 .debug_frame   0x0000000000000000      0x3f8 build/stm32f0xx_hal_tim_ex.o
 .debug_frame   0x00000000000003f8       0xec build/stm32f0xx_hal_cortex.o
 .debug_frame   0x00000000000004e4      0x14c build/stm32f0xx_hal_rcc.o
 .debug_frame   0x0000000000000630       0x3c build/system_stm32f0xx.o
 .debug_frame   0x000000000000066c       0xdc build/stm32f0xx_hal_gpio.o
 .debug_frame   0x0000000000000748      0x584 build/stm32f0xx_hal_uart.o
 .debug_frame   0x0000000000000ccc      0x184 build/stm32f0xx_hal.o
 .debug_frame   0x0000000000000e50       0x80 build/stm32f0xx_hal_i2c_ex.o
 .debug_frame   0x0000000000000ed0      0x894 build/stm32f0xx_hal_i2c.o
 .debug_frame   0x0000000000001764      0x16c build/stm32f0xx_hal_msp.o
 .debug_frame   0x00000000000018d0       0x60 build/stm32f0xx_hal_rcc_ex.o
 .debug_frame   0x0000000000001930      0x254 build/stm32f0xx_hal_rtc.o
 .debug_frame   0x0000000000001b84       0x6c build/stm32f0xx_it.o
 .debug_frame   0x0000000000001bf0      0x2f8 build/stm32f0xx_hal_adc.o
 .debug_frame   0x0000000000001ee8       0x78 build/stm32f0xx_hal_wwdg.o
 .debug_frame   0x0000000000001f60      0x17c build/main.o
 .debug_frame   0x00000000000020dc      0xae4 build/stm32f0xx_hal_tim.o
 .debug_frame   0x0000000000002bc0       0x2c /home/arthurdent/Programs/gcc-arm-none-eabi-6-2017-q1-update/bin/../lib/gcc/arm-none-eabi/6.3.1/../../../../arm-none-eabi/lib/thumb/v6-m/libc_nano.a(lib_a-init.o)
 .debug_frame   0x0000000000002bec       0x20 /home/arthurdent/Programs/gcc-arm-none-eabi-6-2017-q1-update/bin/../lib/gcc/arm-none-eabi/6.3.1/thumb/v6-m/libgcc.a(_udivsi3.o)

Cross Reference Table

Symbol                                            File
ADC1_IRQHandler                                   build/startup_stm32f030x6.o
AHBPrescTable                                     build/system_stm32f0xx.o
                                                  build/stm32f0xx_hal_rcc.o
APBPrescTable                                     build/system_stm32f0xx.o
                                                  build/stm32f0xx_hal_rcc.o
DMA1_Channel1_IRQHandler                          build/startup_stm32f030x6.o
DMA1_Channel2_3_IRQHandler                        build/startup_stm32f030x6.o
DMA1_Channel4_5_IRQHandler                        build/startup_stm32f030x6.o
Default_Handler                                   build/startup_stm32f030x6.o
EXTI0_1_IRQHandler                                build/startup_stm32f030x6.o
EXTI2_3_IRQHandler                                build/startup_stm32f030x6.o
EXTI4_15_IRQHandler                               build/startup_stm32f030x6.o
FLASH_IRQHandler                                  build/startup_stm32f030x6.o
FLASH_PageErase                                   build/stm32f0xx_hal_flash_ex.o
                                                  build/stm32f0xx_hal_flash.o
FLASH_WaitForLastOperation                        build/stm32f0xx_hal_flash.o
                                                  build/stm32f0xx_hal_flash_ex.o
HAL_ADCEx_Calibration_Start                       build/stm32f0xx_hal_adc_ex.o
HAL_ADC_AnalogWDGConfig                           build/stm32f0xx_hal_adc.o
HAL_ADC_ConfigChannel                             build/stm32f0xx_hal_adc.o
                                                  build/main.o
HAL_ADC_ConvCpltCallback                          build/stm32f0xx_hal_adc.o
HAL_ADC_ConvHalfCpltCallback                      build/stm32f0xx_hal_adc.o
HAL_ADC_DeInit                                    build/stm32f0xx_hal_adc.o
HAL_ADC_ErrorCallback                             build/stm32f0xx_hal_adc.o
HAL_ADC_GetError                                  build/stm32f0xx_hal_adc.o
HAL_ADC_GetState                                  build/stm32f0xx_hal_adc.o
HAL_ADC_GetValue                                  build/stm32f0xx_hal_adc.o
HAL_ADC_IRQHandler                                build/stm32f0xx_hal_adc.o
HAL_ADC_Init                                      build/stm32f0xx_hal_adc.o
                                                  build/main.o
HAL_ADC_LevelOutOfWindowCallback                  build/stm32f0xx_hal_adc.o
HAL_ADC_MspDeInit                                 build/stm32f0xx_hal_msp.o
HAL_ADC_MspInit                                   build/stm32f0xx_hal_msp.o
HAL_ADC_PollForConversion                         build/stm32f0xx_hal_adc.o
HAL_ADC_PollForEvent                              build/stm32f0xx_hal_adc.o
HAL_ADC_Start                                     build/stm32f0xx_hal_adc.o
HAL_ADC_Start_DMA                                 build/stm32f0xx_hal_adc.o
HAL_ADC_Start_IT                                  build/stm32f0xx_hal_adc.o
HAL_ADC_Stop                                      build/stm32f0xx_hal_adc.o
HAL_ADC_Stop_DMA                                  build/stm32f0xx_hal_adc.o
HAL_ADC_Stop_IT                                   build/stm32f0xx_hal_adc.o
HAL_DBGMCU_DisableDBGStandbyMode                  build/stm32f0xx_hal.o
HAL_DBGMCU_DisableDBGStopMode                     build/stm32f0xx_hal.o
HAL_DBGMCU_EnableDBGStandbyMode                   build/stm32f0xx_hal.o
HAL_DBGMCU_EnableDBGStopMode                      build/stm32f0xx_hal.o
HAL_DMA_Abort                                     build/stm32f0xx_hal_dma.o
                                                  build/stm32f0xx_hal_tim.o
                                                  build/stm32f0xx_hal_adc.o
                                                  build/stm32f0xx_hal_uart.o
HAL_DMA_Abort_IT                                  build/stm32f0xx_hal_dma.o
                                                  build/stm32f0xx_hal_i2c.o
                                                  build/stm32f0xx_hal_uart.o
HAL_DMA_DeInit                                    build/stm32f0xx_hal_dma.o
HAL_DMA_GetError                                  build/stm32f0xx_hal_dma.o
HAL_DMA_GetState                                  build/stm32f0xx_hal_dma.o
HAL_DMA_IRQHandler                                build/stm32f0xx_hal_dma.o
HAL_DMA_Init                                      build/stm32f0xx_hal_dma.o
HAL_DMA_PollForTransfer                           build/stm32f0xx_hal_dma.o
HAL_DMA_RegisterCallback                          build/stm32f0xx_hal_dma.o
HAL_DMA_Start                                     build/stm32f0xx_hal_dma.o
HAL_DMA_Start_IT                                  build/stm32f0xx_hal_dma.o
                                                  build/stm32f0xx_hal_tim.o
                                                  build/stm32f0xx_hal_adc.o
                                                  build/stm32f0xx_hal_i2c.o
                                                  build/stm32f0xx_hal_uart.o
                                                  build/stm32f0xx_hal_tim_ex.o
HAL_DMA_UnRegisterCallback                        build/stm32f0xx_hal_dma.o
HAL_DeInit                                        build/stm32f0xx_hal.o
HAL_Delay                                         build/stm32f0xx_hal.o
HAL_FLASHEx_Erase                                 build/stm32f0xx_hal_flash_ex.o
HAL_FLASHEx_Erase_IT                              build/stm32f0xx_hal_flash_ex.o
HAL_FLASHEx_OBErase                               build/stm32f0xx_hal_flash_ex.o
HAL_FLASHEx_OBGetConfig                           build/stm32f0xx_hal_flash_ex.o
HAL_FLASHEx_OBGetUserData                         build/stm32f0xx_hal_flash_ex.o
HAL_FLASHEx_OBProgram                             build/stm32f0xx_hal_flash_ex.o
HAL_FLASH_EndOfOperationCallback                  build/stm32f0xx_hal_flash.o
HAL_FLASH_GetError                                build/stm32f0xx_hal_flash.o
HAL_FLASH_IRQHandler                              build/stm32f0xx_hal_flash.o
HAL_FLASH_Lock                                    build/stm32f0xx_hal_flash.o
HAL_FLASH_OB_Launch                               build/stm32f0xx_hal_flash.o
HAL_FLASH_OB_Lock                                 build/stm32f0xx_hal_flash.o
HAL_FLASH_OB_Unlock                               build/stm32f0xx_hal_flash.o
HAL_FLASH_OperationErrorCallback                  build/stm32f0xx_hal_flash.o
HAL_FLASH_Program                                 build/stm32f0xx_hal_flash.o
HAL_FLASH_Program_IT                              build/stm32f0xx_hal_flash.o
HAL_FLASH_Unlock                                  build/stm32f0xx_hal_flash.o
HAL_GPIO_DeInit                                   build/stm32f0xx_hal_gpio.o
                                                  build/stm32f0xx_hal_msp.o
HAL_GPIO_EXTI_Callback                            build/stm32f0xx_hal_gpio.o
HAL_GPIO_EXTI_IRQHandler                          build/stm32f0xx_hal_gpio.o
HAL_GPIO_Init                                     build/stm32f0xx_hal_gpio.o
                                                  build/main.o
                                                  build/stm32f0xx_hal_msp.o
                                                  build/stm32f0xx_hal_rcc.o
HAL_GPIO_LockPin                                  build/stm32f0xx_hal_gpio.o
HAL_GPIO_ReadPin                                  build/stm32f0xx_hal_gpio.o
HAL_GPIO_TogglePin                                build/stm32f0xx_hal_gpio.o
HAL_GPIO_WritePin                                 build/stm32f0xx_hal_gpio.o
                                                  build/main.o
HAL_GetDEVID                                      build/stm32f0xx_hal.o
HAL_GetHalVersion                                 build/stm32f0xx_hal.o
HAL_GetREVID                                      build/stm32f0xx_hal.o
HAL_GetTick                                       build/stm32f0xx_hal.o
                                                  build/stm32f0xx_hal_rtc_ex.o
                                                  build/stm32f0xx_hal_adc.o
                                                  build/stm32f0xx_hal_flash.o
                                                  build/stm32f0xx_hal_rtc.o
                                                  build/stm32f0xx_hal_rcc_ex.o
                                                  build/stm32f0xx_hal_dma.o
                                                  build/stm32f0xx_hal_adc_ex.o
                                                  build/stm32f0xx_hal_i2c.o
                                                  build/stm32f0xx_hal_uart.o
                                                  build/stm32f0xx_hal_rcc.o
HAL_GetUIDw0                                      build/stm32f0xx_hal.o
HAL_GetUIDw1                                      build/stm32f0xx_hal.o
HAL_GetUIDw2                                      build/stm32f0xx_hal.o
HAL_HalfDuplex_EnableReceiver                     build/stm32f0xx_hal_uart.o
HAL_HalfDuplex_EnableTransmitter                  build/stm32f0xx_hal_uart.o
HAL_HalfDuplex_Init                               build/stm32f0xx_hal_uart.o
                                                  build/main.o
HAL_I2CEx_ConfigAnalogFilter                      build/stm32f0xx_hal_i2c_ex.o
                                                  build/main.o
HAL_I2CEx_ConfigDigitalFilter                     build/stm32f0xx_hal_i2c_ex.o
                                                  build/main.o
HAL_I2CEx_DisableFastModePlus                     build/stm32f0xx_hal_i2c_ex.o
HAL_I2CEx_EnableFastModePlus                      build/stm32f0xx_hal_i2c_ex.o
HAL_I2C_AbortCpltCallback                         build/stm32f0xx_hal_i2c.o
HAL_I2C_AddrCallback                              build/stm32f0xx_hal_i2c.o
HAL_I2C_DeInit                                    build/stm32f0xx_hal_i2c.o
HAL_I2C_DisableListen_IT                          build/stm32f0xx_hal_i2c.o
HAL_I2C_ER_IRQHandler                             build/stm32f0xx_hal_i2c.o
HAL_I2C_EV_IRQHandler                             build/stm32f0xx_hal_i2c.o
HAL_I2C_EnableListen_IT                           build/stm32f0xx_hal_i2c.o
HAL_I2C_ErrorCallback                             build/stm32f0xx_hal_i2c.o
HAL_I2C_GetError                                  build/stm32f0xx_hal_i2c.o
HAL_I2C_GetMode                                   build/stm32f0xx_hal_i2c.o
HAL_I2C_GetState                                  build/stm32f0xx_hal_i2c.o
HAL_I2C_Init                                      build/stm32f0xx_hal_i2c.o
                                                  build/main.o
HAL_I2C_IsDeviceReady                             build/stm32f0xx_hal_i2c.o
HAL_I2C_ListenCpltCallback                        build/stm32f0xx_hal_i2c.o
HAL_I2C_MasterRxCpltCallback                      build/stm32f0xx_hal_i2c.o
HAL_I2C_MasterTxCpltCallback                      build/stm32f0xx_hal_i2c.o
HAL_I2C_Master_Abort_IT                           build/stm32f0xx_hal_i2c.o
HAL_I2C_Master_Receive                            build/stm32f0xx_hal_i2c.o
HAL_I2C_Master_Receive_DMA                        build/stm32f0xx_hal_i2c.o
HAL_I2C_Master_Receive_IT                         build/stm32f0xx_hal_i2c.o
HAL_I2C_Master_Sequential_Receive_IT              build/stm32f0xx_hal_i2c.o
HAL_I2C_Master_Sequential_Transmit_IT             build/stm32f0xx_hal_i2c.o
HAL_I2C_Master_Transmit                           build/stm32f0xx_hal_i2c.o
HAL_I2C_Master_Transmit_DMA                       build/stm32f0xx_hal_i2c.o
HAL_I2C_Master_Transmit_IT                        build/stm32f0xx_hal_i2c.o
HAL_I2C_MemRxCpltCallback                         build/stm32f0xx_hal_i2c.o
HAL_I2C_MemTxCpltCallback                         build/stm32f0xx_hal_i2c.o
HAL_I2C_Mem_Read                                  build/stm32f0xx_hal_i2c.o
HAL_I2C_Mem_Read_DMA                              build/stm32f0xx_hal_i2c.o
HAL_I2C_Mem_Read_IT                               build/stm32f0xx_hal_i2c.o
HAL_I2C_Mem_Write                                 build/stm32f0xx_hal_i2c.o
HAL_I2C_Mem_Write_DMA                             build/stm32f0xx_hal_i2c.o
HAL_I2C_Mem_Write_IT                              build/stm32f0xx_hal_i2c.o
HAL_I2C_MspDeInit                                 build/stm32f0xx_hal_msp.o
                                                  build/stm32f0xx_hal_i2c.o
HAL_I2C_MspInit                                   build/stm32f0xx_hal_msp.o
                                                  build/stm32f0xx_hal_i2c.o
HAL_I2C_SlaveRxCpltCallback                       build/stm32f0xx_hal_i2c.o
HAL_I2C_SlaveTxCpltCallback                       build/stm32f0xx_hal_i2c.o
HAL_I2C_Slave_Receive                             build/stm32f0xx_hal_i2c.o
HAL_I2C_Slave_Receive_DMA                         build/stm32f0xx_hal_i2c.o
HAL_I2C_Slave_Receive_IT                          build/stm32f0xx_hal_i2c.o
HAL_I2C_Slave_Sequential_Receive_IT               build/stm32f0xx_hal_i2c.o
HAL_I2C_Slave_Sequential_Transmit_IT              build/stm32f0xx_hal_i2c.o
HAL_I2C_Slave_Transmit                            build/stm32f0xx_hal_i2c.o
HAL_I2C_Slave_Transmit_DMA                        build/stm32f0xx_hal_i2c.o
HAL_I2C_Slave_Transmit_IT                         build/stm32f0xx_hal_i2c.o
HAL_IncTick                                       build/stm32f0xx_hal.o
                                                  build/stm32f0xx_it.o
HAL_Init                                          build/stm32f0xx_hal.o
                                                  build/main.o
HAL_InitTick                                      build/stm32f0xx_hal.o
                                                  build/stm32f0xx_hal_rcc.o
HAL_MspDeInit                                     build/stm32f0xx_hal.o
HAL_MspInit                                       build/stm32f0xx_hal_msp.o
                                                  build/stm32f0xx_hal.o
HAL_MultiProcessorEx_AddressLength_Set            build/stm32f0xx_hal_uart_ex.o
HAL_MultiProcessor_DisableMuteMode                build/stm32f0xx_hal_uart.o
HAL_MultiProcessor_EnableMuteMode                 build/stm32f0xx_hal_uart.o
HAL_MultiProcessor_EnterMuteMode                  build/stm32f0xx_hal_uart.o
HAL_MultiProcessor_Init                           build/stm32f0xx_hal_uart.o
HAL_NVIC_ClearPendingIRQ                          build/stm32f0xx_hal_cortex.o
HAL_NVIC_DisableIRQ                               build/stm32f0xx_hal_cortex.o
HAL_NVIC_EnableIRQ                                build/stm32f0xx_hal_cortex.o
HAL_NVIC_GetPendingIRQ                            build/stm32f0xx_hal_cortex.o
HAL_NVIC_GetPriority                              build/stm32f0xx_hal_cortex.o
HAL_NVIC_SetPendingIRQ                            build/stm32f0xx_hal_cortex.o
HAL_NVIC_SetPriority                              build/stm32f0xx_hal_cortex.o
                                                  build/main.o
                                                  build/stm32f0xx_hal_msp.o
                                                  build/stm32f0xx_hal.o
HAL_NVIC_SystemReset                              build/stm32f0xx_hal_cortex.o
HAL_PWR_DeInit                                    build/stm32f0xx_hal_pwr.o
HAL_PWR_DisableBkUpAccess                         build/stm32f0xx_hal_pwr.o
HAL_PWR_DisableSEVOnPend                          build/stm32f0xx_hal_pwr.o
HAL_PWR_DisableSleepOnExit                        build/stm32f0xx_hal_pwr.o
HAL_PWR_DisableWakeUpPin                          build/stm32f0xx_hal_pwr.o
HAL_PWR_EnableBkUpAccess                          build/stm32f0xx_hal_pwr.o
HAL_PWR_EnableSEVOnPend                           build/stm32f0xx_hal_pwr.o
HAL_PWR_EnableSleepOnExit                         build/stm32f0xx_hal_pwr.o
HAL_PWR_EnableWakeUpPin                           build/stm32f0xx_hal_pwr.o
HAL_PWR_EnterSLEEPMode                            build/stm32f0xx_hal_pwr.o
HAL_PWR_EnterSTANDBYMode                          build/stm32f0xx_hal_pwr.o
HAL_PWR_EnterSTOPMode                             build/stm32f0xx_hal_pwr.o
HAL_RCCEx_GetPeriphCLKConfig                      build/stm32f0xx_hal_rcc_ex.o
HAL_RCCEx_GetPeriphCLKFreq                        build/stm32f0xx_hal_rcc_ex.o
HAL_RCCEx_PeriphCLKConfig                         build/stm32f0xx_hal_rcc_ex.o
                                                  build/main.o
HAL_RCC_CSSCallback                               build/stm32f0xx_hal_rcc.o
HAL_RCC_ClockConfig                               build/stm32f0xx_hal_rcc.o
                                                  build/main.o
HAL_RCC_DeInit                                    build/stm32f0xx_hal_rcc.o
HAL_RCC_DisableCSS                                build/stm32f0xx_hal_rcc.o
HAL_RCC_EnableCSS                                 build/stm32f0xx_hal_rcc.o
HAL_RCC_GetClockConfig                            build/stm32f0xx_hal_rcc.o
HAL_RCC_GetHCLKFreq                               build/stm32f0xx_hal_rcc.o
                                                  build/main.o
                                                  build/stm32f0xx_hal.o
HAL_RCC_GetOscConfig                              build/stm32f0xx_hal_rcc.o
HAL_RCC_GetPCLK1Freq                              build/stm32f0xx_hal_rcc.o
                                                  build/stm32f0xx_hal_rcc_ex.o
                                                  build/stm32f0xx_hal_uart.o
HAL_RCC_GetSysClockFreq                           build/stm32f0xx_hal_rcc.o
                                                  build/stm32f0xx_hal_rcc_ex.o
                                                  build/stm32f0xx_hal_uart.o
HAL_RCC_MCOConfig                                 build/stm32f0xx_hal_rcc.o
HAL_RCC_NMI_IRQHandler                            build/stm32f0xx_hal_rcc.o
HAL_RCC_OscConfig                                 build/stm32f0xx_hal_rcc.o
                                                  build/main.o
HAL_RS485Ex_Init                                  build/stm32f0xx_hal_uart_ex.o
HAL_RTCEx_DeactivateCalibrationOutPut             build/stm32f0xx_hal_rtc_ex.o
HAL_RTCEx_DeactivateRefClock                      build/stm32f0xx_hal_rtc_ex.o
HAL_RTCEx_DeactivateTamper                        build/stm32f0xx_hal_rtc_ex.o
HAL_RTCEx_DeactivateTimeStamp                     build/stm32f0xx_hal_rtc_ex.o
HAL_RTCEx_DisableBypassShadow                     build/stm32f0xx_hal_rtc_ex.o
HAL_RTCEx_EnableBypassShadow                      build/stm32f0xx_hal_rtc_ex.o
HAL_RTCEx_GetTimeStamp                            build/stm32f0xx_hal_rtc_ex.o
HAL_RTCEx_PollForTamper1Event                     build/stm32f0xx_hal_rtc_ex.o
HAL_RTCEx_PollForTamper2Event                     build/stm32f0xx_hal_rtc_ex.o
HAL_RTCEx_PollForTimeStampEvent                   build/stm32f0xx_hal_rtc_ex.o
HAL_RTCEx_SetCalibrationOutPut                    build/stm32f0xx_hal_rtc_ex.o
HAL_RTCEx_SetRefClock                             build/stm32f0xx_hal_rtc_ex.o
HAL_RTCEx_SetSmoothCalib                          build/stm32f0xx_hal_rtc_ex.o
HAL_RTCEx_SetSynchroShift                         build/stm32f0xx_hal_rtc_ex.o
HAL_RTCEx_SetTamper                               build/stm32f0xx_hal_rtc_ex.o
HAL_RTCEx_SetTamper_IT                            build/stm32f0xx_hal_rtc_ex.o
HAL_RTCEx_SetTimeStamp                            build/stm32f0xx_hal_rtc_ex.o
HAL_RTCEx_SetTimeStamp_IT                         build/stm32f0xx_hal_rtc_ex.o
HAL_RTCEx_Tamper1EventCallback                    build/stm32f0xx_hal_rtc_ex.o
HAL_RTCEx_Tamper2EventCallback                    build/stm32f0xx_hal_rtc_ex.o
HAL_RTCEx_TamperTimeStampIRQHandler               build/stm32f0xx_hal_rtc_ex.o
HAL_RTCEx_TimeStampEventCallback                  build/stm32f0xx_hal_rtc_ex.o
HAL_RTC_AlarmAEventCallback                       build/stm32f0xx_hal_rtc.o
HAL_RTC_AlarmIRQHandler                           build/stm32f0xx_hal_rtc.o
HAL_RTC_DeInit                                    build/stm32f0xx_hal_rtc.o
HAL_RTC_DeactivateAlarm                           build/stm32f0xx_hal_rtc.o
HAL_RTC_GetAlarm                                  build/stm32f0xx_hal_rtc.o
HAL_RTC_GetDate                                   build/stm32f0xx_hal_rtc.o
HAL_RTC_GetState                                  build/stm32f0xx_hal_rtc.o
HAL_RTC_GetTime                                   build/stm32f0xx_hal_rtc.o
HAL_RTC_Init                                      build/stm32f0xx_hal_rtc.o
                                                  build/main.o
HAL_RTC_MspDeInit                                 build/stm32f0xx_hal_msp.o
HAL_RTC_MspInit                                   build/stm32f0xx_hal_msp.o
HAL_RTC_PollForAlarmAEvent                        build/stm32f0xx_hal_rtc.o
HAL_RTC_SetAlarm                                  build/stm32f0xx_hal_rtc.o
HAL_RTC_SetAlarm_IT                               build/stm32f0xx_hal_rtc.o
HAL_RTC_SetDate                                   build/stm32f0xx_hal_rtc.o
HAL_RTC_SetTime                                   build/stm32f0xx_hal_rtc.o
HAL_RTC_WaitForSynchro                            build/stm32f0xx_hal_rtc.o
                                                  build/stm32f0xx_hal_rtc_ex.o
HAL_ResumeTick                                    build/stm32f0xx_hal.o
HAL_SYSTICK_CLKSourceConfig                       build/stm32f0xx_hal_cortex.o
                                                  build/main.o
HAL_SYSTICK_Callback                              build/stm32f0xx_hal_cortex.o
HAL_SYSTICK_Config                                build/stm32f0xx_hal_cortex.o
                                                  build/main.o
                                                  build/stm32f0xx_hal.o
HAL_SYSTICK_IRQHandler                            build/stm32f0xx_hal_cortex.o
                                                  build/stm32f0xx_it.o
HAL_SuspendTick                                   build/stm32f0xx_hal.o
HAL_TIMEx_BreakCallback                           build/stm32f0xx_hal_tim_ex.o
                                                  build/stm32f0xx_hal_tim.o
HAL_TIMEx_CommutationCallback                     build/stm32f0xx_hal_tim_ex.o
                                                  build/stm32f0xx_hal_tim.o
HAL_TIMEx_ConfigBreakDeadTime                     build/stm32f0xx_hal_tim_ex.o
                                                  build/main.o
HAL_TIMEx_ConfigCommutationEvent                  build/stm32f0xx_hal_tim_ex.o
HAL_TIMEx_ConfigCommutationEvent_DMA              build/stm32f0xx_hal_tim_ex.o
HAL_TIMEx_ConfigCommutationEvent_IT               build/stm32f0xx_hal_tim_ex.o
HAL_TIMEx_HallSensor_DeInit                       build/stm32f0xx_hal_tim_ex.o
HAL_TIMEx_HallSensor_GetState                     build/stm32f0xx_hal_tim_ex.o
HAL_TIMEx_HallSensor_Init                         build/stm32f0xx_hal_tim_ex.o
HAL_TIMEx_HallSensor_MspDeInit                    build/stm32f0xx_hal_tim_ex.o
HAL_TIMEx_HallSensor_MspInit                      build/stm32f0xx_hal_tim_ex.o
HAL_TIMEx_HallSensor_Start                        build/stm32f0xx_hal_tim_ex.o
HAL_TIMEx_HallSensor_Start_DMA                    build/stm32f0xx_hal_tim_ex.o
HAL_TIMEx_HallSensor_Start_IT                     build/stm32f0xx_hal_tim_ex.o
HAL_TIMEx_HallSensor_Stop                         build/stm32f0xx_hal_tim_ex.o
HAL_TIMEx_HallSensor_Stop_DMA                     build/stm32f0xx_hal_tim_ex.o
HAL_TIMEx_HallSensor_Stop_IT                      build/stm32f0xx_hal_tim_ex.o
HAL_TIMEx_MasterConfigSynchronization             build/stm32f0xx_hal_tim_ex.o
                                                  build/main.o
HAL_TIMEx_OCN_Start                               build/stm32f0xx_hal_tim_ex.o
HAL_TIMEx_OCN_Start_DMA                           build/stm32f0xx_hal_tim_ex.o
HAL_TIMEx_OCN_Start_IT                            build/stm32f0xx_hal_tim_ex.o
HAL_TIMEx_OCN_Stop                                build/stm32f0xx_hal_tim_ex.o
HAL_TIMEx_OCN_Stop_DMA                            build/stm32f0xx_hal_tim_ex.o
HAL_TIMEx_OCN_Stop_IT                             build/stm32f0xx_hal_tim_ex.o
HAL_TIMEx_OnePulseN_Start                         build/stm32f0xx_hal_tim_ex.o
HAL_TIMEx_OnePulseN_Start_IT                      build/stm32f0xx_hal_tim_ex.o
HAL_TIMEx_OnePulseN_Stop                          build/stm32f0xx_hal_tim_ex.o
HAL_TIMEx_OnePulseN_Stop_IT                       build/stm32f0xx_hal_tim_ex.o
HAL_TIMEx_PWMN_Start                              build/stm32f0xx_hal_tim_ex.o
HAL_TIMEx_PWMN_Start_DMA                          build/stm32f0xx_hal_tim_ex.o
HAL_TIMEx_PWMN_Start_IT                           build/stm32f0xx_hal_tim_ex.o
HAL_TIMEx_PWMN_Stop                               build/stm32f0xx_hal_tim_ex.o
HAL_TIMEx_PWMN_Stop_DMA                           build/stm32f0xx_hal_tim_ex.o
HAL_TIMEx_PWMN_Stop_IT                            build/stm32f0xx_hal_tim_ex.o
HAL_TIMEx_RemapConfig                             build/stm32f0xx_hal_tim_ex.o
HAL_TIM_Base_DeInit                               build/stm32f0xx_hal_tim.o
HAL_TIM_Base_GetState                             build/stm32f0xx_hal_tim.o
HAL_TIM_Base_Init                                 build/stm32f0xx_hal_tim.o
                                                  build/main.o
HAL_TIM_Base_MspDeInit                            build/stm32f0xx_hal_msp.o
HAL_TIM_Base_MspInit                              build/stm32f0xx_hal_msp.o
HAL_TIM_Base_Start                                build/stm32f0xx_hal_tim.o
HAL_TIM_Base_Start_DMA                            build/stm32f0xx_hal_tim.o
HAL_TIM_Base_Start_IT                             build/stm32f0xx_hal_tim.o
HAL_TIM_Base_Stop                                 build/stm32f0xx_hal_tim.o
HAL_TIM_Base_Stop_DMA                             build/stm32f0xx_hal_tim.o
HAL_TIM_Base_Stop_IT                              build/stm32f0xx_hal_tim.o
HAL_TIM_ConfigClockSource                         build/stm32f0xx_hal_tim.o
HAL_TIM_ConfigOCrefClear                          build/stm32f0xx_hal_tim.o
HAL_TIM_ConfigTI1Input                            build/stm32f0xx_hal_tim.o
HAL_TIM_DMABurst_MultiReadStart                   build/stm32f0xx_hal_tim.o
HAL_TIM_DMABurst_MultiWriteStart                  build/stm32f0xx_hal_tim.o
HAL_TIM_DMABurst_ReadStart                        build/stm32f0xx_hal_tim.o
HAL_TIM_DMABurst_ReadStop                         build/stm32f0xx_hal_tim.o
HAL_TIM_DMABurst_WriteStart                       build/stm32f0xx_hal_tim.o
HAL_TIM_DMABurst_WriteStop                        build/stm32f0xx_hal_tim.o
HAL_TIM_Encoder_DeInit                            build/stm32f0xx_hal_tim.o
HAL_TIM_Encoder_GetState                          build/stm32f0xx_hal_tim.o
HAL_TIM_Encoder_Init                              build/stm32f0xx_hal_tim.o
HAL_TIM_Encoder_MspDeInit                         build/stm32f0xx_hal_tim.o
HAL_TIM_Encoder_MspInit                           build/stm32f0xx_hal_tim.o
HAL_TIM_Encoder_Start                             build/stm32f0xx_hal_tim.o
HAL_TIM_Encoder_Start_DMA                         build/stm32f0xx_hal_tim.o
HAL_TIM_Encoder_Start_IT                          build/stm32f0xx_hal_tim.o
HAL_TIM_Encoder_Stop                              build/stm32f0xx_hal_tim.o
HAL_TIM_Encoder_Stop_DMA                          build/stm32f0xx_hal_tim.o
HAL_TIM_Encoder_Stop_IT                           build/stm32f0xx_hal_tim.o
HAL_TIM_ErrorCallback                             build/stm32f0xx_hal_tim.o
HAL_TIM_GenerateEvent                             build/stm32f0xx_hal_tim.o
HAL_TIM_IC_CaptureCallback                        build/stm32f0xx_hal_tim.o
HAL_TIM_IC_ConfigChannel                          build/stm32f0xx_hal_tim.o
HAL_TIM_IC_DeInit                                 build/stm32f0xx_hal_tim.o
HAL_TIM_IC_GetState                               build/stm32f0xx_hal_tim.o
HAL_TIM_IC_Init                                   build/stm32f0xx_hal_tim.o
HAL_TIM_IC_MspDeInit                              build/stm32f0xx_hal_tim.o
HAL_TIM_IC_MspInit                                build/stm32f0xx_hal_tim.o
HAL_TIM_IC_Start                                  build/stm32f0xx_hal_tim.o
HAL_TIM_IC_Start_DMA                              build/stm32f0xx_hal_tim.o
HAL_TIM_IC_Start_IT                               build/stm32f0xx_hal_tim.o
HAL_TIM_IC_Stop                                   build/stm32f0xx_hal_tim.o
HAL_TIM_IC_Stop_DMA                               build/stm32f0xx_hal_tim.o
HAL_TIM_IC_Stop_IT                                build/stm32f0xx_hal_tim.o
HAL_TIM_IRQHandler                                build/stm32f0xx_hal_tim.o
HAL_TIM_MspPostInit                               build/stm32f0xx_hal_msp.o
                                                  build/main.o
HAL_TIM_OC_ConfigChannel                          build/stm32f0xx_hal_tim.o
HAL_TIM_OC_DeInit                                 build/stm32f0xx_hal_tim.o
HAL_TIM_OC_DelayElapsedCallback                   build/stm32f0xx_hal_tim.o
HAL_TIM_OC_GetState                               build/stm32f0xx_hal_tim.o
HAL_TIM_OC_Init                                   build/stm32f0xx_hal_tim.o
HAL_TIM_OC_MspDeInit                              build/stm32f0xx_hal_tim.o
HAL_TIM_OC_MspInit                                build/stm32f0xx_hal_tim.o
HAL_TIM_OC_Start                                  build/stm32f0xx_hal_tim.o
HAL_TIM_OC_Start_DMA                              build/stm32f0xx_hal_tim.o
HAL_TIM_OC_Start_IT                               build/stm32f0xx_hal_tim.o
HAL_TIM_OC_Stop                                   build/stm32f0xx_hal_tim.o
HAL_TIM_OC_Stop_DMA                               build/stm32f0xx_hal_tim.o
HAL_TIM_OC_Stop_IT                                build/stm32f0xx_hal_tim.o
HAL_TIM_OnePulse_ConfigChannel                    build/stm32f0xx_hal_tim.o
HAL_TIM_OnePulse_DeInit                           build/stm32f0xx_hal_tim.o
HAL_TIM_OnePulse_GetState                         build/stm32f0xx_hal_tim.o
HAL_TIM_OnePulse_Init                             build/stm32f0xx_hal_tim.o
HAL_TIM_OnePulse_MspDeInit                        build/stm32f0xx_hal_tim.o
HAL_TIM_OnePulse_MspInit                          build/stm32f0xx_hal_tim.o
HAL_TIM_OnePulse_Start                            build/stm32f0xx_hal_tim.o
HAL_TIM_OnePulse_Start_IT                         build/stm32f0xx_hal_tim.o
HAL_TIM_OnePulse_Stop                             build/stm32f0xx_hal_tim.o
HAL_TIM_OnePulse_Stop_IT                          build/stm32f0xx_hal_tim.o
HAL_TIM_PWM_ConfigChannel                         build/stm32f0xx_hal_tim.o
                                                  build/main.o
HAL_TIM_PWM_DeInit                                build/stm32f0xx_hal_tim.o
HAL_TIM_PWM_GetState                              build/stm32f0xx_hal_tim.o
HAL_TIM_PWM_Init                                  build/stm32f0xx_hal_tim.o
                                                  build/main.o
HAL_TIM_PWM_MspDeInit                             build/stm32f0xx_hal_msp.o
HAL_TIM_PWM_MspInit                               build/stm32f0xx_hal_msp.o
HAL_TIM_PWM_PulseFinishedCallback                 build/stm32f0xx_hal_tim.o
HAL_TIM_PWM_Start                                 build/stm32f0xx_hal_tim.o
HAL_TIM_PWM_Start_DMA                             build/stm32f0xx_hal_tim.o
HAL_TIM_PWM_Start_IT                              build/stm32f0xx_hal_tim.o
HAL_TIM_PWM_Stop                                  build/stm32f0xx_hal_tim.o
HAL_TIM_PWM_Stop_DMA                              build/stm32f0xx_hal_tim.o
HAL_TIM_PWM_Stop_IT                               build/stm32f0xx_hal_tim.o
HAL_TIM_PeriodElapsedCallback                     build/stm32f0xx_hal_tim.o
HAL_TIM_ReadCapturedValue                         build/stm32f0xx_hal_tim.o
HAL_TIM_SlaveConfigSynchronization                build/stm32f0xx_hal_tim.o
HAL_TIM_SlaveConfigSynchronization_IT             build/stm32f0xx_hal_tim.o
HAL_TIM_TriggerCallback                           build/stm32f0xx_hal_tim.o
HAL_UART_Abort                                    build/stm32f0xx_hal_uart.o
HAL_UART_AbortCpltCallback                        build/stm32f0xx_hal_uart.o
HAL_UART_AbortReceive                             build/stm32f0xx_hal_uart.o
HAL_UART_AbortReceiveCpltCallback                 build/stm32f0xx_hal_uart.o
HAL_UART_AbortReceive_IT                          build/stm32f0xx_hal_uart.o
HAL_UART_AbortTransmit                            build/stm32f0xx_hal_uart.o
HAL_UART_AbortTransmitCpltCallback                build/stm32f0xx_hal_uart.o
HAL_UART_AbortTransmit_IT                         build/stm32f0xx_hal_uart.o
HAL_UART_Abort_IT                                 build/stm32f0xx_hal_uart.o
HAL_UART_DMAPause                                 build/stm32f0xx_hal_uart.o
HAL_UART_DMAResume                                build/stm32f0xx_hal_uart.o
HAL_UART_DMAStop                                  build/stm32f0xx_hal_uart.o
HAL_UART_DeInit                                   build/stm32f0xx_hal_uart.o
HAL_UART_ErrorCallback                            build/stm32f0xx_hal_uart.o
HAL_UART_GetError                                 build/stm32f0xx_hal_uart.o
HAL_UART_GetState                                 build/stm32f0xx_hal_uart.o
HAL_UART_IRQHandler                               build/stm32f0xx_hal_uart.o
HAL_UART_Init                                     build/stm32f0xx_hal_uart.o
HAL_UART_MspDeInit                                build/stm32f0xx_hal_msp.o
                                                  build/stm32f0xx_hal_uart.o
HAL_UART_MspInit                                  build/stm32f0xx_hal_msp.o
                                                  build/stm32f0xx_hal_uart.o
                                                  build/stm32f0xx_hal_uart_ex.o
HAL_UART_Receive                                  build/stm32f0xx_hal_uart.o
HAL_UART_Receive_DMA                              build/stm32f0xx_hal_uart.o
HAL_UART_Receive_IT                               build/stm32f0xx_hal_uart.o
HAL_UART_RxCpltCallback                           build/stm32f0xx_hal_uart.o
HAL_UART_RxHalfCpltCallback                       build/stm32f0xx_hal_uart.o
HAL_UART_Transmit                                 build/stm32f0xx_hal_uart.o
                                                  build/main.o
HAL_UART_Transmit_DMA                             build/stm32f0xx_hal_uart.o
HAL_UART_Transmit_IT                              build/stm32f0xx_hal_uart.o
HAL_UART_TxCpltCallback                           build/stm32f0xx_hal_uart.o
HAL_UART_TxHalfCpltCallback                       build/stm32f0xx_hal_uart.o
HAL_WWDG_EarlyWakeupCallback                      build/stm32f0xx_hal_wwdg.o
HAL_WWDG_IRQHandler                               build/stm32f0xx_hal_wwdg.o
HAL_WWDG_Init                                     build/stm32f0xx_hal_wwdg.o
                                                  build/main.o
HAL_WWDG_MspInit                                  build/stm32f0xx_hal_msp.o
HAL_WWDG_Refresh                                  build/stm32f0xx_hal_wwdg.o
HardFault_Handler                                 build/stm32f0xx_it.o
I2C1_IRQHandler                                   build/startup_stm32f030x6.o
NMI_Handler                                       build/stm32f0xx_it.o
PendSV_Handler                                    build/stm32f0xx_it.o
RCC_IRQHandler                                    build/startup_stm32f030x6.o
RTC_Bcd2ToByte                                    build/stm32f0xx_hal_rtc.o
                                                  build/stm32f0xx_hal_rtc_ex.o
RTC_ByteToBcd2                                    build/stm32f0xx_hal_rtc.o
RTC_EnterInitMode                                 build/stm32f0xx_hal_rtc.o
                                                  build/stm32f0xx_hal_rtc_ex.o
RTC_IRQHandler                                    build/startup_stm32f030x6.o
Reset_Handler                                     build/startup_stm32f030x6.o
SPI1_IRQHandler                                   build/startup_stm32f030x6.o
SVC_Handler                                       build/stm32f0xx_it.o
SysTick_Handler                                   build/stm32f0xx_it.o
SystemClock_Config                                build/main.o
SystemCoreClock                                   build/system_stm32f0xx.o
                                                  build/stm32f0xx_hal_adc.o
                                                  build/stm32f0xx_hal_rcc.o
SystemCoreClockUpdate                             build/system_stm32f0xx.o
SystemInit                                        build/system_stm32f0xx.o
                                                  build/startup_stm32f030x6.o
TIM14_IRQHandler                                  build/startup_stm32f030x6.o
TIM16_IRQHandler                                  build/startup_stm32f030x6.o
TIM17_IRQHandler                                  build/startup_stm32f030x6.o
TIM1_BRK_UP_TRG_COM_IRQHandler                    build/startup_stm32f030x6.o
TIM1_CC_IRQHandler                                build/startup_stm32f030x6.o
TIM3_IRQHandler                                   build/startup_stm32f030x6.o
TIMEx_DMACommutationCplt                          build/stm32f0xx_hal_tim_ex.o
                                                  build/stm32f0xx_hal_tim.o
TIM_Base_SetConfig                                build/stm32f0xx_hal_tim.o
                                                  build/stm32f0xx_hal_tim_ex.o
TIM_CCxChannelCmd                                 build/stm32f0xx_hal_tim.o
                                                  build/stm32f0xx_hal_tim_ex.o
TIM_DMACaptureCplt                                build/stm32f0xx_hal_tim.o
                                                  build/stm32f0xx_hal_tim_ex.o
TIM_DMADelayPulseCplt                             build/stm32f0xx_hal_tim.o
                                                  build/stm32f0xx_hal_tim_ex.o
TIM_DMAError                                      build/stm32f0xx_hal_tim.o
                                                  build/stm32f0xx_hal_tim_ex.o
TIM_ETR_SetConfig                                 build/stm32f0xx_hal_tim.o
TIM_OC2_SetConfig                                 build/stm32f0xx_hal_tim.o
                                                  build/stm32f0xx_hal_tim_ex.o
TIM_TI1_SetConfig                                 build/stm32f0xx_hal_tim.o
                                                  build/stm32f0xx_hal_tim_ex.o
UART_AdvFeatureConfig                             build/stm32f0xx_hal_uart.o
                                                  build/stm32f0xx_hal_uart_ex.o
UART_CheckIdleState                               build/stm32f0xx_hal_uart.o
                                                  build/stm32f0xx_hal_uart_ex.o
UART_EndTransmit_IT                               build/stm32f0xx_hal_uart.o
UART_Receive_IT                                   build/stm32f0xx_hal_uart.o
UART_SetConfig                                    build/stm32f0xx_hal_uart.o
                                                  build/stm32f0xx_hal_uart_ex.o
UART_Transmit_IT                                  build/stm32f0xx_hal_uart.o
UART_WaitOnFlagUntilTimeout                       build/stm32f0xx_hal_uart.o
USART1_IRQHandler                                 build/startup_stm32f030x6.o
WWDG_IRQHandler                                   build/startup_stm32f030x6.o
_Error_Handler                                    build/main.o
_Jv_RegisterClasses                               /home/arthurdent/Programs/gcc-arm-none-eabi-6-2017-q1-update/bin/../lib/gcc/arm-none-eabi/6.3.1/thumb/v6-m/crtbegin.o
__aeabi_idiv0                                     /home/arthurdent/Programs/gcc-arm-none-eabi-6-2017-q1-update/bin/../lib/gcc/arm-none-eabi/6.3.1/thumb/v6-m/libgcc.a(_dvmd_tls.o)
                                                  /home/arthurdent/Programs/gcc-arm-none-eabi-6-2017-q1-update/bin/../lib/gcc/arm-none-eabi/6.3.1/thumb/v6-m/libgcc.a(_udivsi3.o)
__aeabi_ldiv0                                     /home/arthurdent/Programs/gcc-arm-none-eabi-6-2017-q1-update/bin/../lib/gcc/arm-none-eabi/6.3.1/thumb/v6-m/libgcc.a(_dvmd_tls.o)
__aeabi_uidiv                                     /home/arthurdent/Programs/gcc-arm-none-eabi-6-2017-q1-update/bin/../lib/gcc/arm-none-eabi/6.3.1/thumb/v6-m/libgcc.a(_udivsi3.o)
                                                  build/main.o
                                                  build/stm32f0xx_hal_adc.o
                                                  build/stm32f0xx_hal_dma.o
                                                  build/stm32f0xx_hal.o
                                                  build/stm32f0xx_hal_uart.o
                                                  build/system_stm32f0xx.o
                                                  build/stm32f0xx_hal_rcc.o
__aeabi_uidivmod                                  /home/arthurdent/Programs/gcc-arm-none-eabi-6-2017-q1-update/bin/../lib/gcc/arm-none-eabi/6.3.1/thumb/v6-m/libgcc.a(_udivsi3.o)
__bss_end__                                       /home/arthurdent/Programs/gcc-arm-none-eabi-6-2017-q1-update/bin/../lib/gcc/arm-none-eabi/6.3.1/../../../../arm-none-eabi/lib/thumb/v6-m/crt0.o
__bss_start__                                     /home/arthurdent/Programs/gcc-arm-none-eabi-6-2017-q1-update/bin/../lib/gcc/arm-none-eabi/6.3.1/../../../../arm-none-eabi/lib/thumb/v6-m/crt0.o
__call_exitprocs                                  /home/arthurdent/Programs/gcc-arm-none-eabi-6-2017-q1-update/bin/../lib/gcc/arm-none-eabi/6.3.1/../../../../arm-none-eabi/lib/thumb/v6-m/libc_nano.a(lib_a-exit.o)
__deregister_frame_info                           /home/arthurdent/Programs/gcc-arm-none-eabi-6-2017-q1-update/bin/../lib/gcc/arm-none-eabi/6.3.1/thumb/v6-m/crtbegin.o
__dso_handle                                      /home/arthurdent/Programs/gcc-arm-none-eabi-6-2017-q1-update/bin/../lib/gcc/arm-none-eabi/6.3.1/thumb/v6-m/crtbegin.o
__init_array_end                                  /home/arthurdent/Programs/gcc-arm-none-eabi-6-2017-q1-update/bin/../lib/gcc/arm-none-eabi/6.3.1/../../../../arm-none-eabi/lib/thumb/v6-m/libc_nano.a(lib_a-init.o)
__init_array_start                                /home/arthurdent/Programs/gcc-arm-none-eabi-6-2017-q1-update/bin/../lib/gcc/arm-none-eabi/6.3.1/../../../../arm-none-eabi/lib/thumb/v6-m/libc_nano.a(lib_a-init.o)
__io_putchar                                      build/main.o
__libc_fini_array                                 /home/arthurdent/Programs/gcc-arm-none-eabi-6-2017-q1-update/bin/../lib/gcc/arm-none-eabi/6.3.1/../../../../arm-none-eabi/lib/thumb/v6-m/crt0.o
__libc_init_array                                 /home/arthurdent/Programs/gcc-arm-none-eabi-6-2017-q1-update/bin/../lib/gcc/arm-none-eabi/6.3.1/../../../../arm-none-eabi/lib/thumb/v6-m/libc_nano.a(lib_a-init.o)
                                                  build/startup_stm32f030x6.o
                                                  /home/arthurdent/Programs/gcc-arm-none-eabi-6-2017-q1-update/bin/../lib/gcc/arm-none-eabi/6.3.1/../../../../arm-none-eabi/lib/thumb/v6-m/crt0.o
__preinit_array_end                               /home/arthurdent/Programs/gcc-arm-none-eabi-6-2017-q1-update/bin/../lib/gcc/arm-none-eabi/6.3.1/../../../../arm-none-eabi/lib/thumb/v6-m/libc_nano.a(lib_a-init.o)
__preinit_array_start                             /home/arthurdent/Programs/gcc-arm-none-eabi-6-2017-q1-update/bin/../lib/gcc/arm-none-eabi/6.3.1/../../../../arm-none-eabi/lib/thumb/v6-m/libc_nano.a(lib_a-init.o)
__register_frame_info                             /home/arthurdent/Programs/gcc-arm-none-eabi-6-2017-q1-update/bin/../lib/gcc/arm-none-eabi/6.3.1/thumb/v6-m/crtbegin.o
__sf_fake_stderr                                  /home/arthurdent/Programs/gcc-arm-none-eabi-6-2017-q1-update/bin/../lib/gcc/arm-none-eabi/6.3.1/../../../../arm-none-eabi/lib/thumb/v6-m/libc_nano.a(lib_a-impure.o)
__sf_fake_stdin                                   /home/arthurdent/Programs/gcc-arm-none-eabi-6-2017-q1-update/bin/../lib/gcc/arm-none-eabi/6.3.1/../../../../arm-none-eabi/lib/thumb/v6-m/libc_nano.a(lib_a-impure.o)
__sf_fake_stdout                                  /home/arthurdent/Programs/gcc-arm-none-eabi-6-2017-q1-update/bin/../lib/gcc/arm-none-eabi/6.3.1/../../../../arm-none-eabi/lib/thumb/v6-m/libc_nano.a(lib_a-impure.o)
__stack                                           /home/arthurdent/Programs/gcc-arm-none-eabi-6-2017-q1-update/bin/../lib/gcc/arm-none-eabi/6.3.1/../../../../arm-none-eabi/lib/thumb/v6-m/crt0.o
__udivsi3                                         /home/arthurdent/Programs/gcc-arm-none-eabi-6-2017-q1-update/bin/../lib/gcc/arm-none-eabi/6.3.1/thumb/v6-m/libgcc.a(_udivsi3.o)
_ebss                                             build/startup_stm32f030x6.o
_edata                                            build/startup_stm32f030x6.o
_estack                                           build/startup_stm32f030x6.o
_exit                                             /home/arthurdent/Programs/gcc-arm-none-eabi-6-2017-q1-update/bin/../lib/gcc/arm-none-eabi/6.3.1/../../../../arm-none-eabi/lib/thumb/v6-m/libnosys.a(_exit.o)
                                                  /home/arthurdent/Programs/gcc-arm-none-eabi-6-2017-q1-update/bin/../lib/gcc/arm-none-eabi/6.3.1/../../../../arm-none-eabi/lib/thumb/v6-m/libc_nano.a(lib_a-exit.o)
_fini                                             /home/arthurdent/Programs/gcc-arm-none-eabi-6-2017-q1-update/bin/../lib/gcc/arm-none-eabi/6.3.1/thumb/v6-m/crti.o
_global_impure_ptr                                /home/arthurdent/Programs/gcc-arm-none-eabi-6-2017-q1-update/bin/../lib/gcc/arm-none-eabi/6.3.1/../../../../arm-none-eabi/lib/thumb/v6-m/libc_nano.a(lib_a-impure.o)
                                                  /home/arthurdent/Programs/gcc-arm-none-eabi-6-2017-q1-update/bin/../lib/gcc/arm-none-eabi/6.3.1/../../../../arm-none-eabi/lib/thumb/v6-m/libc_nano.a(lib_a-exit.o)
_impure_ptr                                       /home/arthurdent/Programs/gcc-arm-none-eabi-6-2017-q1-update/bin/../lib/gcc/arm-none-eabi/6.3.1/../../../../arm-none-eabi/lib/thumb/v6-m/libc_nano.a(lib_a-impure.o)
_init                                             /home/arthurdent/Programs/gcc-arm-none-eabi-6-2017-q1-update/bin/../lib/gcc/arm-none-eabi/6.3.1/thumb/v6-m/crti.o
                                                  /home/arthurdent/Programs/gcc-arm-none-eabi-6-2017-q1-update/bin/../lib/gcc/arm-none-eabi/6.3.1/../../../../arm-none-eabi/lib/thumb/v6-m/libc_nano.a(lib_a-init.o)
_mainCRTStartup                                   /home/arthurdent/Programs/gcc-arm-none-eabi-6-2017-q1-update/bin/../lib/gcc/arm-none-eabi/6.3.1/../../../../arm-none-eabi/lib/thumb/v6-m/crt0.o
_sbss                                             build/startup_stm32f030x6.o
_sdata                                            build/startup_stm32f030x6.o
_sidata                                           build/startup_stm32f030x6.o
_start                                            /home/arthurdent/Programs/gcc-arm-none-eabi-6-2017-q1-update/bin/../lib/gcc/arm-none-eabi/6.3.1/../../../../arm-none-eabi/lib/thumb/v6-m/crt0.o
atexit                                            /home/arthurdent/Programs/gcc-arm-none-eabi-6-2017-q1-update/bin/../lib/gcc/arm-none-eabi/6.3.1/../../../../arm-none-eabi/lib/thumb/v6-m/crt0.o
exit                                              /home/arthurdent/Programs/gcc-arm-none-eabi-6-2017-q1-update/bin/../lib/gcc/arm-none-eabi/6.3.1/../../../../arm-none-eabi/lib/thumb/v6-m/libc_nano.a(lib_a-exit.o)
                                                  /home/arthurdent/Programs/gcc-arm-none-eabi-6-2017-q1-update/bin/../lib/gcc/arm-none-eabi/6.3.1/../../../../arm-none-eabi/lib/thumb/v6-m/crt0.o
g_pfnVectors                                      build/startup_stm32f030x6.o
hadc                                              build/main.o
hardware_init_hook                                /home/arthurdent/Programs/gcc-arm-none-eabi-6-2017-q1-update/bin/../lib/gcc/arm-none-eabi/6.3.1/../../../../arm-none-eabi/lib/thumb/v6-m/crt0.o
hi2c1                                             build/main.o
hrtc                                              build/main.o
htim1                                             build/main.o
htim14                                            build/main.o
htim16                                            build/main.o
huart1                                            build/main.o
hwwdg                                             build/main.o
main                                              build/main.o
                                                  build/startup_stm32f030x6.o
                                                  /home/arthurdent/Programs/gcc-arm-none-eabi-6-2017-q1-update/bin/../lib/gcc/arm-none-eabi/6.3.1/../../../../arm-none-eabi/lib/thumb/v6-m/crt0.o
memset                                            /home/arthurdent/Programs/gcc-arm-none-eabi-6-2017-q1-update/bin/../lib/gcc/arm-none-eabi/6.3.1/../../../../arm-none-eabi/lib/thumb/v6-m/libc_nano.a(lib_a-memset.o)
                                                  /home/arthurdent/Programs/gcc-arm-none-eabi-6-2017-q1-update/bin/../lib/gcc/arm-none-eabi/6.3.1/../../../../arm-none-eabi/lib/thumb/v6-m/crt0.o
pFlash                                            build/stm32f0xx_hal_flash.o
                                                  build/stm32f0xx_hal_flash_ex.o
software_init_hook                                /home/arthurdent/Programs/gcc-arm-none-eabi-6-2017-q1-update/bin/../lib/gcc/arm-none-eabi/6.3.1/../../../../arm-none-eabi/lib/thumb/v6-m/crt0.o
uwTick                                            build/stm32f0xx_hal.o
