Archive member included to satisfy reference by file (symbol)

/home/arthurdent/Programs/gcc-arm-none-eabi-6-2017-q1-update/bin/../lib/gcc/arm-none-eabi/6.3.1/../../../../arm-none-eabi/lib/thumb/v6-m/libc_nano.a(lib_a-exit.o)
                              /home/arthurdent/Programs/gcc-arm-none-eabi-6-2017-q1-update/bin/../lib/gcc/arm-none-eabi/6.3.1/../../../../arm-none-eabi/lib/thumb/v6-m/crt0.o (exit)
/home/arthurdent/Programs/gcc-arm-none-eabi-6-2017-q1-update/bin/../lib/gcc/arm-none-eabi/6.3.1/../../../../arm-none-eabi/lib/thumb/v6-m/libc_nano.a(lib_a-impure.o)
                              /home/arthurdent/Programs/gcc-arm-none-eabi-6-2017-q1-update/bin/../lib/gcc/arm-none-eabi/6.3.1/../../../../arm-none-eabi/lib/thumb/v6-m/libc_nano.a(lib_a-exit.o) (_global_impure_ptr)
/home/arthurdent/Programs/gcc-arm-none-eabi-6-2017-q1-update/bin/../lib/gcc/arm-none-eabi/6.3.1/../../../../arm-none-eabi/lib/thumb/v6-m/libc_nano.a(lib_a-init.o)
                              /home/arthurdent/Programs/gcc-arm-none-eabi-6-2017-q1-update/bin/../lib/gcc/arm-none-eabi/6.3.1/../../../../arm-none-eabi/lib/thumb/v6-m/crt0.o (__libc_init_array)
/home/arthurdent/Programs/gcc-arm-none-eabi-6-2017-q1-update/bin/../lib/gcc/arm-none-eabi/6.3.1/../../../../arm-none-eabi/lib/thumb/v6-m/libc_nano.a(lib_a-memset.o)
                              /home/arthurdent/Programs/gcc-arm-none-eabi-6-2017-q1-update/bin/../lib/gcc/arm-none-eabi/6.3.1/../../../../arm-none-eabi/lib/thumb/v6-m/crt0.o (memset)
/home/arthurdent/Programs/gcc-arm-none-eabi-6-2017-q1-update/bin/../lib/gcc/arm-none-eabi/6.3.1/../../../../arm-none-eabi/lib/thumb/v6-m/libc_nano.a(lib_a-nano-vfprintf_float.o)
                              (_printf_float)
/home/arthurdent/Programs/gcc-arm-none-eabi-6-2017-q1-update/bin/../lib/gcc/arm-none-eabi/6.3.1/../../../../arm-none-eabi/lib/thumb/v6-m/libc_nano.a(lib_a-nano-vfprintf_i.o)
                              /home/arthurdent/Programs/gcc-arm-none-eabi-6-2017-q1-update/bin/../lib/gcc/arm-none-eabi/6.3.1/../../../../arm-none-eabi/lib/thumb/v6-m/libc_nano.a(lib_a-nano-vfprintf_float.o) (_printf_common)
/home/arthurdent/Programs/gcc-arm-none-eabi-6-2017-q1-update/bin/../lib/gcc/arm-none-eabi/6.3.1/../../../../arm-none-eabi/lib/thumb/v6-m/libc_nano.a(lib_a-printf.o)
                              build/main.o (printf)
/home/arthurdent/Programs/gcc-arm-none-eabi-6-2017-q1-update/bin/../lib/gcc/arm-none-eabi/6.3.1/../../../../arm-none-eabi/lib/thumb/v6-m/libc_nano.a(lib_a-puts.o)
                              build/main.o (puts)
/home/arthurdent/Programs/gcc-arm-none-eabi-6-2017-q1-update/bin/../lib/gcc/arm-none-eabi/6.3.1/../../../../arm-none-eabi/lib/thumb/v6-m/libc_nano.a(lib_a-reent.o)
                              build/syscalls.o (errno)
/home/arthurdent/Programs/gcc-arm-none-eabi-6-2017-q1-update/bin/../lib/gcc/arm-none-eabi/6.3.1/../../../../arm-none-eabi/lib/thumb/v6-m/libc_nano.a(lib_a-strlen.o)
                              /home/arthurdent/Programs/gcc-arm-none-eabi-6-2017-q1-update/bin/../lib/gcc/arm-none-eabi/6.3.1/../../../../arm-none-eabi/lib/thumb/v6-m/libc_nano.a(lib_a-nano-vfprintf_float.o) (strlen)
/home/arthurdent/Programs/gcc-arm-none-eabi-6-2017-q1-update/bin/../lib/gcc/arm-none-eabi/6.3.1/../../../../arm-none-eabi/lib/thumb/v6-m/libc_nano.a(lib_a-wbuf.o)
                              /home/arthurdent/Programs/gcc-arm-none-eabi-6-2017-q1-update/bin/../lib/gcc/arm-none-eabi/6.3.1/../../../../arm-none-eabi/lib/thumb/v6-m/libc_nano.a(lib_a-puts.o) (__swbuf_r)
/home/arthurdent/Programs/gcc-arm-none-eabi-6-2017-q1-update/bin/../lib/gcc/arm-none-eabi/6.3.1/../../../../arm-none-eabi/lib/thumb/v6-m/libc_nano.a(lib_a-wsetup.o)
                              /home/arthurdent/Programs/gcc-arm-none-eabi-6-2017-q1-update/bin/../lib/gcc/arm-none-eabi/6.3.1/../../../../arm-none-eabi/lib/thumb/v6-m/libc_nano.a(lib_a-puts.o) (__swsetup_r)
/home/arthurdent/Programs/gcc-arm-none-eabi-6-2017-q1-update/bin/../lib/gcc/arm-none-eabi/6.3.1/../../../../arm-none-eabi/lib/thumb/v6-m/libc_nano.a(lib_a-dtoa.o)
                              /home/arthurdent/Programs/gcc-arm-none-eabi-6-2017-q1-update/bin/../lib/gcc/arm-none-eabi/6.3.1/../../../../arm-none-eabi/lib/thumb/v6-m/libc_nano.a(lib_a-nano-vfprintf_float.o) (_dtoa_r)
/home/arthurdent/Programs/gcc-arm-none-eabi-6-2017-q1-update/bin/../lib/gcc/arm-none-eabi/6.3.1/../../../../arm-none-eabi/lib/thumb/v6-m/libc_nano.a(lib_a-fflush.o)
                              /home/arthurdent/Programs/gcc-arm-none-eabi-6-2017-q1-update/bin/../lib/gcc/arm-none-eabi/6.3.1/../../../../arm-none-eabi/lib/thumb/v6-m/libc_nano.a(lib_a-wbuf.o) (_fflush_r)
/home/arthurdent/Programs/gcc-arm-none-eabi-6-2017-q1-update/bin/../lib/gcc/arm-none-eabi/6.3.1/../../../../arm-none-eabi/lib/thumb/v6-m/libc_nano.a(lib_a-findfp.o)
[...]
Memory Configuration

Name             Origin             Length             Attributes
RAM              0x0000000020000000 0x0000000000002000 xrw
FLASH            0x0000000008000000 0x0000000000008000 xr
*default*        0x0000000000000000 0xffffffffffffffff

Linker script and memory map

LOAD /home/arthurdent/Programs/gcc-arm-none-eabi-6-2017-q1-update/bin/../lib/gcc/arm-none-eabi/6.3.1/thumb/v6-m/crti.o
LOAD /home/arthurdent/Programs/gcc-arm-none-eabi-6-2017-q1-update/bin/../lib/gcc/arm-none-eabi/6.3.1/thumb/v6-m/crtbegin.o
LOAD /home/arthurdent/Programs/gcc-arm-none-eabi-6-2017-q1-update/bin/../lib/gcc/arm-none-eabi/6.3.1/../../../../arm-none-eabi/lib/thumb/v6-m/crt0.o
LOAD build/stm32f0xx_hal_rcc_ex.o
LOAD build/system_stm32f0xx.o
LOAD build/stm32f0xx_hal_flash_ex.o
LOAD build/stm32f0xx_hal_uart_ex.o
LOAD build/stm32f0xx_hal_i2c_ex.o
LOAD build/stm32f0xx_hal_tim.o
LOAD build/stm32f0xx_hal_pwr_ex.o
LOAD build/stm32f0xx_hal_msp.o
LOAD build/stm32f0xx_hal_gpio.o
LOAD build/stm32f0xx_it.o
LOAD build/stm32f0xx_hal_cortex.o
LOAD build/main.o
LOAD build/syscalls.o
LOAD build/stm32f0xx_hal_rcc.o
LOAD build/stm32f0xx_hal_dma.o
LOAD build/stm32f0xx_hal_tim_ex.o
LOAD build/stm32f0xx_hal.o
LOAD build/stm32f0xx_hal_flash.o
LOAD build/stm32f0xx_hal_i2c.o
LOAD build/stm32f0xx_hal_uart.o
LOAD build/stm32f0xx_hal_pwr.o
LOAD build/stm32f0xx_hal_adc.o
LOAD build/stm32f0xx_hal_adc_ex.o
LOAD build/startup_stm32f051x8.o
LOAD /home/arthurdent/Programs/gcc-arm-none-eabi-6-2017-q1-update/bin/../lib/gcc/arm-none-eabi/6.3.1/../../../../arm-none-eabi/lib/thumb/v6-m/libc_nano.a
LOAD /home/arthurdent/Programs/gcc-arm-none-eabi-6-2017-q1-update/bin/../lib/gcc/arm-none-eabi/6.3.1/../../../../arm-none-eabi/lib/thumb/v6-m/libm.a
LOAD /home/arthurdent/Programs/gcc-arm-none-eabi-6-2017-q1-update/bin/../lib/gcc/arm-none-eabi/6.3.1/../../../../arm-none-eabi/lib/thumb/v6-m/libnosys.a
START GROUP
LOAD /home/arthurdent/Programs/gcc-arm-none-eabi-6-2017-q1-update/bin/../lib/gcc/arm-none-eabi/6.3.1/thumb/v6-m/libgcc.a
LOAD /home/arthurdent/Programs/gcc-arm-none-eabi-6-2017-q1-update/bin/../lib/gcc/arm-none-eabi/6.3.1/../../../../arm-none-eabi/lib/thumb/v6-m/libc_nano.a
END GROUP
START GROUP
LOAD /home/arthurdent/Programs/gcc-arm-none-eabi-6-2017-q1-update/bin/../lib/gcc/arm-none-eabi/6.3.1/thumb/v6-m/libgcc.a
LOAD /home/arthurdent/Programs/gcc-arm-none-eabi-6-2017-q1-update/bin/../lib/gcc/arm-none-eabi/6.3.1/../../../../arm-none-eabi/lib/thumb/v6-m/libc_nano.a
END GROUP
LOAD /home/arthurdent/Programs/gcc-arm-none-eabi-6-2017-q1-update/bin/../lib/gcc/arm-none-eabi/6.3.1/thumb/v6-m/crtend.o
LOAD /home/arthurdent/Programs/gcc-arm-none-eabi-6-2017-q1-update/bin/../lib/gcc/arm-none-eabi/6.3.1/thumb/v6-m/crtn.o
                0x0000000020002000                _estack = 0x20002000
                0x0000000000000200                _Min_Heap_Size = 0x200
                0x0000000000000400                _Min_Stack_Size = 0x400

.isr_vector     0x0000000008000000       0xc0
                0x0000000008000000                . = ALIGN (0x4)
 *(.isr_vector)
 .isr_vector    0x0000000008000000       0xc0 build/startup_stm32f051x8.o
                0x0000000008000000                g_pfnVectors
                0x00000000080000c0                . = ALIGN (0x4)

.text           0x00000000080000c0     0x6ff8
                0x00000000080000c0                . = ALIGN (0x4)
 *(.text)
 .text          0x00000000080000c0       0x60 /home/arthurdent/Programs/gcc-arm-none-eabi-6-2017-q1-update/bin/../lib/gcc/arm-none-eabi/6.3.1/thumb/v6-m/crtbegin.o
 .text          0x0000000008000120        0xe /home/arthurdent/Programs/gcc-arm-none-eabi-6-2017-q1-update/bin/../lib/gcc/arm-none-eabi/6.3.1/../../../../arm-none-eabi/lib/thumb/v6-m/libc_nano.a(lib_a-strlen.o)
                0x0000000008000120                strlen
 *fill*         0x000000000800012e        0x2 
 .text          0x0000000008000130       0x14 /home/arthurdent/Programs/gcc-arm-none-eabi-6-2017-q1-update/bin/../lib/gcc/arm-none-eabi/6.3.1/thumb/v6-m/libgcc.a(_thumb1_case_uqi.o)
                0x0000000008000130                __gnu_thumb1_case_uqi
 .text          0x0000000008000144      0x114 /home/arthurdent/Programs/gcc-arm-none-eabi-6-2017-q1-update/bin/../lib/gcc/arm-none-eabi/6.3.1/thumb/v6-m/libgcc.a(_udivsi3.o)
                0x0000000008000144                __udivsi3
                0x0000000008000144                __aeabi_uidiv
                0x0000000008000250                __aeabi_uidivmod
 .text          0x0000000008000258      0x1d4 /home/arthurdent/Programs/gcc-arm-none-eabi-6-2017-q1-update/bin/../lib/gcc/arm-none-eabi/6.3.1/thumb/v6-m/libgcc.a(_divsi3.o)
                0x0000000008000258                __aeabi_idiv
                0x0000000008000258                __divsi3
                0x0000000008000424                __aeabi_idivmod
 .text          0x000000000800042c        0x4 /home/arthurdent/Programs/gcc-arm-none-eabi-6-2017-q1-update/bin/../lib/gcc/arm-none-eabi/6.3.1/thumb/v6-m/libgcc.a(_dvmd_tls.o)
                0x000000000800042c                __aeabi_ldiv0
                0x000000000800042c                __aeabi_idiv0
 .text          0x0000000008000430       0x7c /home/arthurdent/Programs/gcc-arm-none-eabi-6-2017-q1-update/bin/../lib/gcc/arm-none-eabi/6.3.1/thumb/v6-m/libgcc.a(_arm_cmpdf2.o)
                0x0000000008000430                __aeabi_cdrcmple
                0x0000000008000440                __aeabi_cdcmple
                0x0000000008000440                __aeabi_cdcmpeq
                0x0000000008000450                __aeabi_dcmpeq
                0x000000000800045c                __aeabi_dcmplt
                0x0000000008000470                __aeabi_dcmple
                0x0000000008000484                __aeabi_dcmpgt
                0x0000000008000498                __aeabi_dcmpge
 .text          0x00000000080004ac      0x620 /home/arthurdent/Programs/gcc-arm-none-eabi-6-2017-q1-update/bin/../lib/gcc/arm-none-eabi/6.3.1/thumb/v6-m/libgcc.a(adddf3.o)
                0x00000000080004ac                __aeabi_dadd
 .text          0x0000000008000acc      0x668 /home/arthurdent/Programs/gcc-arm-none-eabi-6-2017-q1-update/bin/../lib/gcc/arm-none-eabi/6.3.1/thumb/v6-m/libgcc.a(divdf3.o)
                0x0000000008000acc                __aeabi_ddiv
 .text          0x0000000008001134       0x74 /home/arthurdent/Programs/gcc-arm-none-eabi-6-2017-q1-update/bin/../lib/gcc/arm-none-eabi/6.3.1/thumb/v6-m/libgcc.a(eqdf2.o)
                0x0000000008001134                __eqdf2
                0x0000000008001134                __nedf2
 .text          0x00000000080011a8       0xc8 /home/arthurdent/Programs/gcc-arm-none-eabi-6-2017-q1-update/bin/../lib/gcc/arm-none-eabi/6.3.1/thumb/v6-m/libgcc.a(gedf2.o)
                0x00000000080011a8                __gtdf2
                0x00000000080011a8                __gedf2
 .text          0x0000000008001270       0xc4 /home/arthurdent/Programs/gcc-arm-none-eabi-6-2017-q1-update/bin/../lib/gcc/arm-none-eabi/6.3.1/thumb/v6-m/libgcc.a(ledf2.o)
                0x0000000008001270                __ltdf2
                0x0000000008001270                __ledf2
 .text          0x0000000008001334      0x500 /home/arthurdent/Programs/gcc-arm-none-eabi-6-2017-q1-update/bin/../lib/gcc/arm-none-eabi/6.3.1/thumb/v6-m/libgcc.a(muldf3.o)
                0x0000000008001334                __aeabi_dmul
 .text          0x0000000008001834      0x62c /home/arthurdent/Programs/gcc-arm-none-eabi-6-2017-q1-update/bin/../lib/gcc/arm-none-eabi/6.3.1/thumb/v6-m/libgcc.a(subdf3.o)
                0x0000000008001834                __aeabi_dsub
 .text          0x0000000008001e60       0x40 /home/arthurdent/Programs/gcc-arm-none-eabi-6-2017-q1-update/bin/../lib/gcc/arm-none-eabi/6.3.1/thumb/v6-m/libgcc.a(unorddf2.o)
                0x0000000008001e60                __aeabi_dcmpun
 .text          0x0000000008001ea0       0x68 /home/arthurdent/Programs/gcc-arm-none-eabi-6-2017-q1-update/bin/../lib/gcc/arm-none-eabi/6.3.1/thumb/v6-m/libgcc.a(fixdfsi.o)
                0x0000000008001ea0                __aeabi_d2iz
 .text          0x0000000008001f08       0x84 /home/arthurdent/Programs/gcc-arm-none-eabi-6-2017-q1-update/bin/../lib/gcc/arm-none-eabi/6.3.1/thumb/v6-m/libgcc.a(floatsidf.o)
                0x0000000008001f08                __aeabi_i2d
 .text          0x0000000008001f8c       0x70 /home/arthurdent/Programs/gcc-arm-none-eabi-6-2017-q1-update/bin/../lib/gcc/arm-none-eabi/6.3.1/thumb/v6-m/libgcc.a(floatunsidf.o)
                0x0000000008001f8c                __aeabi_ui2d
 .text          0x0000000008001ffc       0x3c /home/arthurdent/Programs/gcc-arm-none-eabi-6-2017-q1-update/bin/../lib/gcc/arm-none-eabi/6.3.1/thumb/v6-m/libgcc.a(_clzsi2.o)
                0x0000000008001ffc                __clzsi2
 *(.text*)
 .text.HAL_RCCEx_PeriphCLKConfig
                0x0000000008002038      0x12c build/stm32f0xx_hal_rcc_ex.o
                0x0000000008002038                HAL_RCCEx_PeriphCLKConfig
 .text.SystemInit
                0x0000000008002164       0x60 build/system_stm32f0xx.o
                0x0000000008002164                SystemInit
 .text.TIM_OC1_SetConfig
                0x00000000080021c4       0x8c build/stm32f0xx_hal_tim.o
 .text.TIM_OC3_SetConfig
                0x0000000008002250       0x94 build/stm32f0xx_hal_tim.o
 .text.TIM_OC4_SetConfig
                0x00000000080022e4       0x74 build/stm32f0xx_hal_tim.o
 .text.HAL_TIM_Base_Start
                0x0000000008002358       0x18 build/stm32f0xx_hal_tim.o
                0x0000000008002358                HAL_TIM_Base_Start
 .text.HAL_TIM_Base_Start_IT
                0x0000000008002370       0x16 build/stm32f0xx_hal_tim.o
                0x0000000008002370                HAL_TIM_Base_Start_IT
 *fill*         0x0000000008002386        0x2 
 .text.HAL_TIM_Base_Stop_IT
                0x0000000008002388       0x30 build/stm32f0xx_hal_tim.o
                0x0000000008002388                HAL_TIM_Base_Stop_IT
 .text.HAL_TIM_OC_DelayElapsedCallback
                0x00000000080023b8        0x2 build/stm32f0xx_hal_tim.o
                0x00000000080023b8                HAL_TIM_OC_DelayElapsedCallback
 .text.HAL_TIM_IC_CaptureCallback
                0x00000000080023ba        0x2 build/stm32f0xx_hal_tim.o
                0x00000000080023ba                HAL_TIM_IC_CaptureCallback
 .text.HAL_TIM_PWM_PulseFinishedCallback
                0x00000000080023bc        0x2 build/stm32f0xx_hal_tim.o
                0x00000000080023bc                HAL_TIM_PWM_PulseFinishedCallback
 .text.HAL_TIM_TriggerCallback
                0x00000000080023be        0x2 build/stm32f0xx_hal_tim.o
                0x00000000080023be                HAL_TIM_TriggerCallback
 .text.HAL_TIM_IRQHandler
                0x00000000080023c0      0x15a build/stm32f0xx_hal_tim.o
                0x00000000080023c0                HAL_TIM_IRQHandler
 *fill*         0x000000000800251a        0x2 
 .text.TIM_Base_SetConfig
                0x000000000800251c       0xa4 build/stm32f0xx_hal_tim.o
                0x000000000800251c                TIM_Base_SetConfig
 .text.HAL_TIM_Base_Init
                0x00000000080025c0       0x34 build/stm32f0xx_hal_tim.o
                0x00000000080025c0                HAL_TIM_Base_Init
 .text.HAL_TIM_PWM_Init
                0x00000000080025f4       0x34 build/stm32f0xx_hal_tim.o
                0x00000000080025f4                HAL_TIM_PWM_Init
 .text.TIM_OC2_SetConfig
                0x0000000008002628       0x88 build/stm32f0xx_hal_tim.o
                0x0000000008002628                TIM_OC2_SetConfig
 .text.HAL_TIM_PWM_ConfigChannel
                0x00000000080026b0       0xec build/stm32f0xx_hal_tim.o
                0x00000000080026b0                HAL_TIM_PWM_ConfigChannel
 .text.TIM_CCxChannelCmd
                0x000000000800279c       0x16 build/stm32f0xx_hal_tim.o
                0x000000000800279c                TIM_CCxChannelCmd
 *fill*         0x00000000080027b2        0x2 
 .text.HAL_TIM_PWM_Start
                0x00000000080027b4       0x64 build/stm32f0xx_hal_tim.o
                0x00000000080027b4                HAL_TIM_PWM_Start
 .text.HAL_MspInit
                0x0000000008002818       0x44 build/stm32f0xx_hal_msp.o
                0x0000000008002818                HAL_MspInit
 .text.HAL_ADC_MspInit
                0x000000000800285c       0x8c build/stm32f0xx_hal_msp.o
                0x000000000800285c                HAL_ADC_MspInit
 .text.HAL_ADC_MspDeInit
                0x00000000080028e8       0x38 build/stm32f0xx_hal_msp.o
                0x00000000080028e8                HAL_ADC_MspDeInit
 .text.HAL_TIM_PWM_MspInit
                0x0000000008002920       0x2c build/stm32f0xx_hal_msp.o
                0x0000000008002920                HAL_TIM_PWM_MspInit
 .text.HAL_TIM_Base_MspInit
                0x000000000800294c       0x60 build/stm32f0xx_hal_msp.o
                0x000000000800294c                HAL_TIM_Base_MspInit
 .text.HAL_TIM_MspPostInit
                0x00000000080029ac       0x34 build/stm32f0xx_hal_msp.o
                0x00000000080029ac                HAL_TIM_MspPostInit
 .text.HAL_UART_MspInit
                0x00000000080029e0       0x4c build/stm32f0xx_hal_msp.o
                0x00000000080029e0                HAL_UART_MspInit
 .text.HAL_GPIO_Init
                0x0000000008002a2c      0x18c build/stm32f0xx_hal_gpio.o
                0x0000000008002a2c                HAL_GPIO_Init
 .text.HAL_GPIO_DeInit
                0x0000000008002bb8       0xf8 build/stm32f0xx_hal_gpio.o
                0x0000000008002bb8                HAL_GPIO_DeInit
 .text.HAL_GPIO_ReadPin
                0x0000000008002cb0        0xe build/stm32f0xx_hal_gpio.o
                0x0000000008002cb0                HAL_GPIO_ReadPin
 .text.HAL_GPIO_WritePin
                0x0000000008002cbe        0xc build/stm32f0xx_hal_gpio.o
                0x0000000008002cbe                HAL_GPIO_WritePin
 .text.NMI_Handler
                0x0000000008002cca        0x2 build/stm32f0xx_it.o
                0x0000000008002cca                NMI_Handler
 .text.HardFault_Handler
                0x0000000008002ccc        0x2 build/stm32f0xx_it.o
                0x0000000008002ccc                HardFault_Handler
 .text.SVC_Handler
                0x0000000008002cce        0x2 build/stm32f0xx_it.o
                0x0000000008002cce                SVC_Handler
 .text.PendSV_Handler
                0x0000000008002cd0        0x2 build/stm32f0xx_it.o
                0x0000000008002cd0                PendSV_Handler
 .text.SysTick_Handler
                0x0000000008002cd2        0xc build/stm32f0xx_it.o
                0x0000000008002cd2                SysTick_Handler
 *fill*         0x0000000008002cde        0x2 
 .text.DMA1_Channel1_IRQHandler
                0x0000000008002ce0       0x10 build/stm32f0xx_it.o
                0x0000000008002ce0                DMA1_Channel1_IRQHandler
 .text.TIM16_IRQHandler
                0x0000000008002cf0       0x10 build/stm32f0xx_it.o
                0x0000000008002cf0                TIM16_IRQHandler
 .text.HAL_NVIC_SetPriority
                0x0000000008002d00       0x64 build/stm32f0xx_hal_cortex.o
                0x0000000008002d00                HAL_NVIC_SetPriority
 .text.HAL_NVIC_EnableIRQ
                0x0000000008002d64       0x14 build/stm32f0xx_hal_cortex.o
                0x0000000008002d64                HAL_NVIC_EnableIRQ
 .text.HAL_SYSTICK_Config
                0x0000000008002d78       0x38 build/stm32f0xx_hal_cortex.o
                0x0000000008002d78                HAL_SYSTICK_Config
 .text.HAL_SYSTICK_CLKSourceConfig
                0x0000000008002db0       0x20 build/stm32f0xx_hal_cortex.o
                0x0000000008002db0                HAL_SYSTICK_CLKSourceConfig
 .text.HAL_SYSTICK_Callback
                0x0000000008002dd0        0x2 build/stm32f0xx_hal_cortex.o
                0x0000000008002dd0                HAL_SYSTICK_Callback
 .text.HAL_SYSTICK_IRQHandler
                0x0000000008002dd2        0x8 build/stm32f0xx_hal_cortex.o
                0x0000000008002dd2                HAL_SYSTICK_IRQHandler
 *fill*         0x0000000008002dda        0x2 
 .text.MX_GPIO_Init
                0x0000000008002ddc       0x88 build/main.o
 .text.MX_DMA_Init
                0x0000000008002e64       0x30 build/main.o
 .text.__io_putchar
                0x0000000008002e94       0x20 build/main.o
                0x0000000008002e94                __io_putchar
 .text.boost_pwm
                0x0000000008002eb4       0x2c build/main.o
                0x0000000008002eb4                boost_pwm
 .text.break_before
                0x0000000008002ee0       0x34 build/main.o
                0x0000000008002ee0                break_before
 .text.HAL_TIM_PeriodElapsedCallback
                0x0000000008002f14       0xbc build/main.o
                0x0000000008002f14                HAL_TIM_PeriodElapsedCallback
 .text.transmit_pulse_train
                0x0000000008002fd0       0x2c build/main.o
                0x0000000008002fd0                transmit_pulse_train
 .text._Error_Handler
                0x0000000008002ffc       0x18 build/main.o
                0x0000000008002ffc                _Error_Handler
 .text.set_tx_frequency
                0x0000000008003014       0x44 build/main.o
                0x0000000008003014                set_tx_frequency
 .text.MX_ADC_Init
                0x0000000008003058       0x7c build/main.o
 .text.switch_adc_channel
                0x00000000080030d4       0x40 build/main.o
                0x00000000080030d4                switch_adc_channel
 .text.MX_USART1_UART_Init
                0x0000000008003114       0x44 build/main.o
 .text.MX_TIM1_Init
                0x0000000008003158       0xb8 build/main.o
 .text.MX_TIM16_Init
                0x0000000008003210       0x3c build/main.o
 .text.MX_TIM17_Init
                0x000000000800324c       0x40 build/main.o
 .text.SystemClock_Config
                0x000000000800328c       0xa8 build/main.o
                0x000000000800328c                SystemClock_Config
 .text.main     0x0000000008003334      0x114 build/main.o
                0x0000000008003334                main
 .text._sbrk    0x0000000008003448       0x50 build/syscalls.o
                0x0000000008003448                _sbrk
 .text._write   0x0000000008003498       0x1c build/syscalls.o
                0x0000000008003498                _write
 .text._close   0x00000000080034b4        0x6 build/syscalls.o
                0x00000000080034b4                _close
 .text._fstat   0x00000000080034ba        0xa build/syscalls.o
                0x00000000080034ba                _fstat
 .text._isatty  0x00000000080034c4        0x4 build/syscalls.o
                0x00000000080034c4                _isatty
 .text._lseek   0x00000000080034c8        0x4 build/syscalls.o
                0x00000000080034c8                _lseek
 .text._read    0x00000000080034cc       0x1e build/syscalls.o
                0x00000000080034cc                _read
 *fill*         0x00000000080034ea        0x2 
 .text.HAL_RCC_OscConfig
                0x00000000080034ec      0x44c build/stm32f0xx_hal_rcc.o
                0x00000000080034ec                HAL_RCC_OscConfig
 .text.HAL_RCC_GetSysClockFreq
                0x0000000008003938       0x6c build/stm32f0xx_hal_rcc.o
                0x0000000008003938                HAL_RCC_GetSysClockFreq
 .text.HAL_RCC_ClockConfig
                0x00000000080039a4      0x154 build/stm32f0xx_hal_rcc.o
                0x00000000080039a4                HAL_RCC_ClockConfig
 .text.HAL_RCC_GetHCLKFreq
                0x0000000008003af8        0xc build/stm32f0xx_hal_rcc.o
                0x0000000008003af8                HAL_RCC_GetHCLKFreq
 .text.HAL_RCC_GetPCLK1Freq
                0x0000000008003b04       0x20 build/stm32f0xx_hal_rcc.o
                0x0000000008003b04                HAL_RCC_GetPCLK1Freq
 .text.DMA_CalcBaseAndBitshift
                0x0000000008003b24       0x28 build/stm32f0xx_hal_dma.o
 .text.HAL_DMA_Init
                0x0000000008003b4c       0x58 build/stm32f0xx_hal_dma.o
                0x0000000008003b4c                HAL_DMA_Init
 .text.HAL_DMA_DeInit
                0x0000000008003ba4       0x40 build/stm32f0xx_hal_dma.o
                0x0000000008003ba4                HAL_DMA_DeInit
 .text.HAL_DMA_Abort
                0x0000000008003be4       0x2e build/stm32f0xx_hal_dma.o
                0x0000000008003be4                HAL_DMA_Abort
 .text.HAL_DMA_IRQHandler
                0x0000000008003c12       0xaa build/stm32f0xx_hal_dma.o
                0x0000000008003c12                HAL_DMA_IRQHandler
 .text.HAL_TIMEx_MasterConfigSynchronization
                0x0000000008003cbc       0x4c build/stm32f0xx_hal_tim_ex.o
                0x0000000008003cbc                HAL_TIMEx_MasterConfigSynchronization
 .text.HAL_TIMEx_ConfigBreakDeadTime
                0x0000000008003d08       0x7c build/stm32f0xx_hal_tim_ex.o
                0x0000000008003d08                HAL_TIMEx_ConfigBreakDeadTime
 .text.HAL_TIMEx_CommutationCallback
                0x0000000008003d84        0x2 build/stm32f0xx_hal_tim_ex.o
                0x0000000008003d84                HAL_TIMEx_CommutationCallback
 .text.HAL_TIMEx_BreakCallback
                0x0000000008003d86        0x2 build/stm32f0xx_hal_tim_ex.o
                0x0000000008003d86                HAL_TIMEx_BreakCallback
 .text.HAL_InitTick
                0x0000000008003d88       0x24 build/stm32f0xx_hal.o
                0x0000000008003d88                HAL_InitTick
 .text.HAL_Init
                0x0000000008003dac       0x20 build/stm32f0xx_hal.o
                0x0000000008003dac                HAL_Init
 .text.HAL_IncTick
                0x0000000008003dcc       0x10 build/stm32f0xx_hal.o
                0x0000000008003dcc                HAL_IncTick
 .text.HAL_GetTick
                0x0000000008003ddc        0xc build/stm32f0xx_hal.o
                0x0000000008003ddc                HAL_GetTick
 .text.HAL_Delay
                0x0000000008003de8       0x22 build/stm32f0xx_hal.o
                0x0000000008003de8                HAL_Delay
 *fill*         0x0000000008003e0a        0x2 
 .text.UART_SetConfig
                0x0000000008003e0c      0x1b4 build/stm32f0xx_hal_uart.o
                0x0000000008003e0c                UART_SetConfig
 .text.UART_AdvFeatureConfig
                0x0000000008003fc0       0xe0 build/stm32f0xx_hal_uart.o
                0x0000000008003fc0                UART_AdvFeatureConfig
 .text.UART_WaitOnFlagUntilTimeout
                0x00000000080040a0       0x6c build/stm32f0xx_hal_uart.o
                0x00000000080040a0                UART_WaitOnFlagUntilTimeout
 .text.HAL_UART_Transmit
                0x000000000800410c       0xe2 build/stm32f0xx_hal_uart.o
                0x000000000800410c                HAL_UART_Transmit
 *fill*         0x00000000080041ee        0x2 
 .text.UART_CheckIdleState
                0x00000000080041f0       0x78 build/stm32f0xx_hal_uart.o
                0x00000000080041f0                UART_CheckIdleState
 .text.HAL_HalfDuplex_Init
                0x0000000008004268       0x7c build/stm32f0xx_hal_uart.o
                0x0000000008004268                HAL_HalfDuplex_Init
 .text.ADC_ConversionStop
                0x00000000080042e4       0x54 build/stm32f0xx_hal_adc.o
 .text.ADC_Disable
                0x0000000008004338       0x8e build/stm32f0xx_hal_adc.o
 *fill*         0x00000000080043c6        0x2 
 .text.HAL_ADC_Init
                0x00000000080043c8      0x18c build/stm32f0xx_hal_adc.o
                0x00000000080043c8                HAL_ADC_Init
 .text.HAL_ADC_DeInit
                0x0000000008004554       0xa0 build/stm32f0xx_hal_adc.o
                0x0000000008004554                HAL_ADC_DeInit
 .text.HAL_ADC_Stop_DMA
                0x00000000080045f4       0x7c build/stm32f0xx_hal_adc.o
                0x00000000080045f4                HAL_ADC_Stop_DMA
 .text.HAL_ADC_ConfigChannel
                0x0000000008004670      0x14c build/stm32f0xx_hal_adc.o
                0x0000000008004670                HAL_ADC_ConfigChannel
 .text.Reset_Handler
                0x00000000080047bc       0x50 build/startup_stm32f051x8.o
                0x00000000080047bc                Reset_Handler
 .text.Default_Handler
                0x000000000800480c        0x2 build/startup_stm32f051x8.o
                0x000000000800480c                TIM1_CC_IRQHandler
                0x000000000800480c                TSC_IRQHandler
                0x000000000800480c                ADC1_COMP_IRQHandler
                0x000000000800480c                PVD_IRQHandler
                0x000000000800480c                I2C1_IRQHandler
                0x000000000800480c                RCC_CRS_IRQHandler
                0x000000000800480c                SPI1_IRQHandler
                0x000000000800480c                TIM6_DAC_IRQHandler
                0x000000000800480c                EXTI2_3_IRQHandler
                0x000000000800480c                I2C2_IRQHandler
                0x000000000800480c                TIM17_IRQHandler
                0x000000000800480c                CEC_CAN_IRQHandler
                0x000000000800480c                RTC_IRQHandler
                0x000000000800480c                TIM3_IRQHandler
                0x000000000800480c                EXTI4_15_IRQHandler
                0x000000000800480c                Default_Handler
                0x000000000800480c                TIM14_IRQHandler
                0x000000000800480c                DMA1_Channel4_5_IRQHandler
                0x000000000800480c                TIM15_IRQHandler
                0x000000000800480c                EXTI0_1_IRQHandler
                0x000000000800480c                SPI2_IRQHandler
                0x000000000800480c                WWDG_IRQHandler
                0x000000000800480c                TIM2_IRQHandler
                0x000000000800480c                DMA1_Channel2_3_IRQHandler
                0x000000000800480c                USART2_IRQHandler
                0x000000000800480c                FLASH_IRQHandler
                0x000000000800480c                USART1_IRQHandler
                0x000000000800480c                TIM1_BRK_UP_TRG_COM_IRQHandler
 *fill*         0x000000000800480e        0x2 
 .text.__libc_init_array
                0x0000000008004810       0x48 /home/arthurdent/Programs/gcc-arm-none-eabi-6-2017-q1-update/bin/../lib/gcc/arm-none-eabi/6.3.1/../../../../arm-none-eabi/lib/thumb/v6-m/libc_nano.a(lib_a-init.o)
                0x0000000008004810                __libc_init_array
 .text.memset   0x0000000008004858       0x10 /home/arthurdent/Programs/gcc-arm-none-eabi-6-2017-q1-update/bin/../lib/gcc/arm-none-eabi/6.3.1/../../../../arm-none-eabi/lib/thumb/v6-m/libc_nano.a(lib_a-memset.o)
                0x0000000008004858                memset
 .text.__cvt    0x0000000008004868       0xc8 /home/arthurdent/Programs/gcc-arm-none-eabi-6-2017-q1-update/bin/../lib/gcc/arm-none-eabi/6.3.1/../../../../arm-none-eabi/lib/thumb/v6-m/libc_nano.a(lib_a-nano-vfprintf_float.o)
                0x0000000008004868                __cvt
 .text.__exponent
                0x0000000008004930       0x70 /home/arthurdent/Programs/gcc-arm-none-eabi-6-2017-q1-update/bin/../lib/gcc/arm-none-eabi/6.3.1/../../../../arm-none-eabi/lib/thumb/v6-m/libc_nano.a(lib_a-nano-vfprintf_float.o)
                0x0000000008004930                __exponent
 .text._printf_float
                0x00000000080049a0      0x498 /home/arthurdent/Programs/gcc-arm-none-eabi-6-2017-q1-update/bin/../lib/gcc/arm-none-eabi/6.3.1/../../../../arm-none-eabi/lib/thumb/v6-m/libc_nano.a(lib_a-nano-vfprintf_float.o)
                0x00000000080049a0                _printf_float
 .text._printf_common
                0x0000000008004e38       0xda /home/arthurdent/Programs/gcc-arm-none-eabi-6-2017-q1-update/bin/../lib/gcc/arm-none-eabi/6.3.1/../../../../arm-none-eabi/lib/thumb/v6-m/libc_nano.a(lib_a-nano-vfprintf_i.o)
                0x0000000008004e38                _printf_common
 *fill*         0x0000000008004f12        0x2 
 .text._printf_i
                0x0000000008004f14      0x234 /home/arthurdent/Programs/gcc-arm-none-eabi-6-2017-q1-update/bin/../lib/gcc/arm-none-eabi/6.3.1/../../../../arm-none-eabi/lib/thumb/v6-m/libc_nano.a(lib_a-nano-vfprintf_i.o)
                0x0000000008004f14                _printf_i
 .text.printf   0x0000000008005148       0x34 /home/arthurdent/Programs/gcc-arm-none-eabi-6-2017-q1-update/bin/../lib/gcc/arm-none-eabi/6.3.1/../../../../arm-none-eabi/lib/thumb/v6-m/libc_nano.a(lib_a-printf.o)
                0x0000000008005148                printf
                0x0000000008005148                iprintf
 .text._puts_r  0x000000000800517c       0xc0 /home/arthurdent/Programs/gcc-arm-none-eabi-6-2017-q1-update/bin/../lib/gcc/arm-none-eabi/6.3.1/../../../../arm-none-eabi/lib/thumb/v6-m/libc_nano.a(lib_a-puts.o)
                0x000000000800517c                _puts_r
 .text.puts     0x000000000800523c       0x14 /home/arthurdent/Programs/gcc-arm-none-eabi-6-2017-q1-update/bin/../lib/gcc/arm-none-eabi/6.3.1/../../../../arm-none-eabi/lib/thumb/v6-m/libc_nano.a(lib_a-puts.o)
                0x000000000800523c                puts
 .text.__swbuf_r
                0x0000000008005250       0xac /home/arthurdent/Programs/gcc-arm-none-eabi-6-2017-q1-update/bin/../lib/gcc/arm-none-eabi/6.3.1/../../../../arm-none-eabi/lib/thumb/v6-m/libc_nano.a(lib_a-wbuf.o)
                0x0000000008005250                __swbuf_r
 .text.__swsetup_r
                0x00000000080052fc       0xec /home/arthurdent/Programs/gcc-arm-none-eabi-6-2017-q1-update/bin/../lib/gcc/arm-none-eabi/6.3.1/../../../../arm-none-eabi/lib/thumb/v6-m/libc_nano.a(lib_a-wsetup.o)
                0x00000000080052fc                __swsetup_r
 .text.quorem   0x00000000080053e8      0x108 /home/arthurdent/Programs/gcc-arm-none-eabi-6-2017-q1-update/bin/../lib/gcc/arm-none-eabi/6.3.1/../../../../arm-none-eabi/lib/thumb/v6-m/libc_nano.a(lib_a-dtoa.o)
 .text._dtoa_r  0x00000000080054f0      0xbd0 /home/arthurdent/Programs/gcc-arm-none-eabi-6-2017-q1-update/bin/../lib/gcc/arm-none-eabi/6.3.1/../../../../arm-none-eabi/lib/thumb/v6-m/libc_nano.a(lib_a-dtoa.o)
                0x00000000080054f0                _dtoa_r
 .text.__sflush_r
                0x00000000080060c0      0x114 /home/arthurdent/Programs/gcc-arm-none-eabi-6-2017-q1-update/bin/../lib/gcc/arm-none-eabi/6.3.1/../../../../arm-none-eabi/lib/thumb/v6-m/libc_nano.a(lib_a-fflush.o)
                0x00000000080060c0                __sflush_r
 .text._fflush_r
                0x00000000080061d4       0x58 /home/arthurdent/Programs/gcc-arm-none-eabi-6-2017-q1-update/bin/../lib/gcc/arm-none-eabi/6.3.1/../../../../arm-none-eabi/lib/thumb/v6-m/libc_nano.a(lib_a-fflush.o)
                0x00000000080061d4                _fflush_r
 .text._cleanup_r
                0x000000000800622c       0x10 /home/arthurdent/Programs/gcc-arm-none-eabi-6-2017-q1-update/bin/../lib/gcc/arm-none-eabi/6.3.1/../../../../arm-none-eabi/lib/thumb/v6-m/libc_nano.a(lib_a-findfp.o)
                0x000000000800622c                _cleanup_r
 .text.std.isra.0
                0x000000000800623c       0x48 /home/arthurdent/Programs/gcc-arm-none-eabi-6-2017-q1-update/bin/../lib/gcc/arm-none-eabi/6.3.1/../../../../arm-none-eabi/lib/thumb/v6-m/libc_nano.a(lib_a-findfp.o)
 .text.__sfmoreglue
                0x0000000008006284       0x2c /home/arthurdent/Programs/gcc-arm-none-eabi-6-2017-q1-update/bin/../lib/gcc/arm-none-eabi/6.3.1/../../../../arm-none-eabi/lib/thumb/v6-m/libc_nano.a(lib_a-findfp.o)
                0x0000000008006284                __sfmoreglue
 .text.__sinit  0x00000000080062b0       0x68 /home/arthurdent/Programs/gcc-arm-none-eabi-6-2017-q1-update/bin/../lib/gcc/arm-none-eabi/6.3.1/../../../../arm-none-eabi/lib/thumb/v6-m/libc_nano.a(lib_a-findfp.o)
                0x00000000080062b0                __sinit
 .text.__sfp    0x0000000008006318       0x80 /home/arthurdent/Programs/gcc-arm-none-eabi-6-2017-q1-update/bin/../lib/gcc/arm-none-eabi/6.3.1/../../../../arm-none-eabi/lib/thumb/v6-m/libc_nano.a(lib_a-findfp.o)
                0x0000000008006318                __sfp
 .text._fwalk_reent
                0x0000000008006398       0x42 /home/arthurdent/Programs/gcc-arm-none-eabi-6-2017-q1-update/bin/../lib/gcc/arm-none-eabi/6.3.1/../../../../arm-none-eabi/lib/thumb/v6-m/libc_nano.a(lib_a-fwalk.o)
                0x0000000008006398                _fwalk_reent
 *fill*         0x00000000080063da        0x2 
 .text._localeconv_r
                0x00000000080063dc       0x18 /home/arthurdent/Programs/gcc-arm-none-eabi-6-2017-q1-update/bin/../lib/gcc/arm-none-eabi/6.3.1/../../../../arm-none-eabi/lib/thumb/v6-m/libc_nano.a(lib_a-localeconv.o)
                0x00000000080063dc                _localeconv_r
 .text.__swhatbuf_r
                0x00000000080063f4       0x50 /home/arthurdent/Programs/gcc-arm-none-eabi-6-2017-q1-update/bin/../lib/gcc/arm-none-eabi/6.3.1/../../../../arm-none-eabi/lib/thumb/v6-m/libc_nano.a(lib_a-makebuf.o)
                0x00000000080063f4                __swhatbuf_r
 .text.__smakebuf_r
                0x0000000008006444       0x88 /home/arthurdent/Programs/gcc-arm-none-eabi-6-2017-q1-update/bin/../lib/gcc/arm-none-eabi/6.3.1/../../../../arm-none-eabi/lib/thumb/v6-m/libc_nano.a(lib_a-makebuf.o)
                0x0000000008006444                __smakebuf_r
 .text.malloc   0x00000000080064cc       0x14 /home/arthurdent/Programs/gcc-arm-none-eabi-6-2017-q1-update/bin/../lib/gcc/arm-none-eabi/6.3.1/../../../../arm-none-eabi/lib/thumb/v6-m/libc_nano.a(lib_a-malloc.o)
                0x00000000080064cc                malloc
 .text.memchr   0x00000000080064e0       0x16 /home/arthurdent/Programs/gcc-arm-none-eabi-6-2017-q1-update/bin/../lib/gcc/arm-none-eabi/6.3.1/../../../../arm-none-eabi/lib/thumb/v6-m/libc_nano.a(lib_a-memchr-stub.o)
                0x00000000080064e0                memchr
 .text.memcpy   0x00000000080064f6       0x12 /home/arthurdent/Programs/gcc-arm-none-eabi-6-2017-q1-update/bin/../lib/gcc/arm-none-eabi/6.3.1/../../../../arm-none-eabi/lib/thumb/v6-m/libc_nano.a(lib_a-memcpy-stub.o)
                0x00000000080064f6                memcpy
 .text._Balloc  0x0000000008006508       0x70 /home/arthurdent/Programs/gcc-arm-none-eabi-6-2017-q1-update/bin/../lib/gcc/arm-none-eabi/6.3.1/../../../../arm-none-eabi/lib/thumb/v6-m/libc_nano.a(lib_a-mprec.o)
                0x0000000008006508                _Balloc
 .text._Bfree   0x0000000008006578       0x32 /home/arthurdent/Programs/gcc-arm-none-eabi-6-2017-q1-update/bin/../lib/gcc/arm-none-eabi/6.3.1/../../../../arm-none-eabi/lib/thumb/v6-m/libc_nano.a(lib_a-mprec.o)
                0x0000000008006578                _Bfree
 .text.__multadd
                0x00000000080065aa       0x78 /home/arthurdent/Programs/gcc-arm-none-eabi-6-2017-q1-update/bin/../lib/gcc/arm-none-eabi/6.3.1/../../../../arm-none-eabi/lib/thumb/v6-m/libc_nano.a(lib_a-mprec.o)
                0x00000000080065aa                __multadd
 .text.__hi0bits
                0x0000000008006622       0x34 /home/arthurdent/Programs/gcc-arm-none-eabi-6-2017-q1-update/bin/../lib/gcc/arm-none-eabi/6.3.1/../../../../arm-none-eabi/lib/thumb/v6-m/libc_nano.a(lib_a-mprec.o)
                0x0000000008006622                __hi0bits
 .text.__lo0bits
                0x0000000008006656       0x5e /home/arthurdent/Programs/gcc-arm-none-eabi-6-2017-q1-update/bin/../lib/gcc/arm-none-eabi/6.3.1/../../../../arm-none-eabi/lib/thumb/v6-m/libc_nano.a(lib_a-mprec.o)
                0x0000000008006656                __lo0bits
 .text.__i2b    0x00000000080066b4       0x12 /home/arthurdent/Programs/gcc-arm-none-eabi-6-2017-q1-update/bin/../lib/gcc/arm-none-eabi/6.3.1/../../../../arm-none-eabi/lib/thumb/v6-m/libc_nano.a(lib_a-mprec.o)
                0x00000000080066b4                __i2b
 .text.__multiply
                0x00000000080066c6      0x11e /home/arthurdent/Programs/gcc-arm-none-eabi-6-2017-q1-update/bin/../lib/gcc/arm-none-eabi/6.3.1/../../../../arm-none-eabi/lib/thumb/v6-m/libc_nano.a(lib_a-mprec.o)
                0x00000000080066c6                __multiply
 .text.__pow5mult
                0x00000000080067e4       0xa4 /home/arthurdent/Programs/gcc-arm-none-eabi-6-2017-q1-update/bin/../lib/gcc/arm-none-eabi/6.3.1/../../../../arm-none-eabi/lib/thumb/v6-m/libc_nano.a(lib_a-mprec.o)
                0x00000000080067e4                __pow5mult
 .text.__lshift
                0x0000000008006888       0xa2 /home/arthurdent/Programs/gcc-arm-none-eabi-6-2017-q1-update/bin/../lib/gcc/arm-none-eabi/6.3.1/../../../../arm-none-eabi/lib/thumb/v6-m/libc_nano.a(lib_a-mprec.o)
                0x0000000008006888                __lshift
 .text.__mcmp   0x000000000800692a       0x32 /home/arthurdent/Programs/gcc-arm-none-eabi-6-2017-q1-update/bin/../lib/gcc/arm-none-eabi/6.3.1/../../../../arm-none-eabi/lib/thumb/v6-m/libc_nano.a(lib_a-mprec.o)
                0x000000000800692a                __mcmp
 .text.__mdiff  0x000000000800695c       0xc8 /home/arthurdent/Programs/gcc-arm-none-eabi-6-2017-q1-update/bin/../lib/gcc/arm-none-eabi/6.3.1/../../../../arm-none-eabi/lib/thumb/v6-m/libc_nano.a(lib_a-mprec.o)
                0x000000000800695c                __mdiff
 .text.__d2b    0x0000000008006a24       0xa8 /home/arthurdent/Programs/gcc-arm-none-eabi-6-2017-q1-update/bin/../lib/gcc/arm-none-eabi/6.3.1/../../../../arm-none-eabi/lib/thumb/v6-m/libc_nano.a(lib_a-mprec.o)
                0x0000000008006a24                __d2b
 .text._calloc_r
                0x0000000008006acc       0x1c /home/arthurdent/Programs/gcc-arm-none-eabi-6-2017-q1-update/bin/../lib/gcc/arm-none-eabi/6.3.1/../../../../arm-none-eabi/lib/thumb/v6-m/libc_nano.a(lib_a-nano-callocr.o)
                0x0000000008006acc                _calloc_r
 .text._free_r  0x0000000008006ae8       0x94 /home/arthurdent/Programs/gcc-arm-none-eabi-6-2017-q1-update/bin/../lib/gcc/arm-none-eabi/6.3.1/../../../../arm-none-eabi/lib/thumb/v6-m/libc_nano.a(lib_a-nano-freer.o)
                0x0000000008006ae8                _free_r
 .text._malloc_r
                0x0000000008006b7c       0xbc /home/arthurdent/Programs/gcc-arm-none-eabi-6-2017-q1-update/bin/../lib/gcc/arm-none-eabi/6.3.1/../../../../arm-none-eabi/lib/thumb/v6-m/libc_nano.a(lib_a-nano-mallocr.o)
                0x0000000008006b7c                _malloc_r
 .text.__sfputc_r
                0x0000000008006c38       0x2a /home/arthurdent/Programs/gcc-arm-none-eabi-6-2017-q1-update/bin/../lib/gcc/arm-none-eabi/6.3.1/../../../../arm-none-eabi/lib/thumb/v6-m/libc_nano.a(lib_a-nano-vfprintf.o)
 .text.__sfputs_r
                0x0000000008006c62       0x24 /home/arthurdent/Programs/gcc-arm-none-eabi-6-2017-q1-update/bin/../lib/gcc/arm-none-eabi/6.3.1/../../../../arm-none-eabi/lib/thumb/v6-m/libc_nano.a(lib_a-nano-vfprintf.o)
                0x0000000008006c62                __sfputs_r
 *fill*         0x0000000008006c86        0x2 
 .text._vfprintf_r
                0x0000000008006c88      0x238 /home/arthurdent/Programs/gcc-arm-none-eabi-6-2017-q1-update/bin/../lib/gcc/arm-none-eabi/6.3.1/../../../../arm-none-eabi/lib/thumb/v6-m/libc_nano.a(lib_a-nano-vfprintf.o)
                0x0000000008006c88                _vfiprintf_r
                0x0000000008006c88                _vfprintf_r
 .text._sbrk_r  0x0000000008006ec0       0x24 /home/arthurdent/Programs/gcc-arm-none-eabi-6-2017-q1-update/bin/../lib/gcc/arm-none-eabi/6.3.1/../../../../arm-none-eabi/lib/thumb/v6-m/libc_nano.a(lib_a-sbrkr.o)
                0x0000000008006ec0                _sbrk_r
 .text.__sread  0x0000000008006ee4       0x28 /home/arthurdent/Programs/gcc-arm-none-eabi-6-2017-q1-update/bin/../lib/gcc/arm-none-eabi/6.3.1/../../../../arm-none-eabi/lib/thumb/v6-m/libc_nano.a(lib_a-stdio.o)
                0x0000000008006ee4                __sread
 .text.__swrite
                0x0000000008006f0c       0x38 /home/arthurdent/Programs/gcc-arm-none-eabi-6-2017-q1-update/bin/../lib/gcc/arm-none-eabi/6.3.1/../../../../arm-none-eabi/lib/thumb/v6-m/libc_nano.a(lib_a-stdio.o)
                0x0000000008006f0c                __swrite
 .text.__sseek  0x0000000008006f44       0x2c /home/arthurdent/Programs/gcc-arm-none-eabi-6-2017-q1-update/bin/../lib/gcc/arm-none-eabi/6.3.1/../../../../arm-none-eabi/lib/thumb/v6-m/libc_nano.a(lib_a-stdio.o)
                0x0000000008006f44                __sseek
 .text.__sclose
                0x0000000008006f70        0xc /home/arthurdent/Programs/gcc-arm-none-eabi-6-2017-q1-update/bin/../lib/gcc/arm-none-eabi/6.3.1/../../../../arm-none-eabi/lib/thumb/v6-m/libc_nano.a(lib_a-stdio.o)
                0x0000000008006f70                __sclose
 .text._write_r
                0x0000000008006f7c       0x28 /home/arthurdent/Programs/gcc-arm-none-eabi-6-2017-q1-update/bin/../lib/gcc/arm-none-eabi/6.3.1/../../../../arm-none-eabi/lib/thumb/v6-m/libc_nano.a(lib_a-writer.o)
                0x0000000008006f7c                _write_r
 .text._close_r
                0x0000000008006fa4       0x24 /home/arthurdent/Programs/gcc-arm-none-eabi-6-2017-q1-update/bin/../lib/gcc/arm-none-eabi/6.3.1/../../../../arm-none-eabi/lib/thumb/v6-m/libc_nano.a(lib_a-closer.o)
                0x0000000008006fa4                _close_r
 .text._fstat_r
                0x0000000008006fc8       0x24 /home/arthurdent/Programs/gcc-arm-none-eabi-6-2017-q1-update/bin/../lib/gcc/arm-none-eabi/6.3.1/../../../../arm-none-eabi/lib/thumb/v6-m/libc_nano.a(lib_a-fstatr.o)
                0x0000000008006fc8                _fstat_r
 .text._isatty_r
                0x0000000008006fec       0x24 /home/arthurdent/Programs/gcc-arm-none-eabi-6-2017-q1-update/bin/../lib/gcc/arm-none-eabi/6.3.1/../../../../arm-none-eabi/lib/thumb/v6-m/libc_nano.a(lib_a-isattyr.o)
                0x0000000008006fec                _isatty_r
 .text._lseek_r
                0x0000000008007010       0x28 /home/arthurdent/Programs/gcc-arm-none-eabi-6-2017-q1-update/bin/../lib/gcc/arm-none-eabi/6.3.1/../../../../arm-none-eabi/lib/thumb/v6-m/libc_nano.a(lib_a-lseekr.o)
                0x0000000008007010                _lseek_r
 .text.__ascii_mbtowc
                0x0000000008007038       0x24 /home/arthurdent/Programs/gcc-arm-none-eabi-6-2017-q1-update/bin/../lib/gcc/arm-none-eabi/6.3.1/../../../../arm-none-eabi/lib/thumb/v6-m/libc_nano.a(lib_a-mbtowc_r.o)
                0x0000000008007038                __ascii_mbtowc
 .text.__malloc_lock
                0x000000000800705c        0x2 /home/arthurdent/Programs/gcc-arm-none-eabi-6-2017-q1-update/bin/../lib/gcc/arm-none-eabi/6.3.1/../../../../arm-none-eabi/lib/thumb/v6-m/libc_nano.a(lib_a-mlock.o)
                0x000000000800705c                __malloc_lock
 .text.__malloc_unlock
                0x000000000800705e        0x2 /home/arthurdent/Programs/gcc-arm-none-eabi-6-2017-q1-update/bin/../lib/gcc/arm-none-eabi/6.3.1/../../../../arm-none-eabi/lib/thumb/v6-m/libc_nano.a(lib_a-mlock.o)
                0x000000000800705e                __malloc_unlock
 .text._read_r  0x0000000008007060       0x28 /home/arthurdent/Programs/gcc-arm-none-eabi-6-2017-q1-update/bin/../lib/gcc/arm-none-eabi/6.3.1/../../../../arm-none-eabi/lib/thumb/v6-m/libc_nano.a(lib_a-readr.o)
                0x0000000008007060                _read_r
 .text.__ascii_wctomb
                0x0000000008007088       0x18 /home/arthurdent/Programs/gcc-arm-none-eabi-6-2017-q1-update/bin/../lib/gcc/arm-none-eabi/6.3.1/../../../../arm-none-eabi/lib/thumb/v6-m/libc_nano.a(lib_a-wctomb_r.o)
                0x0000000008007088                __ascii_wctomb
 *(.glue_7)
 .glue_7        0x00000000080070a0        0x0 linker stubs
 *(.glue_7t)
 .glue_7t       0x00000000080070a0        0x0 linker stubs
 *(.eh_frame)
 .eh_frame      0x00000000080070a0        0x0 /home/arthurdent/Programs/gcc-arm-none-eabi-6-2017-q1-update/bin/../lib/gcc/arm-none-eabi/6.3.1/thumb/v6-m/crtbegin.o
 *(.init)
 .init          0x00000000080070a0        0x4 /home/arthurdent/Programs/gcc-arm-none-eabi-6-2017-q1-update/bin/../lib/gcc/arm-none-eabi/6.3.1/thumb/v6-m/crti.o
                0x00000000080070a0                _init
 .init          0x00000000080070a4        0x8 /home/arthurdent/Programs/gcc-arm-none-eabi-6-2017-q1-update/bin/../lib/gcc/arm-none-eabi/6.3.1/thumb/v6-m/crtn.o
 *(.fini)
 .fini          0x00000000080070ac        0x4 /home/arthurdent/Programs/gcc-arm-none-eabi-6-2017-q1-update/bin/../lib/gcc/arm-none-eabi/6.3.1/thumb/v6-m/crti.o
                0x00000000080070ac                _fini
 .fini          0x00000000080070b0        0x8 /home/arthurdent/Programs/gcc-arm-none-eabi-6-2017-q1-update/bin/../lib/gcc/arm-none-eabi/6.3.1/thumb/v6-m/crtn.o
                0x00000000080070b8                . = ALIGN (0x4)
                0x00000000080070b8                _etext = .

.vfp11_veneer   0x00000000080070b8        0x0
 .vfp11_veneer  0x00000000080070b8        0x0 linker stubs

.v4_bx          0x00000000080070b8        0x0
 .v4_bx         0x00000000080070b8        0x0 linker stubs

.iplt           0x00000000080070b8        0x0
 .iplt          0x00000000080070b8        0x0 /home/arthurdent/Programs/gcc-arm-none-eabi-6-2017-q1-update/bin/../lib/gcc/arm-none-eabi/6.3.1/thumb/v6-m/crtbegin.o

.rodata         0x00000000080070b8      0x3c8
                0x00000000080070b8                . = ALIGN (0x4)
 *(.rodata)
 .rodata        0x00000000080070b8       0x20 build/stm32f0xx_hal_rcc.o
 .rodata        0x00000000080070d8       0x40 /home/arthurdent/Programs/gcc-arm-none-eabi-6-2017-q1-update/bin/../lib/gcc/arm-none-eabi/6.3.1/thumb/v6-m/libgcc.a(divdf3.o)
 .rodata        0x0000000008007118       0x40 /home/arthurdent/Programs/gcc-arm-none-eabi-6-2017-q1-update/bin/../lib/gcc/arm-none-eabi/6.3.1/thumb/v6-m/libgcc.a(muldf3.o)
 *(.rodata*)
 .rodata.AHBPrescTable
                0x0000000008007158       0x10 build/system_stm32f0xx.o
                0x0000000008007158                AHBPrescTable
 .rodata.APBPrescTable
                0x0000000008007168        0x8 build/system_stm32f0xx.o
                0x0000000008007168                APBPrescTable
 .rodata.HAL_ADC_MspInit.str1.4
                0x0000000008007170       0x18 build/stm32f0xx_hal_msp.o
 .rodata._Error_Handler.str1.4
                0x0000000008007188       0x12 build/main.o
 *fill*         0x000000000800719a        0x2 
 .rodata.dump_pulses.str1.4
                0x000000000800719c        0xb build/main.o
 *fill*         0x00000000080071a7        0x1 
 .rodata.main.str1.4
                0x00000000080071a8        0x5 build/main.o
 *fill*         0x00000000080071ad        0x3 
 .rodata.set_tx_frequency.str1.4
                0x00000000080071b0        0xc build/main.o
                                          0xb (size before relaxing)
 .rodata._global_impure_ptr
                0x00000000080071bc        0x4 /home/arthurdent/Programs/gcc-arm-none-eabi-6-2017-q1-update/bin/../lib/gcc/arm-none-eabi/6.3.1/../../../../arm-none-eabi/lib/thumb/v6-m/libc_nano.a(lib_a-impure.o)
                0x00000000080071bc                _global_impure_ptr
 .rodata._printf_float.str1.1
                0x00000000080071c0       0x12 /home/arthurdent/Programs/gcc-arm-none-eabi-6-2017-q1-update/bin/../lib/gcc/arm-none-eabi/6.3.1/../../../../arm-none-eabi/lib/thumb/v6-m/libc_nano.a(lib_a-nano-vfprintf_float.o)
 .rodata._printf_i.str1.1
                0x00000000080071d2       0x22 /home/arthurdent/Programs/gcc-arm-none-eabi-6-2017-q1-update/bin/../lib/gcc/arm-none-eabi/6.3.1/../../../../arm-none-eabi/lib/thumb/v6-m/libc_nano.a(lib_a-nano-vfprintf_i.o)
 .rodata._dtoa_r.str1.1
                0x00000000080071f4        0xd /home/arthurdent/Programs/gcc-arm-none-eabi-6-2017-q1-update/bin/../lib/gcc/arm-none-eabi/6.3.1/../../../../arm-none-eabi/lib/thumb/v6-m/libc_nano.a(lib_a-dtoa.o)
                                          0xf (size before relaxing)
 *fill*         0x0000000008007201        0x3 
 .rodata.__sf_fake_stderr
                0x0000000008007204       0x20 /home/arthurdent/Programs/gcc-arm-none-eabi-6-2017-q1-update/bin/../lib/gcc/arm-none-eabi/6.3.1/../../../../arm-none-eabi/lib/thumb/v6-m/libc_nano.a(lib_a-findfp.o)
                0x0000000008007204                __sf_fake_stderr
 .rodata.__sf_fake_stdin
                0x0000000008007224       0x20 /home/arthurdent/Programs/gcc-arm-none-eabi-6-2017-q1-update/bin/../lib/gcc/arm-none-eabi/6.3.1/../../../../arm-none-eabi/lib/thumb/v6-m/libc_nano.a(lib_a-findfp.o)
                0x0000000008007224                __sf_fake_stdin
 .rodata.__sf_fake_stdout
                0x0000000008007244       0x20 /home/arthurdent/Programs/gcc-arm-none-eabi-6-2017-q1-update/bin/../lib/gcc/arm-none-eabi/6.3.1/../../../../arm-none-eabi/lib/thumb/v6-m/libc_nano.a(lib_a-findfp.o)
                0x0000000008007244                __sf_fake_stdout
 *fill*         0x0000000008007264        0x4 
 .rodata.__mprec_bigtens
                0x0000000008007268       0x28 /home/arthurdent/Programs/gcc-arm-none-eabi-6-2017-q1-update/bin/../lib/gcc/arm-none-eabi/6.3.1/../../../../arm-none-eabi/lib/thumb/v6-m/libc_nano.a(lib_a-mprec.o)
                0x0000000008007268                __mprec_bigtens
 .rodata.__mprec_tens
                0x0000000008007290       0xc8 /home/arthurdent/Programs/gcc-arm-none-eabi-6-2017-q1-update/bin/../lib/gcc/arm-none-eabi/6.3.1/../../../../arm-none-eabi/lib/thumb/v6-m/libc_nano.a(lib_a-mprec.o)
                0x0000000008007290                __mprec_tens
 .rodata.p05.6052
                0x0000000008007358        0xc /home/arthurdent/Programs/gcc-arm-none-eabi-6-2017-q1-update/bin/../lib/gcc/arm-none-eabi/6.3.1/../../../../arm-none-eabi/lib/thumb/v6-m/libc_nano.a(lib_a-mprec.o)
 .rodata._vfprintf_r.str1.1
                0x0000000008007364       0x11 /home/arthurdent/Programs/gcc-arm-none-eabi-6-2017-q1-update/bin/../lib/gcc/arm-none-eabi/6.3.1/../../../../arm-none-eabi/lib/thumb/v6-m/libc_nano.a(lib_a-nano-vfprintf.o)
 .rodata._setlocale_r.str1.1
                0x0000000008007375        0x8 /home/arthurdent/Programs/gcc-arm-none-eabi-6-2017-q1-update/bin/../lib/gcc/arm-none-eabi/6.3.1/../../../../arm-none-eabi/lib/thumb/v6-m/libc_nano.a(lib_a-locale.o)
                                          0x9 (size before relaxing)
 .rodata.str1.1
                0x000000000800737d        0x2 /home/arthurdent/Programs/gcc-arm-none-eabi-6-2017-q1-update/bin/../lib/gcc/arm-none-eabi/6.3.1/../../../../arm-none-eabi/lib/thumb/v6-m/libc_nano.a(lib_a-locale.o)
 .rodata._ctype_
                0x000000000800737f      0x101 /home/arthurdent/Programs/gcc-arm-none-eabi-6-2017-q1-update/bin/../lib/gcc/arm-none-eabi/6.3.1/../../../../arm-none-eabi/lib/thumb/v6-m/libc_nano.a(lib_a-ctype_.o)
                0x000000000800737f                _ctype_
                0x0000000008007480                . = ALIGN (0x4)

.rel.dyn        0x0000000008007480        0x0
 .rel.iplt      0x0000000008007480        0x0 /home/arthurdent/Programs/gcc-arm-none-eabi-6-2017-q1-update/bin/../lib/gcc/arm-none-eabi/6.3.1/thumb/v6-m/crtbegin.o

.ARM.extab
 *(.ARM.extab* .gnu.linkonce.armextab.*)

.ARM            0x0000000008007480        0x0
                0x0000000008007480                __exidx_start = .
 *(.ARM.exidx*)
                0x0000000008007480                __exidx_end = .

.preinit_array  0x0000000008007480        0x0
                0x0000000008007480                PROVIDE (__preinit_array_start, .)
 *(.preinit_array*)
                0x0000000008007480                PROVIDE (__preinit_array_end, .)

.init_array     0x0000000008007480        0x4
                0x0000000008007480                PROVIDE (__init_array_start, .)
 *(SORT(.init_array.*))
 *(.init_array*)
 .init_array    0x0000000008007480        0x4 /home/arthurdent/Programs/gcc-arm-none-eabi-6-2017-q1-update/bin/../lib/gcc/arm-none-eabi/6.3.1/thumb/v6-m/crtbegin.o
                0x0000000008007484                PROVIDE (__init_array_end, .)

.fini_array     0x0000000008007484        0x4
                [!provide]                        PROVIDE (__fini_array_start, .)
 *(SORT(.fini_array.*))
 *(.fini_array*)
 .fini_array    0x0000000008007484        0x4 /home/arthurdent/Programs/gcc-arm-none-eabi-6-2017-q1-update/bin/../lib/gcc/arm-none-eabi/6.3.1/thumb/v6-m/crtbegin.o
                [!provide]                        PROVIDE (__fini_array_end, .)
                0x0000000008007488                _sidata = LOADADDR (.data)

.data           0x0000000020000000      0x1d4 load address 0x0000000008007488
                0x0000000020000000                . = ALIGN (0x4)
                0x0000000020000000                _sdata = .
 *(.data)
 *(.data*)
 .data.SystemCoreClock
                0x0000000020000000        0x4 build/system_stm32f0xx.o
                0x0000000020000000                SystemCoreClock
 .data._impure_ptr
                0x0000000020000004        0x4 /home/arthurdent/Programs/gcc-arm-none-eabi-6-2017-q1-update/bin/../lib/gcc/arm-none-eabi/6.3.1/../../../../arm-none-eabi/lib/thumb/v6-m/libc_nano.a(lib_a-impure.o)
                0x0000000020000004                _impure_ptr
 .data.impure_data
                0x0000000020000008       0x60 /home/arthurdent/Programs/gcc-arm-none-eabi-6-2017-q1-update/bin/../lib/gcc/arm-none-eabi/6.3.1/../../../../arm-none-eabi/lib/thumb/v6-m/libc_nano.a(lib_a-impure.o)
 .data.__global_locale
                0x0000000020000068      0x16c /home/arthurdent/Programs/gcc-arm-none-eabi-6-2017-q1-update/bin/../lib/gcc/arm-none-eabi/6.3.1/../../../../arm-none-eabi/lib/thumb/v6-m/libc_nano.a(lib_a-locale.o)
                0x0000000020000068                __global_locale
                0x00000000200001d4                . = ALIGN (0x4)
                0x00000000200001d4                _edata = .

.jcr            0x00000000200001d4        0x0 load address 0x000000000800765c
 .jcr           0x00000000200001d4        0x0 /home/arthurdent/Programs/gcc-arm-none-eabi-6-2017-q1-update/bin/../lib/gcc/arm-none-eabi/6.3.1/thumb/v6-m/crtbegin.o

.igot.plt       0x00000000200001d4        0x0 load address 0x000000000800765c
 .igot.plt      0x00000000200001d4        0x0 /home/arthurdent/Programs/gcc-arm-none-eabi-6-2017-q1-update/bin/../lib/gcc/arm-none-eabi/6.3.1/thumb/v6-m/crtbegin.o
                0x00000000200001d4                . = ALIGN (0x4)

.bss            0x00000000200001d4      0x314 load address 0x000000000800765c
                0x00000000200001d4                _sbss = .
                0x00000000200001d4                __bss_start__ = _sbss
 *(.bss)
 .bss           0x00000000200001d4       0x1c /home/arthurdent/Programs/gcc-arm-none-eabi-6-2017-q1-update/bin/../lib/gcc/arm-none-eabi/6.3.1/thumb/v6-m/crtbegin.o
 *(.bss*)
 .bss.digital_pulse_number
                0x00000000200001f0        0x4 build/main.o
                0x00000000200001f0                digital_pulse_number
 .bss.digital_pulses
                0x00000000200001f4      0x118 build/main.o
 .bss.piezo_pulses
                0x000000002000030c        0x4 build/main.o
                0x000000002000030c                piezo_pulses
 .bss.piezo_state
                0x0000000020000310        0x4 build/main.o
                0x0000000020000310                piezo_state
 .bss.heap_end.5995
                0x0000000020000314        0x4 build/syscalls.o
 .bss.__malloc_free_list
                0x0000000020000318        0x4 /home/arthurdent/Programs/gcc-arm-none-eabi-6-2017-q1-update/bin/../lib/gcc/arm-none-eabi/6.3.1/../../../../arm-none-eabi/lib/thumb/v6-m/libc_nano.a(lib_a-nano-mallocr.o)
                0x0000000020000318                __malloc_free_list
 .bss.__malloc_sbrk_start
                0x000000002000031c        0x4 /home/arthurdent/Programs/gcc-arm-none-eabi-6-2017-q1-update/bin/../lib/gcc/arm-none-eabi/6.3.1/../../../../arm-none-eabi/lib/thumb/v6-m/libc_nano.a(lib_a-nano-mallocr.o)
                0x000000002000031c                __malloc_sbrk_start
 *(COMMON)
 COMMON         0x0000000020000320      0x1c0 build/main.o
                0x0000000020000320                htim17
                0x0000000020000360                huart1
                0x00000000200003d0                htim1
                0x0000000020000410                hdma_adc
                0x0000000020000454                hadc
                0x00000000200004a0                htim16
 COMMON         0x00000000200004e0        0x4 build/stm32f0xx_hal.o
                0x00000000200004e0                uwTick
 COMMON         0x00000000200004e4        0x4 /home/arthurdent/Programs/gcc-arm-none-eabi-6-2017-q1-update/bin/../lib/gcc/arm-none-eabi/6.3.1/../../../../arm-none-eabi/lib/thumb/v6-m/libc_nano.a(lib_a-reent.o)
                0x00000000200004e4                errno
                0x00000000200004e8                . = ALIGN (0x4)
                0x00000000200004e8                _ebss = .
                0x00000000200004e8                __bss_end__ = _ebss

._user_heap_stack
                0x00000000200004e8      0x600 load address 0x000000000800765c
                0x00000000200004e8                . = ALIGN (0x8)
                0x00000000200004e8                PROVIDE (end, .)
                [!provide]                        PROVIDE (_end, .)
                0x00000000200006e8                . = (. + _Min_Heap_Size)
 *fill*         0x00000000200004e8      0x200 
                0x0000000020000ae8                . = (. + _Min_Stack_Size)
 *fill*         0x00000000200006e8      0x400 
                0x0000000020000ae8                . = ALIGN (0x8)

/DISCARD/
 libc.a(*)
 libm.a(*)
 libgcc.a(*)

.ARM.attributes
                0x0000000000000000       0x28
 *(.ARM.attributes)
 .ARM.attributes
                0x0000000000000000       0x1e /home/arthurdent/Programs/gcc-arm-none-eabi-6-2017-q1-update/bin/../lib/gcc/arm-none-eabi/6.3.1/thumb/v6-m/crti.o
 .ARM.attributes
                0x000000000000001e       0x2c /home/arthurdent/Programs/gcc-arm-none-eabi-6-2017-q1-update/bin/../lib/gcc/arm-none-eabi/6.3.1/thumb/v6-m/crtbegin.o
 .ARM.attributes
                0x000000000000004a       0x31 build/stm32f0xx_hal_rcc_ex.o
 .ARM.attributes
                0x000000000000007b       0x31 build/system_stm32f0xx.o
 .ARM.attributes
                0x00000000000000ac       0x31 build/stm32f0xx_hal_tim.o
 .ARM.attributes
                0x00000000000000dd       0x31 build/stm32f0xx_hal_msp.o
 .ARM.attributes
                0x000000000000010e       0x31 build/stm32f0xx_hal_gpio.o
 .ARM.attributes
                0x000000000000013f       0x31 build/stm32f0xx_it.o
 .ARM.attributes
                0x0000000000000170       0x31 build/stm32f0xx_hal_cortex.o
 .ARM.attributes
                0x00000000000001a1       0x31 build/main.o
 .ARM.attributes
                0x00000000000001d2       0x31 build/syscalls.o
 .ARM.attributes
                0x0000000000000203       0x31 build/stm32f0xx_hal_rcc.o
 .ARM.attributes
                0x0000000000000234       0x31 build/stm32f0xx_hal_dma.o
 .ARM.attributes
                0x0000000000000265       0x31 build/stm32f0xx_hal_tim_ex.o
 .ARM.attributes
                0x0000000000000296       0x31 build/stm32f0xx_hal.o
 .ARM.attributes
                0x00000000000002c7       0x31 build/stm32f0xx_hal_uart.o
 .ARM.attributes
                0x00000000000002f8       0x31 build/stm32f0xx_hal_adc.o
 .ARM.attributes
                0x0000000000000329       0x21 build/startup_stm32f051x8.o
 .ARM.attributes
                0x000000000000034a       0x2c /home/arthurdent/Programs/gcc-arm-none-eabi-6-2017-q1-update/bin/../lib/gcc/arm-none-eabi/6.3.1/../../../../arm-none-eabi/lib/thumb/v6-m/libc_nano.a(lib_a-impure.o)
 .ARM.attributes
                0x0000000000000376       0x2c /home/arthurdent/Programs/gcc-arm-none-eabi-6-2017-q1-update/bin/../lib/gcc/arm-none-eabi/6.3.1/../../../../arm-none-eabi/lib/thumb/v6-m/libc_nano.a(lib_a-init.o)
 .ARM.attributes
                0x00000000000003a2       0x2c /home/arthurdent/Programs/gcc-arm-none-eabi-6-2017-q1-update/bin/../lib/gcc/arm-none-eabi/6.3.1/../../../../arm-none-eabi/lib/thumb/v6-m/libc_nano.a(lib_a-memset.o)
 .ARM.attributes
                0x00000000000003ce       0x2c /home/arthurdent/Programs/gcc-arm-none-eabi-6-2017-q1-update/bin/../lib/gcc/arm-none-eabi/6.3.1/../../../../arm-none-eabi/lib/thumb/v6-m/libc_nano.a(lib_a-nano-vfprintf_float.o)
 .ARM.attributes
                0x00000000000003fa       0x2c /home/arthurdent/Programs/gcc-arm-none-eabi-6-2017-q1-update/bin/../lib/gcc/arm-none-eabi/6.3.1/../../../../arm-none-eabi/lib/thumb/v6-m/libc_nano.a(lib_a-nano-vfprintf_i.o)
 .ARM.attributes
                0x0000000000000426       0x2c /home/arthurdent/Programs/gcc-arm-none-eabi-6-2017-q1-update/bin/../lib/gcc/arm-none-eabi/6.3.1/../../../../arm-none-eabi/lib/thumb/v6-m/libc_nano.a(lib_a-printf.o)
 .ARM.attributes
                0x0000000000000452       0x2c /home/arthurdent/Programs/gcc-arm-none-eabi-6-2017-q1-update/bin/../lib/gcc/arm-none-eabi/6.3.1/../../../../arm-none-eabi/lib/thumb/v6-m/libc_nano.a(lib_a-puts.o)
 .ARM.attributes
                0x000000000000047e       0x2c /home/arthurdent/Programs/gcc-arm-none-eabi-6-2017-q1-update/bin/../lib/gcc/arm-none-eabi/6.3.1/../../../../arm-none-eabi/lib/thumb/v6-m/libc_nano.a(lib_a-reent.o)
 .ARM.attributes
                0x00000000000004aa       0x1c /home/arthurdent/Programs/gcc-arm-none-eabi-6-2017-q1-update/bin/../lib/gcc/arm-none-eabi/6.3.1/../../../../arm-none-eabi/lib/thumb/v6-m/libc_nano.a(lib_a-strlen.o)
 .ARM.attributes
                0x00000000000004c6       0x2c /home/arthurdent/Programs/gcc-arm-none-eabi-6-2017-q1-update/bin/../lib/gcc/arm-none-eabi/6.3.1/../../../../arm-none-eabi/lib/thumb/v6-m/libc_nano.a(lib_a-wbuf.o)
 .ARM.attributes
                0x00000000000004f2       0x2c /home/arthurdent/Programs/gcc-arm-none-eabi-6-2017-q1-update/bin/../lib/gcc/arm-none-eabi/6.3.1/../../../../arm-none-eabi/lib/thumb/v6-m/libc_nano.a(lib_a-wsetup.o)
 .ARM.attributes
                0x000000000000051e       0x2c /home/arthurdent/Programs/gcc-arm-none-eabi-6-2017-q1-update/bin/../lib/gcc/arm-none-eabi/6.3.1/../../../../arm-none-eabi/lib/thumb/v6-m/libc_nano.a(lib_a-dtoa.o)
 .ARM.attributes
                0x000000000000054a       0x2c /home/arthurdent/Programs/gcc-arm-none-eabi-6-2017-q1-update/bin/../lib/gcc/arm-none-eabi/6.3.1/../../../../arm-none-eabi/lib/thumb/v6-m/libc_nano.a(lib_a-fflush.o)
 .ARM.attributes
                0x0000000000000576       0x2c /home/arthurdent/Programs/gcc-arm-none-eabi-6-2017-q1-update/bin/../lib/gcc/arm-none-eabi/6.3.1/../../../../arm-none-eabi/lib/thumb/v6-m/libc_nano.a(lib_a-findfp.o)
 .ARM.attributes
                0x00000000000005a2       0x2c /home/arthurdent/Programs/gcc-arm-none-eabi-6-2017-q1-update/bin/../lib/gcc/arm-none-eabi/6.3.1/../../../../arm-none-eabi/lib/thumb/v6-m/libc_nano.a(lib_a-fwalk.o)
 .ARM.attributes
                0x00000000000005ce       0x2c /home/arthurdent/Programs/gcc-arm-none-eabi-6-2017-q1-update/bin/../lib/gcc/arm-none-eabi/6.3.1/../../../../arm-none-eabi/lib/thumb/v6-m/libc_nano.a(lib_a-localeconv.o)
 .ARM.attributes
                0x00000000000005fa       0x2c /home/arthurdent/Programs/gcc-arm-none-eabi-6-2017-q1-update/bin/../lib/gcc/arm-none-eabi/6.3.1/../../../../arm-none-eabi/lib/thumb/v6-m/libc_nano.a(lib_a-makebuf.o)
 .ARM.attributes
                0x0000000000000626       0x2c /home/arthurdent/Programs/gcc-arm-none-eabi-6-2017-q1-update/bin/../lib/gcc/arm-none-eabi/6.3.1/../../../../arm-none-eabi/lib/thumb/v6-m/libc_nano.a(lib_a-malloc.o)
 .ARM.attributes
                0x0000000000000652       0x2c /home/arthurdent/Programs/gcc-arm-none-eabi-6-2017-q1-update/bin/../lib/gcc/arm-none-eabi/6.3.1/../../../../arm-none-eabi/lib/thumb/v6-m/libc_nano.a(lib_a-memchr-stub.o)
 .ARM.attributes
                0x000000000000067e       0x2c /home/arthurdent/Programs/gcc-arm-none-eabi-6-2017-q1-update/bin/../lib/gcc/arm-none-eabi/6.3.1/../../../../arm-none-eabi/lib/thumb/v6-m/libc_nano.a(lib_a-memcpy-stub.o)
 .ARM.attributes
                0x00000000000006aa       0x2c /home/arthurdent/Programs/gcc-arm-none-eabi-6-2017-q1-update/bin/../lib/gcc/arm-none-eabi/6.3.1/../../../../arm-none-eabi/lib/thumb/v6-m/libc_nano.a(lib_a-mprec.o)
 .ARM.attributes
                0x00000000000006d6       0x2c /home/arthurdent/Programs/gcc-arm-none-eabi-6-2017-q1-update/bin/../lib/gcc/arm-none-eabi/6.3.1/../../../../arm-none-eabi/lib/thumb/v6-m/libc_nano.a(lib_a-nano-callocr.o)
 .ARM.attributes
                0x0000000000000702       0x2c /home/arthurdent/Programs/gcc-arm-none-eabi-6-2017-q1-update/bin/../lib/gcc/arm-none-eabi/6.3.1/../../../../arm-none-eabi/lib/thumb/v6-m/libc_nano.a(lib_a-nano-freer.o)
 .ARM.attributes
                0x000000000000072e       0x2c /home/arthurdent/Programs/gcc-arm-none-eabi-6-2017-q1-update/bin/../lib/gcc/arm-none-eabi/6.3.1/../../../../arm-none-eabi/lib/thumb/v6-m/libc_nano.a(lib_a-nano-mallocr.o)
 .ARM.attributes
                0x000000000000075a       0x2c /home/arthurdent/Programs/gcc-arm-none-eabi-6-2017-q1-update/bin/../lib/gcc/arm-none-eabi/6.3.1/../../../../arm-none-eabi/lib/thumb/v6-m/libc_nano.a(lib_a-nano-vfprintf.o)
 .ARM.attributes
                0x0000000000000786       0x2c /home/arthurdent/Programs/gcc-arm-none-eabi-6-2017-q1-update/bin/../lib/gcc/arm-none-eabi/6.3.1/../../../../arm-none-eabi/lib/thumb/v6-m/libc_nano.a(lib_a-sbrkr.o)
 .ARM.attributes
                0x00000000000007b2       0x2c /home/arthurdent/Programs/gcc-arm-none-eabi-6-2017-q1-update/bin/../lib/gcc/arm-none-eabi/6.3.1/../../../../arm-none-eabi/lib/thumb/v6-m/libc_nano.a(lib_a-stdio.o)
 .ARM.attributes
                0x00000000000007de       0x2c /home/arthurdent/Programs/gcc-arm-none-eabi-6-2017-q1-update/bin/../lib/gcc/arm-none-eabi/6.3.1/../../../../arm-none-eabi/lib/thumb/v6-m/libc_nano.a(lib_a-writer.o)
 .ARM.attributes
                0x000000000000080a       0x2c /home/arthurdent/Programs/gcc-arm-none-eabi-6-2017-q1-update/bin/../lib/gcc/arm-none-eabi/6.3.1/../../../../arm-none-eabi/lib/thumb/v6-m/libc_nano.a(lib_a-closer.o)
 .ARM.attributes
                0x0000000000000836       0x2c /home/arthurdent/Programs/gcc-arm-none-eabi-6-2017-q1-update/bin/../lib/gcc/arm-none-eabi/6.3.1/../../../../arm-none-eabi/lib/thumb/v6-m/libc_nano.a(lib_a-fstatr.o)
 .ARM.attributes
                0x0000000000000862       0x2c /home/arthurdent/Programs/gcc-arm-none-eabi-6-2017-q1-update/bin/../lib/gcc/arm-none-eabi/6.3.1/../../../../arm-none-eabi/lib/thumb/v6-m/libc_nano.a(lib_a-isattyr.o)
 .ARM.attributes
                0x000000000000088e       0x2c /home/arthurdent/Programs/gcc-arm-none-eabi-6-2017-q1-update/bin/../lib/gcc/arm-none-eabi/6.3.1/../../../../arm-none-eabi/lib/thumb/v6-m/libc_nano.a(lib_a-locale.o)
 .ARM.attributes
                0x00000000000008ba       0x2c /home/arthurdent/Programs/gcc-arm-none-eabi-6-2017-q1-update/bin/../lib/gcc/arm-none-eabi/6.3.1/../../../../arm-none-eabi/lib/thumb/v6-m/libc_nano.a(lib_a-lseekr.o)
 .ARM.attributes
                0x00000000000008e6       0x2c /home/arthurdent/Programs/gcc-arm-none-eabi-6-2017-q1-update/bin/../lib/gcc/arm-none-eabi/6.3.1/../../../../arm-none-eabi/lib/thumb/v6-m/libc_nano.a(lib_a-mbtowc_r.o)
 .ARM.attributes
                0x0000000000000912       0x2c /home/arthurdent/Programs/gcc-arm-none-eabi-6-2017-q1-update/bin/../lib/gcc/arm-none-eabi/6.3.1/../../../../arm-none-eabi/lib/thumb/v6-m/libc_nano.a(lib_a-mlock.o)
 .ARM.attributes
                0x000000000000093e       0x2c /home/arthurdent/Programs/gcc-arm-none-eabi-6-2017-q1-update/bin/../lib/gcc/arm-none-eabi/6.3.1/../../../../arm-none-eabi/lib/thumb/v6-m/libc_nano.a(lib_a-readr.o)
 .ARM.attributes
                0x000000000000096a       0x2c /home/arthurdent/Programs/gcc-arm-none-eabi-6-2017-q1-update/bin/../lib/gcc/arm-none-eabi/6.3.1/../../../../arm-none-eabi/lib/thumb/v6-m/libc_nano.a(lib_a-wctomb_r.o)
 .ARM.attributes
                0x0000000000000996       0x2c /home/arthurdent/Programs/gcc-arm-none-eabi-6-2017-q1-update/bin/../lib/gcc/arm-none-eabi/6.3.1/../../../../arm-none-eabi/lib/thumb/v6-m/libc_nano.a(lib_a-ctype_.o)
 .ARM.attributes
                0x00000000000009c2       0x1e /home/arthurdent/Programs/gcc-arm-none-eabi-6-2017-q1-update/bin/../lib/gcc/arm-none-eabi/6.3.1/thumb/v6-m/libgcc.a(_thumb1_case_uqi.o)
 .ARM.attributes
                0x00000000000009e0       0x1e /home/arthurdent/Programs/gcc-arm-none-eabi-6-2017-q1-update/bin/../lib/gcc/arm-none-eabi/6.3.1/thumb/v6-m/libgcc.a(_udivsi3.o)
 .ARM.attributes
                0x00000000000009fe       0x1e /home/arthurdent/Programs/gcc-arm-none-eabi-6-2017-q1-update/bin/../lib/gcc/arm-none-eabi/6.3.1/thumb/v6-m/libgcc.a(_divsi3.o)
 .ARM.attributes
                0x0000000000000a1c       0x1e /home/arthurdent/Programs/gcc-arm-none-eabi-6-2017-q1-update/bin/../lib/gcc/arm-none-eabi/6.3.1/thumb/v6-m/libgcc.a(_dvmd_tls.o)
 .ARM.attributes
                0x0000000000000a3a       0x1e /home/arthurdent/Programs/gcc-arm-none-eabi-6-2017-q1-update/bin/../lib/gcc/arm-none-eabi/6.3.1/thumb/v6-m/libgcc.a(_arm_cmpdf2.o)
 .ARM.attributes
                0x0000000000000a58       0x2c /home/arthurdent/Programs/gcc-arm-none-eabi-6-2017-q1-update/bin/../lib/gcc/arm-none-eabi/6.3.1/thumb/v6-m/libgcc.a(adddf3.o)
 .ARM.attributes
                0x0000000000000a84       0x2c /home/arthurdent/Programs/gcc-arm-none-eabi-6-2017-q1-update/bin/../lib/gcc/arm-none-eabi/6.3.1/thumb/v6-m/libgcc.a(divdf3.o)
 .ARM.attributes
                0x0000000000000ab0       0x2c /home/arthurdent/Programs/gcc-arm-none-eabi-6-2017-q1-update/bin/../lib/gcc/arm-none-eabi/6.3.1/thumb/v6-m/libgcc.a(eqdf2.o)
 .ARM.attributes
                0x0000000000000adc       0x2c /home/arthurdent/Programs/gcc-arm-none-eabi-6-2017-q1-update/bin/../lib/gcc/arm-none-eabi/6.3.1/thumb/v6-m/libgcc.a(gedf2.o)
 .ARM.attributes
                0x0000000000000b08       0x2c /home/arthurdent/Programs/gcc-arm-none-eabi-6-2017-q1-update/bin/../lib/gcc/arm-none-eabi/6.3.1/thumb/v6-m/libgcc.a(ledf2.o)
 .ARM.attributes
                0x0000000000000b34       0x2c /home/arthurdent/Programs/gcc-arm-none-eabi-6-2017-q1-update/bin/../lib/gcc/arm-none-eabi/6.3.1/thumb/v6-m/libgcc.a(muldf3.o)
 .ARM.attributes
                0x0000000000000b60       0x2c /home/arthurdent/Programs/gcc-arm-none-eabi-6-2017-q1-update/bin/../lib/gcc/arm-none-eabi/6.3.1/thumb/v6-m/libgcc.a(subdf3.o)
 .ARM.attributes
                0x0000000000000b8c       0x2c /home/arthurdent/Programs/gcc-arm-none-eabi-6-2017-q1-update/bin/../lib/gcc/arm-none-eabi/6.3.1/thumb/v6-m/libgcc.a(unorddf2.o)
 .ARM.attributes
                0x0000000000000bb8       0x2c /home/arthurdent/Programs/gcc-arm-none-eabi-6-2017-q1-update/bin/../lib/gcc/arm-none-eabi/6.3.1/thumb/v6-m/libgcc.a(fixdfsi.o)
 .ARM.attributes
                0x0000000000000be4       0x2c /home/arthurdent/Programs/gcc-arm-none-eabi-6-2017-q1-update/bin/../lib/gcc/arm-none-eabi/6.3.1/thumb/v6-m/libgcc.a(floatsidf.o)
 .ARM.attributes
                0x0000000000000c10       0x2c /home/arthurdent/Programs/gcc-arm-none-eabi-6-2017-q1-update/bin/../lib/gcc/arm-none-eabi/6.3.1/thumb/v6-m/libgcc.a(floatunsidf.o)
 .ARM.attributes
                0x0000000000000c3c       0x1e /home/arthurdent/Programs/gcc-arm-none-eabi-6-2017-q1-update/bin/../lib/gcc/arm-none-eabi/6.3.1/thumb/v6-m/libgcc.a(_clzsi2.o)
 .ARM.attributes
                0x0000000000000c5a       0x1e /home/arthurdent/Programs/gcc-arm-none-eabi-6-2017-q1-update/bin/../lib/gcc/arm-none-eabi/6.3.1/thumb/v6-m/crtn.o
OUTPUT(build/ultrasonic_stm32_alt.elf elf32-littlearm)

.debug_info     0x0000000000000000    0x16f86
 .debug_info    0x0000000000000000      0xd3b build/stm32f0xx_hal_rcc_ex.o
 .debug_info    0x0000000000000d3b      0xb86 build/system_stm32f0xx.o
 .debug_info    0x00000000000018c1     0x3a8d build/stm32f0xx_hal_tim.o
 .debug_info    0x000000000000534e     0x1b9e build/stm32f0xx_hal_msp.o
 .debug_info    0x0000000000006eec      0xfc7 build/stm32f0xx_hal_gpio.o
 .debug_info    0x0000000000007eb3     0x100b build/stm32f0xx_it.o
 .debug_info    0x0000000000008ebe     0x1142 build/stm32f0xx_hal_cortex.o
 .debug_info    0x000000000000a000     0x2f8e build/main.o
 .debug_info    0x000000000000cf8e     0x11b3 build/syscalls.o
 .debug_info    0x000000000000e141     0x12ea build/stm32f0xx_hal_rcc.o
 .debug_info    0x000000000000f42b     0x1189 build/stm32f0xx_hal_dma.o
 .debug_info    0x00000000000105b4     0x1da9 build/stm32f0xx_hal_tim_ex.o
 .debug_info    0x000000000001235d     0x1003 build/stm32f0xx_hal.o
 .debug_info    0x0000000000013360     0x2328 build/stm32f0xx_hal_uart.o
 .debug_info    0x0000000000015688     0x186d build/stm32f0xx_hal_adc.o
 .debug_info    0x0000000000016ef5       0x91 build/startup_stm32f051x8.o

.debug_abbrev   0x0000000000000000     0x2ab3
 .debug_abbrev  0x0000000000000000      0x285 build/stm32f0xx_hal_rcc_ex.o
 .debug_abbrev  0x0000000000000285      0x1e6 build/system_stm32f0xx.o
 .debug_abbrev  0x000000000000046b      0x30c build/stm32f0xx_hal_tim.o
 .debug_abbrev  0x0000000000000777      0x2b9 build/stm32f0xx_hal_msp.o
 .debug_abbrev  0x0000000000000a30      0x2bc build/stm32f0xx_hal_gpio.o
 .debug_abbrev  0x0000000000000cec      0x211 build/stm32f0xx_it.o
 .debug_abbrev  0x0000000000000efd      0x32c build/stm32f0xx_hal_cortex.o
 .debug_abbrev  0x0000000000001229      0x449 build/main.o
 .debug_abbrev  0x0000000000001672      0x2b3 build/syscalls.o
 .debug_abbrev  0x0000000000001925      0x2e4 build/stm32f0xx_hal_rcc.o
 .debug_abbrev  0x0000000000001c09      0x2db build/stm32f0xx_hal_dma.o
 .debug_abbrev  0x0000000000001ee4      0x2f4 build/stm32f0xx_hal_tim_ex.o
 .debug_abbrev  0x00000000000021d8      0x2d7 build/stm32f0xx_hal.o
 .debug_abbrev  0x00000000000024af      0x2df build/stm32f0xx_hal_uart.o
 .debug_abbrev  0x000000000000278e      0x313 build/stm32f0xx_hal_adc.o
 .debug_abbrev  0x0000000000002aa1       0x12 build/startup_stm32f051x8.o

.debug_loc      0x0000000000000000     0xaf6f
 .debug_loc     0x0000000000000000      0x445 build/stm32f0xx_hal_rcc_ex.o
 .debug_loc     0x0000000000000445      0x12e build/system_stm32f0xx.o
 .debug_loc     0x0000000000000573     0x41a4 build/stm32f0xx_hal_tim.o
 .debug_loc     0x0000000000004717      0x360 build/stm32f0xx_hal_msp.o
 .debug_loc     0x0000000000004a77      0x356 build/stm32f0xx_hal_gpio.o
 .debug_loc     0x0000000000004dcd       0x60 build/stm32f0xx_it.o
 .debug_loc     0x0000000000004e2d      0x3d3 build/stm32f0xx_hal_cortex.o
 .debug_loc     0x0000000000005200      0x8ac build/main.o
 .debug_loc     0x0000000000005aac      0x45a build/syscalls.o
 .debug_loc     0x0000000000005f06      0x51a build/stm32f0xx_hal_rcc.o
 .debug_loc     0x0000000000006420      0x95a build/stm32f0xx_hal_dma.o
 .debug_loc     0x0000000000006d7a     0x1693 build/stm32f0xx_hal_tim_ex.o
 .debug_loc     0x000000000000840d      0x108 build/stm32f0xx_hal.o
 .debug_loc     0x0000000000008515     0x1bc5 build/stm32f0xx_hal_uart.o
 .debug_loc     0x000000000000a0da      0xe95 build/stm32f0xx_hal_adc.o

.debug_aranges  0x0000000000000000      0xd10
 .debug_aranges
                0x0000000000000000       0x30 build/stm32f0xx_hal_rcc_ex.o
 .debug_aranges
                0x0000000000000030       0x28 build/system_stm32f0xx.o
 .debug_aranges
                0x0000000000000058      0x378 build/stm32f0xx_hal_tim.o
 .debug_aranges
                0x00000000000003d0       0x68 build/stm32f0xx_hal_msp.o
 .debug_aranges
                0x0000000000000438       0x58 build/stm32f0xx_hal_gpio.o
 .debug_aranges
                0x0000000000000490       0x50 build/stm32f0xx_it.o
 .debug_aranges
                0x00000000000004e0       0x78 build/stm32f0xx_hal_cortex.o
 .debug_aranges
                0x0000000000000558      0x100 build/main.o
 .debug_aranges
                0x0000000000000658       0xb8 build/syscalls.o
 .debug_aranges
                0x0000000000000710       0x80 build/stm32f0xx_hal_rcc.o
 .debug_aranges
                0x0000000000000790       0x88 build/stm32f0xx_hal_dma.o
 .debug_aranges
                0x0000000000000818      0x148 build/stm32f0xx_hal_tim_ex.o
 .debug_aranges
                0x0000000000000960       0xb8 build/stm32f0xx_hal.o
 .debug_aranges
                0x0000000000000a18      0x1d8 build/stm32f0xx_hal_uart.o
 .debug_aranges
                0x0000000000000bf0       0xf8 build/stm32f0xx_hal_adc.o
 .debug_aranges
                0x0000000000000ce8       0x28 build/startup_stm32f051x8.o

.debug_ranges   0x0000000000000000      0xcf0
 .debug_ranges  0x0000000000000000       0x38 build/stm32f0xx_hal_rcc_ex.o
 .debug_ranges  0x0000000000000038       0x18 build/system_stm32f0xx.o
 .debug_ranges  0x0000000000000050      0x368 build/stm32f0xx_hal_tim.o
 .debug_ranges  0x00000000000003b8       0x58 build/stm32f0xx_hal_msp.o
 .debug_ranges  0x0000000000000410       0x48 build/stm32f0xx_hal_gpio.o
 .debug_ranges  0x0000000000000458       0x40 build/stm32f0xx_it.o
 .debug_ranges  0x0000000000000498       0xb0 build/stm32f0xx_hal_cortex.o
 .debug_ranges  0x0000000000000548      0x150 build/main.o
 .debug_ranges  0x0000000000000698       0xa8 build/syscalls.o
 .debug_ranges  0x0000000000000740       0x88 build/stm32f0xx_hal_rcc.o
 .debug_ranges  0x00000000000007c8       0x78 build/stm32f0xx_hal_dma.o
 .debug_ranges  0x0000000000000840      0x138 build/stm32f0xx_hal_tim_ex.o
 .debug_ranges  0x0000000000000978       0xa8 build/stm32f0xx_hal.o
 .debug_ranges  0x0000000000000a20      0x1c8 build/stm32f0xx_hal_uart.o
 .debug_ranges  0x0000000000000be8       0xe8 build/stm32f0xx_hal_adc.o
 .debug_ranges  0x0000000000000cd0       0x20 build/startup_stm32f051x8.o

.debug_line     0x0000000000000000     0x5f06
 .debug_line    0x0000000000000000      0x388 build/stm32f0xx_hal_rcc_ex.o
 .debug_line    0x0000000000000388      0x232 build/system_stm32f0xx.o
 .debug_line    0x00000000000005ba     0x1494 build/stm32f0xx_hal_tim.o
 .debug_line    0x0000000000001a4e      0x3cb build/stm32f0xx_hal_msp.o
 .debug_line    0x0000000000001e19      0x3ba build/stm32f0xx_hal_gpio.o
 .debug_line    0x00000000000021d3      0x2f1 build/stm32f0xx_it.o
 .debug_line    0x00000000000024c4      0x3a5 build/stm32f0xx_hal_cortex.o
 .debug_line    0x0000000000002869      0x76b build/main.o
 .debug_line    0x0000000000002fd4      0x3d0 build/syscalls.o
 .debug_line    0x00000000000033a4      0x506 build/stm32f0xx_hal_rcc.o
 .debug_line    0x00000000000038aa      0x4c2 build/stm32f0xx_hal_dma.o
 .debug_line    0x0000000000003d6c      0x8aa build/stm32f0xx_hal_tim_ex.o
 .debug_line    0x0000000000004616      0x406 build/stm32f0xx_hal.o
 .debug_line    0x0000000000004a1c      0xc97 build/stm32f0xx_hal_uart.o
 .debug_line    0x00000000000056b3      0x7db build/stm32f0xx_hal_adc.o
 .debug_line    0x0000000000005e8e       0x78 build/startup_stm32f051x8.o

.debug_str      0x0000000000000000     0x3cfc
 .debug_str     0x0000000000000000      0x759 build/stm32f0xx_hal_rcc_ex.o
                                        0x7ee (size before relaxing)
 .debug_str     0x0000000000000759       0x57 build/system_stm32f0xx.o
                                        0x662 (size before relaxing)
 .debug_str     0x00000000000007b0     0x1137 build/stm32f0xx_hal_tim.o
                                       0x17b7 (size before relaxing)
 .debug_str     0x00000000000018e7      0x6ef build/stm32f0xx_hal_msp.o
                                       0x1162 (size before relaxing)
 .debug_str     0x0000000000001fd6      0x13f build/stm32f0xx_hal_gpio.o
                                        0x83c (size before relaxing)
 .debug_str     0x0000000000002115       0xc3 build/stm32f0xx_it.o
                                        0xa49 (size before relaxing)
 .debug_str     0x00000000000021d8      0x1bf build/stm32f0xx_hal_cortex.o
                                        0xa49 (size before relaxing)
 .debug_str     0x0000000000002397      0x5b6 build/main.o
                                       0x1878 (size before relaxing)
 .debug_str     0x000000000000294d      0x2a4 build/syscalls.o
                                        0x8a2 (size before relaxing)
 .debug_str     0x0000000000002bf1      0x173 build/stm32f0xx_hal_rcc.o
                                        0xa15 (size before relaxing)
 .debug_str     0x0000000000002d64      0x1ec build/stm32f0xx_hal_dma.o
                                        0xa4b (size before relaxing)
 .debug_str     0x0000000000002f50      0x3f4 build/stm32f0xx_hal_tim_ex.o
                                       0x10e3 (size before relaxing)
 .debug_str     0x0000000000003344      0x170 build/stm32f0xx_hal.o
                                        0xa41 (size before relaxing)
 .debug_str     0x00000000000034b4      0x5cc build/stm32f0xx_hal_uart.o
                                       0x11a4 (size before relaxing)
 .debug_str     0x0000000000003a80      0x27c build/stm32f0xx_hal_adc.o
                                        0xce2 (size before relaxing)

.comment        0x0000000000000000       0x7f
 .comment       0x0000000000000000       0x7f build/stm32f0xx_hal_rcc_ex.o
                                         0x80 (size before relaxing)
 .comment       0x000000000000007f       0x80 build/system_stm32f0xx.o
 .comment       0x000000000000007f       0x80 build/stm32f0xx_hal_tim.o
 .comment       0x000000000000007f       0x80 build/stm32f0xx_hal_msp.o
 .comment       0x000000000000007f       0x80 build/stm32f0xx_hal_gpio.o
 .comment       0x000000000000007f       0x80 build/stm32f0xx_it.o
 .comment       0x000000000000007f       0x80 build/stm32f0xx_hal_cortex.o
 .comment       0x000000000000007f       0x80 build/main.o
 .comment       0x000000000000007f       0x80 build/syscalls.o
 .comment       0x000000000000007f       0x80 build/stm32f0xx_hal_rcc.o
 .comment       0x000000000000007f       0x80 build/stm32f0xx_hal_dma.o
 .comment       0x000000000000007f       0x80 build/stm32f0xx_hal_tim_ex.o
 .comment       0x000000000000007f       0x80 build/stm32f0xx_hal.o
 .comment       0x000000000000007f       0x80 build/stm32f0xx_hal_uart.o
 .comment       0x000000000000007f       0x80 build/stm32f0xx_hal_adc.o

.debug_frame    0x0000000000000000     0x3384
 .debug_frame   0x0000000000000000       0x60 build/stm32f0xx_hal_rcc_ex.o
 .debug_frame   0x0000000000000060       0x3c build/system_stm32f0xx.o
 .debug_frame   0x000000000000009c      0xae4 build/stm32f0xx_hal_tim.o
 .debug_frame   0x0000000000000b80      0x118 build/stm32f0xx_hal_msp.o
 .debug_frame   0x0000000000000c98       0xdc build/stm32f0xx_hal_gpio.o
 .debug_frame   0x0000000000000d74       0xa4 build/stm32f0xx_it.o
 .debug_frame   0x0000000000000e18       0xec build/stm32f0xx_hal_cortex.o
 .debug_frame   0x0000000000000f04      0x364 build/main.o
 .debug_frame   0x0000000000001268      0x188 build/syscalls.o
 .debug_frame   0x00000000000013f0      0x148 build/stm32f0xx_hal_rcc.o
 .debug_frame   0x0000000000001538      0x198 build/stm32f0xx_hal_dma.o
 .debug_frame   0x00000000000016d0      0x418 build/stm32f0xx_hal_tim_ex.o
 .debug_frame   0x0000000000001ae8      0x184 build/stm32f0xx_hal.o
 .debug_frame   0x0000000000001c6c      0x594 build/stm32f0xx_hal_uart.o
 .debug_frame   0x0000000000002200      0x2f8 build/stm32f0xx_hal_adc.o
 .debug_frame   0x00000000000024f8       0x2c /home/arthurdent/Programs/gcc-arm-none-eabi-6-2017-q1-update/bin/../lib/gcc/arm-none-eabi/6.3.1/../../../../arm-none-eabi/lib/thumb/v6-m/libc_nano.a(lib_a-init.o)
 .debug_frame   0x0000000000002524       0x20 /home/arthurdent/Programs/gcc-arm-none-eabi-6-2017-q1-update/bin/../lib/gcc/arm-none-eabi/6.3.1/../../../../arm-none-eabi/lib/thumb/v6-m/libc_nano.a(lib_a-memset.o)
 .debug_frame   0x0000000000002544       0x70 /home/arthurdent/Programs/gcc-arm-none-eabi-6-2017-q1-update/bin/../lib/gcc/arm-none-eabi/6.3.1/../../../../arm-none-eabi/lib/thumb/v6-m/libc_nano.a(lib_a-nano-vfprintf_float.o)
 .debug_frame   0x00000000000025b4       0x54 /home/arthurdent/Programs/gcc-arm-none-eabi-6-2017-q1-update/bin/../lib/gcc/arm-none-eabi/6.3.1/../../../../arm-none-eabi/lib/thumb/v6-m/libc_nano.a(lib_a-nano-vfprintf_i.o)
 .debug_frame   0x0000000000002608       0x50 /home/arthurdent/Programs/gcc-arm-none-eabi-6-2017-q1-update/bin/../lib/gcc/arm-none-eabi/6.3.1/../../../../arm-none-eabi/lib/thumb/v6-m/libc_nano.a(lib_a-printf.o)
 .debug_frame   0x0000000000002658       0x44 /home/arthurdent/Programs/gcc-arm-none-eabi-6-2017-q1-update/bin/../lib/gcc/arm-none-eabi/6.3.1/../../../../arm-none-eabi/lib/thumb/v6-m/libc_nano.a(lib_a-puts.o)
 .debug_frame   0x000000000000269c       0x48 /home/arthurdent/Programs/gcc-arm-none-eabi-6-2017-q1-update/bin/../lib/gcc/arm-none-eabi/6.3.1/../../../../arm-none-eabi/lib/thumb/v6-m/libc_nano.a(lib_a-reent.o)
 .debug_frame   0x00000000000026e4       0x48 /home/arthurdent/Programs/gcc-arm-none-eabi-6-2017-q1-update/bin/../lib/gcc/arm-none-eabi/6.3.1/../../../../arm-none-eabi/lib/thumb/v6-m/libc_nano.a(lib_a-wbuf.o)
 .debug_frame   0x000000000000272c       0x2c /home/arthurdent/Programs/gcc-arm-none-eabi-6-2017-q1-update/bin/../lib/gcc/arm-none-eabi/6.3.1/../../../../arm-none-eabi/lib/thumb/v6-m/libc_nano.a(lib_a-wsetup.o)
 .debug_frame   0x0000000000002758       0x54 /home/arthurdent/Programs/gcc-arm-none-eabi-6-2017-q1-update/bin/../lib/gcc/arm-none-eabi/6.3.1/../../../../arm-none-eabi/lib/thumb/v6-m/libc_nano.a(lib_a-dtoa.o)
 .debug_frame   0x00000000000027ac       0x68 /home/arthurdent/Programs/gcc-arm-none-eabi-6-2017-q1-update/bin/../lib/gcc/arm-none-eabi/6.3.1/../../../../arm-none-eabi/lib/thumb/v6-m/libc_nano.a(lib_a-fflush.o)
 .debug_frame   0x0000000000002814      0x140 /home/arthurdent/Programs/gcc-arm-none-eabi-6-2017-q1-update/bin/../lib/gcc/arm-none-eabi/6.3.1/../../../../arm-none-eabi/lib/thumb/v6-m/libc_nano.a(lib_a-findfp.o)
 .debug_frame   0x0000000000002954       0x58 /home/arthurdent/Programs/gcc-arm-none-eabi-6-2017-q1-update/bin/../lib/gcc/arm-none-eabi/6.3.1/../../../../arm-none-eabi/lib/thumb/v6-m/libc_nano.a(lib_a-fwalk.o)
 .debug_frame   0x00000000000029ac       0x40 /home/arthurdent/Programs/gcc-arm-none-eabi-6-2017-q1-update/bin/../lib/gcc/arm-none-eabi/6.3.1/../../../../arm-none-eabi/lib/thumb/v6-m/libc_nano.a(lib_a-localeconv.o)
 .debug_frame   0x00000000000029ec       0x54 /home/arthurdent/Programs/gcc-arm-none-eabi-6-2017-q1-update/bin/../lib/gcc/arm-none-eabi/6.3.1/../../../../arm-none-eabi/lib/thumb/v6-m/libc_nano.a(lib_a-makebuf.o)
 .debug_frame   0x0000000000002a40       0x40 /home/arthurdent/Programs/gcc-arm-none-eabi-6-2017-q1-update/bin/../lib/gcc/arm-none-eabi/6.3.1/../../../../arm-none-eabi/lib/thumb/v6-m/libc_nano.a(lib_a-malloc.o)
 .debug_frame   0x0000000000002a80       0x20 /home/arthurdent/Programs/gcc-arm-none-eabi-6-2017-q1-update/bin/../lib/gcc/arm-none-eabi/6.3.1/../../../../arm-none-eabi/lib/thumb/v6-m/libc_nano.a(lib_a-memchr-stub.o)
 .debug_frame   0x0000000000002aa0       0x28 /home/arthurdent/Programs/gcc-arm-none-eabi-6-2017-q1-update/bin/../lib/gcc/arm-none-eabi/6.3.1/../../../../arm-none-eabi/lib/thumb/v6-m/libc_nano.a(lib_a-memcpy-stub.o)
 .debug_frame   0x0000000000002ac8      0x238 /home/arthurdent/Programs/gcc-arm-none-eabi-6-2017-q1-update/bin/../lib/gcc/arm-none-eabi/6.3.1/../../../../arm-none-eabi/lib/thumb/v6-m/libc_nano.a(lib_a-mprec.o)
 .debug_frame   0x0000000000002d00       0x2c /home/arthurdent/Programs/gcc-arm-none-eabi-6-2017-q1-update/bin/../lib/gcc/arm-none-eabi/6.3.1/../../../../arm-none-eabi/lib/thumb/v6-m/libc_nano.a(lib_a-nano-callocr.o)
 .debug_frame   0x0000000000002d2c       0x2c /home/arthurdent/Programs/gcc-arm-none-eabi-6-2017-q1-update/bin/../lib/gcc/arm-none-eabi/6.3.1/../../../../arm-none-eabi/lib/thumb/v6-m/libc_nano.a(lib_a-nano-freer.o)
 .debug_frame   0x0000000000002d58       0x2c /home/arthurdent/Programs/gcc-arm-none-eabi-6-2017-q1-update/bin/../lib/gcc/arm-none-eabi/6.3.1/../../../../arm-none-eabi/lib/thumb/v6-m/libc_nano.a(lib_a-nano-mallocr.o)
 .debug_frame   0x0000000000002d84       0x9c /home/arthurdent/Programs/gcc-arm-none-eabi-6-2017-q1-update/bin/../lib/gcc/arm-none-eabi/6.3.1/../../../../arm-none-eabi/lib/thumb/v6-m/libc_nano.a(lib_a-nano-vfprintf.o)
 .debug_frame   0x0000000000002e20       0x2c /home/arthurdent/Programs/gcc-arm-none-eabi-6-2017-q1-update/bin/../lib/gcc/arm-none-eabi/6.3.1/../../../../arm-none-eabi/lib/thumb/v6-m/libc_nano.a(lib_a-sbrkr.o)
 .debug_frame   0x0000000000002e4c       0x90 /home/arthurdent/Programs/gcc-arm-none-eabi-6-2017-q1-update/bin/../lib/gcc/arm-none-eabi/6.3.1/../../../../arm-none-eabi/lib/thumb/v6-m/libc_nano.a(lib_a-stdio.o)
 .debug_frame   0x0000000000002edc       0x2c /home/arthurdent/Programs/gcc-arm-none-eabi-6-2017-q1-update/bin/../lib/gcc/arm-none-eabi/6.3.1/../../../../arm-none-eabi/lib/thumb/v6-m/libc_nano.a(lib_a-writer.o)
 .debug_frame   0x0000000000002f08       0x2c /home/arthurdent/Programs/gcc-arm-none-eabi-6-2017-q1-update/bin/../lib/gcc/arm-none-eabi/6.3.1/../../../../arm-none-eabi/lib/thumb/v6-m/libc_nano.a(lib_a-closer.o)
 .debug_frame   0x0000000000002f34       0x2c /home/arthurdent/Programs/gcc-arm-none-eabi-6-2017-q1-update/bin/../lib/gcc/arm-none-eabi/6.3.1/../../../../arm-none-eabi/lib/thumb/v6-m/libc_nano.a(lib_a-fstatr.o)
 .debug_frame   0x0000000000002f60       0x2c /home/arthurdent/Programs/gcc-arm-none-eabi-6-2017-q1-update/bin/../lib/gcc/arm-none-eabi/6.3.1/../../../../arm-none-eabi/lib/thumb/v6-m/libc_nano.a(lib_a-isattyr.o)
 .debug_frame   0x0000000000002f8c       0x74 /home/arthurdent/Programs/gcc-arm-none-eabi-6-2017-q1-update/bin/../lib/gcc/arm-none-eabi/6.3.1/../../../../arm-none-eabi/lib/thumb/v6-m/libc_nano.a(lib_a-locale.o)
 .debug_frame   0x0000000000003000       0x2c /home/arthurdent/Programs/gcc-arm-none-eabi-6-2017-q1-update/bin/../lib/gcc/arm-none-eabi/6.3.1/../../../../arm-none-eabi/lib/thumb/v6-m/libc_nano.a(lib_a-lseekr.o)
 .debug_frame   0x000000000000302c       0x44 /home/arthurdent/Programs/gcc-arm-none-eabi-6-2017-q1-update/bin/../lib/gcc/arm-none-eabi/6.3.1/../../../../arm-none-eabi/lib/thumb/v6-m/libc_nano.a(lib_a-mbtowc_r.o)
 .debug_frame   0x0000000000003070       0x30 /home/arthurdent/Programs/gcc-arm-none-eabi-6-2017-q1-update/bin/../lib/gcc/arm-none-eabi/6.3.1/../../../../arm-none-eabi/lib/thumb/v6-m/libc_nano.a(lib_a-mlock.o)
 .debug_frame   0x00000000000030a0       0x2c /home/arthurdent/Programs/gcc-arm-none-eabi-6-2017-q1-update/bin/../lib/gcc/arm-none-eabi/6.3.1/../../../../arm-none-eabi/lib/thumb/v6-m/libc_nano.a(lib_a-readr.o)
 .debug_frame   0x00000000000030cc       0x38 /home/arthurdent/Programs/gcc-arm-none-eabi-6-2017-q1-update/bin/../lib/gcc/arm-none-eabi/6.3.1/../../../../arm-none-eabi/lib/thumb/v6-m/libc_nano.a(lib_a-wctomb_r.o)
 .debug_frame   0x0000000000003104       0x20 /home/arthurdent/Programs/gcc-arm-none-eabi-6-2017-q1-update/bin/../lib/gcc/arm-none-eabi/6.3.1/thumb/v6-m/libgcc.a(_udivsi3.o)
 .debug_frame   0x0000000000003124       0x20 /home/arthurdent/Programs/gcc-arm-none-eabi-6-2017-q1-update/bin/../lib/gcc/arm-none-eabi/6.3.1/thumb/v6-m/libgcc.a(_divsi3.o)
 .debug_frame   0x0000000000003144       0x3c /home/arthurdent/Programs/gcc-arm-none-eabi-6-2017-q1-update/bin/../lib/gcc/arm-none-eabi/6.3.1/thumb/v6-m/libgcc.a(adddf3.o)
 .debug_frame   0x0000000000003180       0x3c /home/arthurdent/Programs/gcc-arm-none-eabi-6-2017-q1-update/bin/../lib/gcc/arm-none-eabi/6.3.1/thumb/v6-m/libgcc.a(divdf3.o)
 .debug_frame   0x00000000000031bc       0x38 /home/arthurdent/Programs/gcc-arm-none-eabi-6-2017-q1-update/bin/../lib/gcc/arm-none-eabi/6.3.1/thumb/v6-m/libgcc.a(eqdf2.o)
 .debug_frame   0x00000000000031f4       0x38 /home/arthurdent/Programs/gcc-arm-none-eabi-6-2017-q1-update/bin/../lib/gcc/arm-none-eabi/6.3.1/thumb/v6-m/libgcc.a(gedf2.o)
 .debug_frame   0x000000000000322c       0x38 /home/arthurdent/Programs/gcc-arm-none-eabi-6-2017-q1-update/bin/../lib/gcc/arm-none-eabi/6.3.1/thumb/v6-m/libgcc.a(ledf2.o)
 .debug_frame   0x0000000000003264       0x3c /home/arthurdent/Programs/gcc-arm-none-eabi-6-2017-q1-update/bin/../lib/gcc/arm-none-eabi/6.3.1/thumb/v6-m/libgcc.a(muldf3.o)
 .debug_frame   0x00000000000032a0       0x38 /home/arthurdent/Programs/gcc-arm-none-eabi-6-2017-q1-update/bin/../lib/gcc/arm-none-eabi/6.3.1/thumb/v6-m/libgcc.a(subdf3.o)
 .debug_frame   0x00000000000032d8       0x2c /home/arthurdent/Programs/gcc-arm-none-eabi-6-2017-q1-update/bin/../lib/gcc/arm-none-eabi/6.3.1/thumb/v6-m/libgcc.a(unorddf2.o)
 .debug_frame   0x0000000000003304       0x2c /home/arthurdent/Programs/gcc-arm-none-eabi-6-2017-q1-update/bin/../lib/gcc/arm-none-eabi/6.3.1/thumb/v6-m/libgcc.a(fixdfsi.o)
 .debug_frame   0x0000000000003330       0x2c /home/arthurdent/Programs/gcc-arm-none-eabi-6-2017-q1-update/bin/../lib/gcc/arm-none-eabi/6.3.1/thumb/v6-m/libgcc.a(floatsidf.o)
 .debug_frame   0x000000000000335c       0x28 /home/arthurdent/Programs/gcc-arm-none-eabi-6-2017-q1-update/bin/../lib/gcc/arm-none-eabi/6.3.1/thumb/v6-m/libgcc.a(floatunsidf.o)

Cross Reference Table

Symbol                                            File
ADC1_COMP_IRQHandler                              build/startup_stm32f051x8.o
AHBPrescTable                                     build/system_stm32f0xx.o
                                                  build/stm32f0xx_hal_rcc.o
APBPrescTable                                     build/system_stm32f0xx.o
                                                  build/stm32f0xx_hal_rcc.o
CEC_CAN_IRQHandler                                build/startup_stm32f051x8.o
DMA1_Channel1_IRQHandler                          build/stm32f0xx_it.o
DMA1_Channel2_3_IRQHandler                        build/startup_stm32f051x8.o
DMA1_Channel4_5_IRQHandler                        build/startup_stm32f051x8.o
Default_Handler                                   build/startup_stm32f051x8.o
EXTI0_1_IRQHandler                                build/startup_stm32f051x8.o
EXTI2_3_IRQHandler                                build/startup_stm32f051x8.o
EXTI4_15_IRQHandler                               build/startup_stm32f051x8.o
FLASH_IRQHandler                                  build/startup_stm32f051x8.o
FLASH_PageErase                                   build/stm32f0xx_hal_flash_ex.o
                                                  build/stm32f0xx_hal_flash.o
FLASH_WaitForLastOperation                        build/stm32f0xx_hal_flash.o
                                                  build/stm32f0xx_hal_flash_ex.o
HAL_ADCEx_Calibration_Start                       build/stm32f0xx_hal_adc_ex.o
HAL_ADC_AnalogWDGConfig                           build/stm32f0xx_hal_adc.o